69.162.124.228 - - [23/Nov/2015:23:20:37 -0500] "HEAD / HTTP/1.1" 200 0 "-" "Mozilla/5.0+(compatible; UptimeRobot/2.0; http://www.uptimerobot.com/)"
69.162.124.228 - - [23/Nov/2015:23:23:36 -0500] "GET /bug-form HTTP/1.1" 200 1741 "-" "Mozilla/5.0+(compatible; UptimeRobot/2.0; http://www.uptimerobot.com/)"
69.162.124.228 - - [23/Nov/2015:23:25:37 -0500] "HEAD / HTTP/1.1" 200 0 "-" "Mozilla/5.0+(compatible; UptimeRobot/2.0; http://www.uptimerobot.com/)"
69.162.124.228 - - [23/Nov/2015:23:28:36 -0500] "GET /bug-form HTTP/1.1" 200 1741 "-" "Mozilla/5.0+(compatible; UptimeRobot/2.0; http://www.uptimerobot.com/)"
207.46.13.85 - - [23/Nov/2015:23:29:36 -0500] "GET / HTTP/1.1" 200 4786 "-" "Mozilla/5.0 (compatible; bingbot/2.0; +http://www.bing.com/bingbot.htm)"
69.162.124.228 - - [23/Nov/2015:23:30:37 -0500] "HEAD / HTTP/1.1" 200 0 "-" "Mozilla/5.0+(compatible; UptimeRobot/2.0; http://www.uptimerobot.com/)"
69.162.124.228 - - [23/Nov/2015:23:33:36 -0500] "GET /bug-form HTTP/1.1" 200 1741 "-" "Mozilla/5.0+(compatible; UptimeRobot/2.0; http://www.uptimerobot.com/)"
69.162.124.228 - - [23/Nov/2015:23:35:37 -0500] "HEAD / HTTP/1.1" 200 0 "-" "Mozilla/5.0+(compatible; UptimeRobot/2.0; http://www.uptimerobot.com/)"
180.76.15.134 - - [23/Nov/2015:23:36:34 -0500] "GET / HTTP/1.1" 200 24367 "-" "Mozilla/5.0 (compatible; Baiduspider/2.0; +http://www.baidu.com/search/spider.html)"
180.76.15.31 - - [23/Nov/2015:23:36:54 -0500] "GET / HTTP/1.1" 200 24367 "-" "Mozilla/5.0 (compatible; Baiduspider/2.0; +http://www.baidu.com/search/spider.html)"
69.162.124.228 - - [23/Nov/2015:23:38:36 -0500] "GET /bug-form HTTP/1.1" 200 1741 "-" "Mozilla/5.0+(compatible; UptimeRobot/2.0; http://www.uptimerobot.com/)"
69.162.124.228 - - [23/Nov/2015:23:40:37 -0500] "HEAD / HTTP/1.1" 200 0 "-" "Mozilla/5.0+(compatible; UptimeRobot/2.0; http://www.uptimerobot.com/)"
69.162.124.228 - - [23/Nov/2015:23:43:36 -0500] "GET /bug-form HTTP/1.1" 200 1741 "-" "Mozilla/5.0+(compatible; UptimeRobot/2.0; http://www.uptimerobot.com/)"
189.71.192.237 - - [23/Nov/2015:23:44:23 -0500] "GET /feeds.rss HTTP/1.1" 304 0 "-" "Mozilla/5.0 (Windows NT 6.1; WOW64) AppleWebKit/537.36 (KHTML, like Gecko) Chrome/46.0.2490.86 Safari/537.36"
69.162.124.228 - - [23/Nov/2015:23:45:37 -0500] "HEAD / HTTP/1.1" 200 0 "-" "Mozilla/5.0+(compatible; UptimeRobot/2.0; http://www.uptimerobot.com/)"
66.249.83.127 - - [23/Nov/2015:23:47:53 -0500] "GET /feeds.rss HTTP/1.1" 200 59164 "-" "Feedfetcher-Google; (+http://www.google.com/feedfetcher.html; feed-id=16756500131442207872)"
69.162.124.228 - - [23/Nov/2015:23:48:36 -0500] "GET /bug-form HTTP/1.1" 200 1741 "-" "Mozilla/5.0+(compatible; UptimeRobot/2.0; http://www.uptimerobot.com/)"
69.162.124.228 - - [23/Nov/2015:23:50:37 -0500] "HEAD / HTTP/1.1" 200 0 "-" "Mozilla/5.0+(compatible; UptimeRobot/2.0; http://www.uptimerobot.com/)"
184.169.230.240 - - [23/Nov/2015:23:53:01 -0500] "GET /feeds.atom HTTP/1.1" 304 0 "-" "Digg Feed Fetcher 1.0 (Mozilla/5.0 (Macintosh; Intel Mac OS X 10_7_1) AppleWebKit/534.48.3 (KHTML, like Gecko) Version/5.1 Safari/534.48.3)"
69.162.124.228 - - [23/Nov/2015:23:53:36 -0500] "GET /bug-form HTTP/1.1" 200 1741 "-" "Mozilla/5.0+(compatible; UptimeRobot/2.0; http://www.uptimerobot.com/)"
69.162.124.228 - - [23/Nov/2015:23:55:37 -0500] "HEAD / HTTP/1.1" 200 0 "-" "Mozilla/5.0+(compatible; UptimeRobot/2.0; http://www.uptimerobot.com/)"
69.162.124.228 - - [23/Nov/2015:23:58:36 -0500] "GET /bug-form HTTP/1.1" 200 1741 "-" "Mozilla/5.0+(compatible; UptimeRobot/2.0; http://www.uptimerobot.com/)"
207.46.13.85 - - [23/Nov/2015:23:58:38 -0500] "GET /releases HTTP/1.1" 200 6402 "-" "Mozilla/5.0 (compatible; bingbot/2.0; +http://www.bing.com/bingbot.htm)"
69.162.124.228 - - [24/Nov/2015:00:00:37 -0500] "HEAD / HTTP/1.1" 200 0 "-" "Mozilla/5.0+(compatible; UptimeRobot/2.0; http://www.uptimerobot.com/)"
69.162.124.228 - - [24/Nov/2015:00:03:36 -0500] "GET /bug-form HTTP/1.1" 200 1741 "-" "Mozilla/5.0+(compatible; UptimeRobot/2.0; http://www.uptimerobot.com/)"
69.162.124.228 - - [24/Nov/2015:00:05:37 -0500] "HEAD / HTTP/1.1" 200 0 "-" "Mozilla/5.0+(compatible; UptimeRobot/2.0; http://www.uptimerobot.com/)"
69.162.124.228 - - [24/Nov/2015:00:08:36 -0500] "GET /bug-form HTTP/1.1" 200 1741 "-" "Mozilla/5.0+(compatible; UptimeRobot/2.0; http://www.uptimerobot.com/)"
69.162.124.228 - - [24/Nov/2015:00:10:37 -0500] "HEAD / HTTP/1.1" 200 0 "-" "Mozilla/5.0+(compatible; UptimeRobot/2.0; http://www.uptimerobot.com/)"
208.115.113.93 - - [24/Nov/2015:00:10:52 -0500] "GET /tag/intel HTTP/1.1" 200 14350 "-" "Mozilla/5.0 (compatible; DotBot/1.1; http://www.opensiteexplorer.org/dotbot, help@moz.com)"
208.115.113.93 - - [24/Nov/2015:00:11:30 -0500] "GET /tag/grok-podcast HTTP/1.1" 200 14545 "-" "Mozilla/5.0 (compatible; DotBot/1.1; http://www.opensiteexplorer.org/dotbot, help@moz.com)"
69.162.124.228 - - [24/Nov/2015:00:13:36 -0500] "GET /bug-form HTTP/1.1" 200 1741 "-" "Mozilla/5.0+(compatible; UptimeRobot/2.0; http://www.uptimerobot.com/)"
69.162.124.228 - - [24/Nov/2015:00:15:37 -0500] "HEAD / HTTP/1.1" 200 0 "-" "Mozilla/5.0+(compatible; UptimeRobot/2.0; http://www.uptimerobot.com/)"
97.107.141.176 - - [24/Nov/2015:00:16:38 -0500] "GET /feeds/podcast.rss HTTP/1.1" 304 0 "-" "iTunes/12.0.1 (Macintosh; Intel Mac OS X 10.10.1) AppleWebKit/600.1.25"
69.162.124.228 - - [24/Nov/2015:00:18:36 -0500] "GET /bug-form HTTP/1.1" 200 1741 "-" "Mozilla/5.0+(compatible; UptimeRobot/2.0; http://www.uptimerobot.com/)"
69.162.124.228 - - [24/Nov/2015:00:20:37 -0500] "HEAD / HTTP/1.1" 200 0 "-" "Mozilla/5.0+(compatible; UptimeRobot/2.0; http://www.uptimerobot.com/)"
66.249.83.127 - - [24/Nov/2015:00:22:42 -0500] "GET /feeds.rss HTTP/1.1" 200 59164 "-" "Feedfetcher-Google; (+http://www.google.com/feedfetcher.html; feed-id=16756500131442207872)"
69.162.124.228 - - [24/Nov/2015:00:23:36 -0500] "GET /bug-form HTTP/1.1" 200 1741 "-" "Mozilla/5.0+(compatible; UptimeRobot/2.0; http://www.uptimerobot.com/)"
180.76.15.33 - - [24/Nov/2015:00:24:21 -0500] "GET / HTTP/1.1" 200 4786 "-" "Mozilla/5.0 (compatible; Baiduspider/2.0; +http://www.baidu.com/search/spider.html)"
69.162.124.228 - - [24/Nov/2015:00:25:37 -0500] "HEAD / HTTP/1.1" 200 0 "-" "Mozilla/5.0+(compatible; UptimeRobot/2.0; http://www.uptimerobot.com/)"
69.162.124.228 - - [24/Nov/2015:00:28:36 -0500] "GET /bug-form HTTP/1.1" 200 1741 "-" "Mozilla/5.0+(compatible; UptimeRobot/2.0; http://www.uptimerobot.com/)"
69.162.124.228 - - [24/Nov/2015:00:30:37 -0500] "HEAD / HTTP/1.1" 200 0 "-" "Mozilla/5.0+(compatible; UptimeRobot/2.0; http://www.uptimerobot.com/)"
69.162.124.228 - - [24/Nov/2015:00:33:36 -0500] "GET /bug-form HTTP/1.1" 200 1741 "-" "Mozilla/5.0+(compatible; UptimeRobot/2.0; http://www.uptimerobot.com/)"
69.162.124.228 - - [24/Nov/2015:00:35:37 -0500] "HEAD / HTTP/1.1" 200 0 "-" "Mozilla/5.0+(compatible; UptimeRobot/2.0; http://www.uptimerobot.com/)"
69.162.124.228 - - [24/Nov/2015:00:38:36 -0500] "GET /bug-form HTTP/1.1" 200 1741 "-" "Mozilla/5.0+(compatible; UptimeRobot/2.0; http://www.uptimerobot.com/)"
69.162.124.228 - - [24/Nov/2015:00:40:37 -0500] "HEAD / HTTP/1.1" 200 0 "-" "Mozilla/5.0+(compatible; UptimeRobot/2.0; http://www.uptimerobot.com/)"
69.162.124.228 - - [24/Nov/2015:00:43:36 -0500] "GET /bug-form HTTP/1.1" 200 1741 "-" "Mozilla/5.0+(compatible; UptimeRobot/2.0; http://www.uptimerobot.com/)"
69.162.124.228 - - [24/Nov/2015:00:45:37 -0500] "HEAD / HTTP/1.1" 200 0 "-" "Mozilla/5.0+(compatible; UptimeRobot/2.0; http://www.uptimerobot.com/)"
69.162.124.228 - - [24/Nov/2015:00:48:36 -0500] "GET /bug-form HTTP/1.1" 200 1741 "-" "Mozilla/5.0+(compatible; UptimeRobot/2.0; http://www.uptimerobot.com/)"
69.162.124.228 - - [24/Nov/2015:00:50:37 -0500] "HEAD / HTTP/1.1" 200 0 "-" "Mozilla/5.0+(compatible; UptimeRobot/2.0; http://www.uptimerobot.com/)"
208.115.113.93 - - [24/Nov/2015:00:51:51 -0500] "GET /robots.txt HTTP/1.1" 404 162 "-" "Mozilla/5.0 (compatible; DotBot/1.1; http://www.opensiteexplorer.org/dotbot, help@moz.com)"
69.162.124.228 - - [24/Nov/2015:00:53:36 -0500] "GET /bug-form HTTP/1.1" 200 1741 "-" "Mozilla/5.0+(compatible; UptimeRobot/2.0; http://www.uptimerobot.com/)"
69.162.124.228 - - [24/Nov/2015:00:55:37 -0500] "HEAD / HTTP/1.1" 200 0 "-" "Mozilla/5.0+(compatible; UptimeRobot/2.0; http://www.uptimerobot.com/)"
69.162.124.228 - - [24/Nov/2015:00:58:36 -0500] "GET /bug-form HTTP/1.1" 200 1740 "-" "Mozilla/5.0+(compatible; UptimeRobot/2.0; http://www.uptimerobot.com/)"
66.249.83.127 - - [24/Nov/2015:00:59:27 -0500] "GET /feeds.rss HTTP/1.1" 200 59164 "-" "Feedfetcher-Google; (+http://www.google.com/feedfetcher.html; feed-id=16756500131442207872)"
69.162.124.228 - - [24/Nov/2015:01:00:37 -0500] "HEAD / HTTP/1.1" 200 0 "-" "Mozilla/5.0+(compatible; UptimeRobot/2.0; http://www.uptimerobot.com/)"
69.162.124.228 - - [24/Nov/2015:01:03:36 -0500] "GET /bug-form HTTP/1.1" 200 1741 "-" "Mozilla/5.0+(compatible; UptimeRobot/2.0; http://www.uptimerobot.com/)"
69.162.124.228 - - [24/Nov/2015:01:05:37 -0500] "HEAD / HTTP/1.1" 200 0 "-" "Mozilla/5.0+(compatible; UptimeRobot/2.0; http://www.uptimerobot.com/)"
69.162.124.228 - - [24/Nov/2015:01:08:36 -0500] "GET /bug-form HTTP/1.1" 200 1741 "-" "Mozilla/5.0+(compatible; UptimeRobot/2.0; http://www.uptimerobot.com/)"
69.162.124.228 - - [24/Nov/2015:01:10:37 -0500] "HEAD / HTTP/1.1" 200 0 "-" "Mozilla/5.0+(compatible; UptimeRobot/2.0; http://www.uptimerobot.com/)"
62.210.101.170 - - [24/Nov/2015:01:10:38 -0500] "GET /v015-sistemas-embarcados-parte-1 HTTP/1.1" 200 7929 "-" "Go-http-client/1.1"
62.210.101.170 - - [24/Nov/2015:01:10:38 -0500] "GET /rss HTTP/1.1" 404 3314 "-" "Go-http-client/1.1"
62.210.101.170 - - [24/Nov/2015:01:10:38 -0500] "GET /.rss HTTP/1.1" 404 136 "-" "Go-http-client/1.1"
62.210.101.170 - - [24/Nov/2015:01:10:38 -0500] "GET / HTTP/1.1" 200 4786 "-" "Go-http-client/1.1"
62.210.101.170 - - [24/Nov/2015:01:10:38 -0500] "GET /atom HTTP/1.1" 404 3314 "-" "Go-http-client/1.1"
62.210.101.170 - - [24/Nov/2015:01:10:38 -0500] "GET /feed HTTP/1.1" 404 3314 "-" "Go-http-client/1.1"
62.210.101.170 - - [24/Nov/2015:01:10:39 -0500] "GET /rss HTTP/1.1" 404 3314 "-" "Go-http-client/1.1"
62.210.101.170 - - [24/Nov/2015:01:10:39 -0500] "GET /feed HTTP/1.1" 404 3314 "-" "Go-http-client/1.1"
62.210.101.170 - - [24/Nov/2015:01:10:39 -0500] "GET /atom HTTP/1.1" 404 3314 "-" "Go-http-client/1.1"
69.162.124.228 - - [24/Nov/2015:01:13:36 -0500] "GET /bug-form HTTP/1.1" 200 1741 "-" "Mozilla/5.0+(compatible; UptimeRobot/2.0; http://www.uptimerobot.com/)"
69.162.124.228 - - [24/Nov/2015:01:15:38 -0500] "HEAD / HTTP/1.1" 200 0 "-" "Mozilla/5.0+(compatible; UptimeRobot/2.0; http://www.uptimerobot.com/)"
69.162.124.228 - - [24/Nov/2015:01:18:36 -0500] "GET /bug-form HTTP/1.1" 200 1741 "-" "Mozilla/5.0+(compatible; UptimeRobot/2.0; http://www.uptimerobot.com/)"
69.162.124.228 - - [24/Nov/2015:01:20:38 -0500] "HEAD / HTTP/1.1" 200 0 "-" "Mozilla/5.0+(compatible; UptimeRobot/2.0; http://www.uptimerobot.com/)"
69.162.124.228 - - [24/Nov/2015:01:23:36 -0500] "GET /bug-form HTTP/1.1" 200 1741 "-" "Mozilla/5.0+(compatible; UptimeRobot/2.0; http://www.uptimerobot.com/)"
69.162.124.228 - - [24/Nov/2015:01:25:38 -0500] "HEAD / HTTP/1.1" 200 0 "-" "Mozilla/5.0+(compatible; UptimeRobot/2.0; http://www.uptimerobot.com/)"
69.162.124.228 - - [24/Nov/2015:01:28:36 -0500] "GET /bug-form HTTP/1.1" 200 1741 "-" "Mozilla/5.0+(compatible; UptimeRobot/2.0; http://www.uptimerobot.com/)"
104.144.17.98 - - [24/Nov/2015:01:29:01 -0500] "GET /v014-projeto-mod HTTP/1.0" 200 36528 "http://hackncast.org/" "Mozilla/5.0 (Windows NT 6.3; WOW64; rv:34.0) Gecko/20100101 Firefox/34.0"
69.162.124.228 - - [24/Nov/2015:01:30:38 -0500] "HEAD / HTTP/1.1" 200 0 "-" "Mozilla/5.0+(compatible; UptimeRobot/2.0; http://www.uptimerobot.com/)"
69.162.124.228 - - [24/Nov/2015:01:33:36 -0500] "GET /bug-form HTTP/1.1" 200 1740 "-" "Mozilla/5.0+(compatible; UptimeRobot/2.0; http://www.uptimerobot.com/)"
69.162.124.228 - - [24/Nov/2015:01:35:38 -0500] "HEAD / HTTP/1.1" 200 0 "-" "Mozilla/5.0+(compatible; UptimeRobot/2.0; http://www.uptimerobot.com/)"
62.210.101.170 - - [24/Nov/2015:01:35:56 -0500] "GET /.rss HTTP/1.1" 404 136 "-" "Go-http-client/1.1"
62.210.101.170 - - [24/Nov/2015:01:35:56 -0500] "GET /feed HTTP/1.1" 404 3314 "-" "Go-http-client/1.1"
62.210.101.170 - - [24/Nov/2015:01:35:56 -0500] "GET /v015-sistemas-embarcados-parte-1 HTTP/1.1" 200 7929 "-" "Go-http-client/1.1"
62.210.101.170 - - [24/Nov/2015:01:35:56 -0500] "GET /atom HTTP/1.1" 404 3314 "-" "Go-http-client/1.1"
62.210.101.170 - - [24/Nov/2015:01:35:56 -0500] "GET /rss HTTP/1.1" 404 3314 "-" "Go-http-client/1.1"
62.210.101.170 - - [24/Nov/2015:01:35:56 -0500] "GET / HTTP/1.1" 200 4786 "-" "Go-http-client/1.1"
62.210.101.170 - - [24/Nov/2015:01:35:56 -0500] "GET /atom HTTP/1.1" 404 3314 "-" "Go-http-client/1.1"
62.210.101.170 - - [24/Nov/2015:01:35:56 -0500] "GET /feed HTTP/1.1" 404 3314 "-" "Go-http-client/1.1"
62.210.101.170 - - [24/Nov/2015:01:35:56 -0500] "GET /rss HTTP/1.1" 404 3314 "-" "Go-http-client/1.1"
62.210.101.170 - - [24/Nov/2015:01:37:16 -0500] "GET /v015-sistemas-embarcados-parte-1 HTTP/1.1" 200 7929 "-" "Go-http-client/1.1"
62.210.101.170 - - [24/Nov/2015:01:37:16 -0500] "GET /.rss HTTP/1.1" 404 136 "-" "Go-http-client/1.1"
62.210.101.170 - - [24/Nov/2015:01:37:16 -0500] "GET / HTTP/1.1" 200 4786 "-" "Go-http-client/1.1"
62.210.101.170 - - [24/Nov/2015:01:37:16 -0500] "GET /rss HTTP/1.1" 404 3314 "-" "Go-http-client/1.1"
62.210.101.170 - - [24/Nov/2015:01:37:16 -0500] "GET /feed HTTP/1.1" 404 3314 "-" "Go-http-client/1.1"
62.210.101.170 - - [24/Nov/2015:01:37:17 -0500] "GET /atom HTTP/1.1" 404 3314 "-" "Go-http-client/1.1"
62.210.101.170 - - [24/Nov/2015:01:37:17 -0500] "GET /rss HTTP/1.1" 404 3314 "-" "Go-http-client/1.1"
62.210.101.170 - - [24/Nov/2015:01:37:17 -0500] "GET /feed HTTP/1.1" 404 3314 "-" "Go-http-client/1.1"
62.210.101.170 - - [24/Nov/2015:01:37:18 -0500] "GET /atom HTTP/1.1" 404 3314 "-" "Go-http-client/1.1"
66.249.83.65 - - [24/Nov/2015:01:37:41 -0500] "GET /feeds.rss HTTP/1.1" 200 59164 "-" "Feedfetcher-Google; (+http://www.google.com/feedfetcher.html; feed-id=16756500131442207872)"
69.162.124.228 - - [24/Nov/2015:01:38:36 -0500] "GET /bug-form HTTP/1.1" 200 1741 "-" "Mozilla/5.0+(compatible; UptimeRobot/2.0; http://www.uptimerobot.com/)"
69.162.124.228 - - [24/Nov/2015:01:40:38 -0500] "HEAD / HTTP/1.1" 200 0 "-" "Mozilla/5.0+(compatible; UptimeRobot/2.0; http://www.uptimerobot.com/)"
69.162.124.228 - - [24/Nov/2015:01:43:36 -0500] "GET /bug-form HTTP/1.1" 200 1741 "-" "Mozilla/5.0+(compatible; UptimeRobot/2.0; http://www.uptimerobot.com/)"
69.162.124.228 - - [24/Nov/2015:01:45:38 -0500] "HEAD / HTTP/1.1" 200 0 "-" "Mozilla/5.0+(compatible; UptimeRobot/2.0; http://www.uptimerobot.com/)"
69.162.124.228 - - [24/Nov/2015:01:48:36 -0500] "GET /bug-form HTTP/1.1" 200 1741 "-" "Mozilla/5.0+(compatible; UptimeRobot/2.0; http://www.uptimerobot.com/)"
69.162.124.228 - - [24/Nov/2015:01:50:38 -0500] "HEAD / HTTP/1.1" 200 0 "-" "Mozilla/5.0+(compatible; UptimeRobot/2.0; http://www.uptimerobot.com/)"
69.162.124.228 - - [24/Nov/2015:01:53:36 -0500] "GET /bug-form HTTP/1.1" 200 1741 "-" "Mozilla/5.0+(compatible; UptimeRobot/2.0; http://www.uptimerobot.com/)"
69.162.124.228 - - [24/Nov/2015:01:55:38 -0500] "HEAD / HTTP/1.1" 200 0 "-" "Mozilla/5.0+(compatible; UptimeRobot/2.0; http://www.uptimerobot.com/)"
69.162.124.228 - - [24/Nov/2015:01:58:36 -0500] "GET /bug-form HTTP/1.1" 200 1741 "-" "Mozilla/5.0+(compatible; UptimeRobot/2.0; http://www.uptimerobot.com/)"
69.162.124.228 - - [24/Nov/2015:02:00:38 -0500] "HEAD / HTTP/1.1" 200 0 "-" "Mozilla/5.0+(compatible; UptimeRobot/2.0; http://www.uptimerobot.com/)"
69.162.124.228 - - [24/Nov/2015:02:03:36 -0500] "GET /bug-form HTTP/1.1" 200 1741 "-" "Mozilla/5.0+(compatible; UptimeRobot/2.0; http://www.uptimerobot.com/)"
69.162.124.228 - - [24/Nov/2015:02:05:38 -0500] "HEAD / HTTP/1.1" 200 0 "-" "Mozilla/5.0+(compatible; UptimeRobot/2.0; http://www.uptimerobot.com/)"
208.115.113.93 - - [24/Nov/2015:02:07:46 -0500] "GET /trilha/softwares HTTP/1.1" 200 16820 "-" "Mozilla/5.0 (compatible; DotBot/1.1; http://www.opensiteexplorer.org/dotbot, help@moz.com)"
69.162.124.228 - - [24/Nov/2015:02:08:36 -0500] "GET /bug-form HTTP/1.1" 200 1741 "-" "Mozilla/5.0+(compatible; UptimeRobot/2.0; http://www.uptimerobot.com/)"
69.162.124.228 - - [24/Nov/2015:02:10:38 -0500] "HEAD / HTTP/1.1" 200 0 "-" "Mozilla/5.0+(compatible; UptimeRobot/2.0; http://www.uptimerobot.com/)"
69.162.124.228 - - [24/Nov/2015:02:13:36 -0500] "GET /bug-form HTTP/1.1" 200 1741 "-" "Mozilla/5.0+(compatible; UptimeRobot/2.0; http://www.uptimerobot.com/)"
66.249.83.65 - - [24/Nov/2015:02:14:59 -0500] "GET /feeds.rss HTTP/1.1" 200 59164 "-" "Feedfetcher-Google; (+http://www.google.com/feedfetcher.html; feed-id=16756500131442207872)"
69.162.124.228 - - [24/Nov/2015:02:15:38 -0500] "HEAD / HTTP/1.1" 200 0 "-" "Mozilla/5.0+(compatible; UptimeRobot/2.0; http://www.uptimerobot.com/)"
69.162.124.228 - - [24/Nov/2015:02:18:36 -0500] "GET /bug-form HTTP/1.1" 200 1741 "-" "Mozilla/5.0+(compatible; UptimeRobot/2.0; http://www.uptimerobot.com/)"
69.162.124.228 - - [24/Nov/2015:02:20:38 -0500] "HEAD / HTTP/1.1" 200 0 "-" "Mozilla/5.0+(compatible; UptimeRobot/2.0; http://www.uptimerobot.com/)"
69.162.124.228 - - [24/Nov/2015:02:23:36 -0500] "GET /bug-form HTTP/1.1" 200 1741 "-" "Mozilla/5.0+(compatible; UptimeRobot/2.0; http://www.uptimerobot.com/)"
69.162.124.228 - - [24/Nov/2015:02:25:38 -0500] "HEAD / HTTP/1.1" 200 0 "-" "Mozilla/5.0+(compatible; UptimeRobot/2.0; http://www.uptimerobot.com/)"
62.210.101.170 - - [24/Nov/2015:02:26:44 -0500] "GET /.rss HTTP/1.1" 404 136 "-" "Go-http-client/1.1"
62.210.101.170 - - [24/Nov/2015:02:26:44 -0500] "GET /atom HTTP/1.1" 404 3314 "-" "Go-http-client/1.1"
62.210.101.170 - - [24/Nov/2015:02:26:44 -0500] "GET /feed HTTP/1.1" 404 3314 "-" "Go-http-client/1.1"
62.210.101.170 - - [24/Nov/2015:02:26:44 -0500] "GET / HTTP/1.1" 200 4786 "-" "Go-http-client/1.1"
62.210.101.170 - - [24/Nov/2015:02:26:44 -0500] "GET /rss HTTP/1.1" 404 3314 "-" "Go-http-client/1.1"
62.210.101.170 - - [24/Nov/2015:02:26:45 -0500] "GET /atom HTTP/1.1" 404 3314 "-" "Go-http-client/1.1"
62.210.101.170 - - [24/Nov/2015:02:26:45 -0500] "GET /v015-sistemas-embarcados-parte-1 HTTP/1.1" 200 7929 "-" "Go-http-client/1.1"
62.210.101.170 - - [24/Nov/2015:02:26:45 -0500] "GET /rss HTTP/1.1" 404 3314 "-" "Go-http-client/1.1"
62.210.101.170 - - [24/Nov/2015:02:26:45 -0500] "GET /feed HTTP/1.1" 404 3314 "-" "Go-http-client/1.1"
69.162.124.228 - - [24/Nov/2015:02:28:36 -0500] "GET /bug-form HTTP/1.1" 200 1741 "-" "Mozilla/5.0+(compatible; UptimeRobot/2.0; http://www.uptimerobot.com/)"
69.162.124.228 - - [24/Nov/2015:02:30:38 -0500] "HEAD / HTTP/1.1" 200 0 "-" "Mozilla/5.0+(compatible; UptimeRobot/2.0; http://www.uptimerobot.com/)"
69.162.124.228 - - [24/Nov/2015:02:33:36 -0500] "GET /bug-form HTTP/1.1" 200 1741 "-" "Mozilla/5.0+(compatible; UptimeRobot/2.0; http://www.uptimerobot.com/)"
69.162.124.228 - - [24/Nov/2015:02:35:38 -0500] "HEAD / HTTP/1.1" 200 0 "-" "Mozilla/5.0+(compatible; UptimeRobot/2.0; http://www.uptimerobot.com/)"
69.162.124.228 - - [24/Nov/2015:02:38:36 -0500] "GET /bug-form HTTP/1.1" 200 1741 "-" "Mozilla/5.0+(compatible; UptimeRobot/2.0; http://www.uptimerobot.com/)"
69.162.124.228 - - [24/Nov/2015:02:40:38 -0500] "HEAD / HTTP/1.1" 200 0 "-" "Mozilla/5.0+(compatible; UptimeRobot/2.0; http://www.uptimerobot.com/)"
69.162.124.228 - - [24/Nov/2015:02:43:36 -0500] "GET /bug-form HTTP/1.1" 200 1741 "-" "Mozilla/5.0+(compatible; UptimeRobot/2.0; http://www.uptimerobot.com/)"
69.162.124.228 - - [24/Nov/2015:02:45:38 -0500] "HEAD / HTTP/1.1" 200 0 "-" "Mozilla/5.0+(compatible; UptimeRobot/2.0; http://www.uptimerobot.com/)"
66.249.83.127 - - [24/Nov/2015:02:47:54 -0500] "GET /feeds.rss HTTP/1.1" 200 59164 "-" "Feedfetcher-Google; (+http://www.google.com/feedfetcher.html; feed-id=16756500131442207872)"
69.162.124.228 - - [24/Nov/2015:02:48:36 -0500] "GET /bug-form HTTP/1.1" 200 1741 "-" "Mozilla/5.0+(compatible; UptimeRobot/2.0; http://www.uptimerobot.com/)"
69.162.124.228 - - [24/Nov/2015:02:50:38 -0500] "HEAD / HTTP/1.1" 200 0 "-" "Mozilla/5.0+(compatible; UptimeRobot/2.0; http://www.uptimerobot.com/)"
69.162.124.228 - - [24/Nov/2015:02:53:36 -0500] "GET /bug-form HTTP/1.1" 200 1741 "-" "Mozilla/5.0+(compatible; UptimeRobot/2.0; http://www.uptimerobot.com/)"
69.162.124.228 - - [24/Nov/2015:02:55:38 -0500] "HEAD / HTTP/1.1" 200 0 "-" "Mozilla/5.0+(compatible; UptimeRobot/2.0; http://www.uptimerobot.com/)"
69.162.124.228 - - [24/Nov/2015:02:58:36 -0500] "GET /bug-form HTTP/1.1" 200 1741 "-" "Mozilla/5.0+(compatible; UptimeRobot/2.0; http://www.uptimerobot.com/)"
208.115.113.93 - - [24/Nov/2015:02:59:22 -0500] "GET /robots.txt HTTP/1.1" 404 162 "-" "Mozilla/5.0 (compatible; DotBot/1.1; http://www.opensiteexplorer.org/dotbot, help@moz.com)"
69.162.124.228 - - [24/Nov/2015:03:00:38 -0500] "HEAD / HTTP/1.1" 200 0 "-" "Mozilla/5.0+(compatible; UptimeRobot/2.0; http://www.uptimerobot.com/)"
66.249.75.198 - - [24/Nov/2015:03:02:45 -0500] "GET /robots.txt HTTP/1.1" 404 136 "-" "Mozilla/5.0 (compatible; Googlebot/2.1; +http://www.google.com/bot.html)"
66.249.75.198 - - [24/Nov/2015:03:02:45 -0500] "GET /v04-introducao-a-programacao HTTP/1.1" 200 11151 "-" "Mozilla/5.0 (compatible; Googlebot/2.1; +http://www.google.com/bot.html)"
69.162.124.228 - - [24/Nov/2015:03:03:37 -0500] "GET /bug-form HTTP/1.1" 200 1741 "-" "Mozilla/5.0+(compatible; UptimeRobot/2.0; http://www.uptimerobot.com/)"
69.162.124.228 - - [24/Nov/2015:03:05:38 -0500] "HEAD / HTTP/1.1" 200 0 "-" "Mozilla/5.0+(compatible; UptimeRobot/2.0; http://www.uptimerobot.com/)"
66.249.75.187 - - [24/Nov/2015:03:07:44 -0500] "GET /images/v0.x/keep-calm-and-program-on.png HTTP/1.1" 200 28829 "-" "Googlebot-Image/1.0"
69.162.124.228 - - [24/Nov/2015:03:08:36 -0500] "GET /bug-form HTTP/1.1" 200 1741 "-" "Mozilla/5.0+(compatible; UptimeRobot/2.0; http://www.uptimerobot.com/)"
69.162.124.228 - - [24/Nov/2015:03:10:38 -0500] "HEAD / HTTP/1.1" 200 0 "-" "Mozilla/5.0+(compatible; UptimeRobot/2.0; http://www.uptimerobot.com/)"
69.162.124.228 - - [24/Nov/2015:03:13:36 -0500] "GET /bug-form HTTP/1.1" 200 1741 "-" "Mozilla/5.0+(compatible; UptimeRobot/2.0; http://www.uptimerobot.com/)"
69.162.124.228 - - [24/Nov/2015:03:15:38 -0500] "HEAD / HTTP/1.1" 200 0 "-" "Mozilla/5.0+(compatible; UptimeRobot/2.0; http://www.uptimerobot.com/)"
69.162.124.228 - - [24/Nov/2015:03:18:37 -0500] "GET /bug-form HTTP/1.1" 200 1741 "-" "Mozilla/5.0+(compatible; UptimeRobot/2.0; http://www.uptimerobot.com/)"
66.249.83.65 - - [24/Nov/2015:03:19:35 -0500] "GET /feeds.rss HTTP/1.1" 200 59164 "-" "Feedfetcher-Google; (+http://www.google.com/feedfetcher.html; feed-id=16756500131442207872)"
69.162.124.228 - - [24/Nov/2015:03:20:38 -0500] "HEAD / HTTP/1.1" 200 0 "-" "Mozilla/5.0+(compatible; UptimeRobot/2.0; http://www.uptimerobot.com/)"
65.19.138.33 - - [24/Nov/2015:03:21:11 -0500] "GET /feeds.atom HTTP/1.1" 200 59048 "-" "Feedly/1.0 (+http://www.feedly.com/fetcher.html; like FeedFetcher-Google)"
208.115.111.74 - - [24/Nov/2015:03:22:15 -0500] "GET /robots.txt HTTP/1.1" 404 162 "-" "Mozilla/5.0 (compatible; DotBot/1.1; http://www.opensiteexplorer.org/dotbot, help@moz.com)"
69.162.124.228 - - [24/Nov/2015:03:23:36 -0500] "GET /bug-form HTTP/1.1" 200 1741 "-" "Mozilla/5.0+(compatible; UptimeRobot/2.0; http://www.uptimerobot.com/)"
69.162.124.228 - - [24/Nov/2015:03:25:38 -0500] "HEAD / HTTP/1.1" 200 0 "-" "Mozilla/5.0+(compatible; UptimeRobot/2.0; http://www.uptimerobot.com/)"
189.54.228.239 - - [24/Nov/2015:03:26:03 -0500] "GET / HTTP/1.1" 200 4786 "https://www.google.com.br" "Mozilla/5.0 (X11; Linux x86_64; rv:44.0) Gecko/20100101 Firefox/44.0"
189.54.228.239 - - [24/Nov/2015:03:26:04 -0500] "GET /theme/css/style.css HTTP/1.1" 200 2348 "http://hackncast.org/" "Mozilla/5.0 (X11; Linux x86_64; rv:44.0) Gecko/20100101 Firefox/44.0"
189.54.228.239 - - [24/Nov/2015:03:26:04 -0500] "GET /theme/css/pygments/native.css HTTP/1.1" 200 933 "http://hackncast.org/" "Mozilla/5.0 (X11; Linux x86_64; rv:44.0) Gecko/20100101 Firefox/44.0"
189.54.228.239 - - [24/Nov/2015:03:26:04 -0500] "GET /theme/js/freelancer.js HTTP/1.1" 200 464 "http://hackncast.org/" "Mozilla/5.0 (X11; Linux x86_64; rv:44.0) Gecko/20100101 Firefox/44.0"
189.54.228.239 - - [24/Nov/2015:03:26:04 -0500] "GET /theme/img/favicon.ico HTTP/1.1" 200 3885 "-" "Mozilla/5.0 (X11; Linux x86_64; rv:44.0) Gecko/20100101 Firefox/44.0"
189.54.228.239 - - [24/Nov/2015:03:26:04 -0500] "GET /theme/js/cbpAnimatedHeader.js HTTP/1.1" 200 477 "http://hackncast.org/" "Mozilla/5.0 (X11; Linux x86_64; rv:44.0) Gecko/20100101 Firefox/44.0"
189.54.228.239 - - [24/Nov/2015:03:26:04 -0500] "GET /theme/js/classie.js HTTP/1.1" 200 691 "http://hackncast.org/" "Mozilla/5.0 (X11; Linux x86_64; rv:44.0) Gecko/20100101 Firefox/44.0"
189.54.228.239 - - [24/Nov/2015:03:26:04 -0500] "GET /theme/img/hnc-logo.png HTTP/1.1" 200 4106 "http://hackncast.org/" "Mozilla/5.0 (X11; Linux x86_64; rv:44.0) Gecko/20100101 Firefox/44.0"
189.54.228.239 - - [24/Nov/2015:03:26:04 -0500] "GET /theme/img/logo.png HTTP/1.1" 200 5219 "http://hackncast.org/" "Mozilla/5.0 (X11; Linux x86_64; rv:44.0) Gecko/20100101 Firefox/44.0"
189.54.228.239 - - [24/Nov/2015:03:26:04 -0500] "GET /theme/img/avatar.png HTTP/1.1" 200 11923 "http://hackncast.org/" "Mozilla/5.0 (X11; Linux x86_64; rv:44.0) Gecko/20100101 Firefox/44.0"
189.54.228.239 - - [24/Nov/2015:03:26:04 -0500] "GET /theme/img/mais-episodios.png HTTP/1.1" 200 10612 "http://hackncast.org/" "Mozilla/5.0 (X11; Linux x86_64; rv:44.0) Gecko/20100101 Firefox/44.0"
189.54.228.239 - - [24/Nov/2015:03:26:04 -0500] "GET /images/v0.x/covers/v0.14-cover-sqr.jpg HTTP/1.1" 200 91397 "http://hackncast.org/" "Mozilla/5.0 (X11; Linux x86_64; rv:44.0) Gecko/20100101 Firefox/44.0"
189.54.228.239 - - [24/Nov/2015:03:26:04 -0500] "GET /images/v0.x/covers/v0.15-cover-sqr.jpg HTTP/1.1" 200 102352 "http://hackncast.org/" "Mozilla/5.0 (X11; Linux x86_64; rv:44.0) Gecko/20100101 Firefox/44.0"
189.54.228.239 - - [24/Nov/2015:03:26:04 -0500] "GET /images/v0.x/covers/v0.13-cover-sqr.jpg HTTP/1.1" 200 113143 "http://hackncast.org/" "Mozilla/5.0 (X11; Linux x86_64; rv:44.0) Gecko/20100101 Firefox/44.0"
189.54.228.239 - - [24/Nov/2015:03:26:05 -0500] "GET /images/v0.x/covers/v0.12-cover-sqr.jpg HTTP/1.1" 200 133642 "http://hackncast.org/" "Mozilla/5.0 (X11; Linux x86_64; rv:44.0) Gecko/20100101 Firefox/44.0"
189.54.228.239 - - [24/Nov/2015:03:26:05 -0500] "GET /images/v0.x/covers/v0.16-cover-sqr.jpg HTTP/1.1" 200 394921 "http://hackncast.org/" "Mozilla/5.0 (X11; Linux x86_64; rv:44.0) Gecko/20100101 Firefox/44.0"
69.162.124.228 - - [24/Nov/2015:03:28:36 -0500] "GET /bug-form HTTP/1.1" 200 1741 "-" "Mozilla/5.0+(compatible; UptimeRobot/2.0; http://www.uptimerobot.com/)"
69.162.124.228 - - [24/Nov/2015:03:30:38 -0500] "HEAD / HTTP/1.1" 200 0 "-" "Mozilla/5.0+(compatible; UptimeRobot/2.0; http://www.uptimerobot.com/)"
69.162.124.228 - - [24/Nov/2015:03:33:37 -0500] "GET /bug-form HTTP/1.1" 200 1741 "-" "Mozilla/5.0+(compatible; UptimeRobot/2.0; http://www.uptimerobot.com/)"
69.162.124.228 - - [24/Nov/2015:03:35:38 -0500] "HEAD / HTTP/1.1" 200 0 "-" "Mozilla/5.0+(compatible; UptimeRobot/2.0; http://www.uptimerobot.com/)"
69.162.124.228 - - [24/Nov/2015:03:38:37 -0500] "GET /bug-form HTTP/1.1" 200 1741 "-" "Mozilla/5.0+(compatible; UptimeRobot/2.0; http://www.uptimerobot.com/)"
69.162.124.228 - - [24/Nov/2015:03:40:38 -0500] "HEAD / HTTP/1.1" 200 0 "-" "Mozilla/5.0+(compatible; UptimeRobot/2.0; http://www.uptimerobot.com/)"
97.107.141.176 - - [24/Nov/2015:03:43:10 -0500] "GET /feeds/podcast.rss HTTP/1.1" 304 0 "-" "iTunes/12.0.1 (Macintosh; Intel Mac OS X 10.10.1) AppleWebKit/600.1.25"
69.162.124.228 - - [24/Nov/2015:03:43:37 -0500] "GET /bug-form HTTP/1.1" 200 1741 "-" "Mozilla/5.0+(compatible; UptimeRobot/2.0; http://www.uptimerobot.com/)"
69.162.124.228 - - [24/Nov/2015:03:45:38 -0500] "HEAD / HTTP/1.1" 200 0 "-" "Mozilla/5.0+(compatible; UptimeRobot/2.0; http://www.uptimerobot.com/)"
69.162.124.228 - - [24/Nov/2015:03:48:37 -0500] "GET /bug-form HTTP/1.1" 200 1741 "-" "Mozilla/5.0+(compatible; UptimeRobot/2.0; http://www.uptimerobot.com/)"
69.162.124.228 - - [24/Nov/2015:03:50:38 -0500] "HEAD / HTTP/1.1" 200 0 "-" "Mozilla/5.0+(compatible; UptimeRobot/2.0; http://www.uptimerobot.com/)"
66.249.83.127 - - [24/Nov/2015:03:52:39 -0500] "GET /feeds.rss HTTP/1.1" 200 59164 "-" "Feedfetcher-Google; (+http://www.google.com/feedfetcher.html; feed-id=16756500131442207872)"
69.162.124.228 - - [24/Nov/2015:03:53:37 -0500] "GET /bug-form HTTP/1.1" 200 1741 "-" "Mozilla/5.0+(compatible; UptimeRobot/2.0; http://www.uptimerobot.com/)"
69.162.124.228 - - [24/Nov/2015:03:55:38 -0500] "HEAD / HTTP/1.1" 200 0 "-" "Mozilla/5.0+(compatible; UptimeRobot/2.0; http://www.uptimerobot.com/)"
69.162.124.228 - - [24/Nov/2015:03:58:37 -0500] "GET /bug-form HTTP/1.1" 200 1741 "-" "Mozilla/5.0+(compatible; UptimeRobot/2.0; http://www.uptimerobot.com/)"
69.162.124.228 - - [24/Nov/2015:04:00:38 -0500] "HEAD / HTTP/1.1" 200 0 "-" "Mozilla/5.0+(compatible; UptimeRobot/2.0; http://www.uptimerobot.com/)"
69.162.124.228 - - [24/Nov/2015:04:03:37 -0500] "GET /bug-form HTTP/1.1" 200 1740 "-" "Mozilla/5.0+(compatible; UptimeRobot/2.0; http://www.uptimerobot.com/)"
69.162.124.228 - - [24/Nov/2015:04:05:38 -0500] "HEAD / HTTP/1.1" 200 0 "-" "Mozilla/5.0+(compatible; UptimeRobot/2.0; http://www.uptimerobot.com/)"
69.162.124.228 - - [24/Nov/2015:04:08:37 -0500] "GET /bug-form HTTP/1.1" 200 1741 "-" "Mozilla/5.0+(compatible; UptimeRobot/2.0; http://www.uptimerobot.com/)"
69.162.124.228 - - [24/Nov/2015:04:10:38 -0500] "HEAD / HTTP/1.1" 200 0 "-" "Mozilla/5.0+(compatible; UptimeRobot/2.0; http://www.uptimerobot.com/)"
69.162.124.228 - - [24/Nov/2015:04:13:37 -0500] "GET /bug-form HTTP/1.1" 200 1741 "-" "Mozilla/5.0+(compatible; UptimeRobot/2.0; http://www.uptimerobot.com/)"
65.19.138.34 - - [24/Nov/2015:04:14:41 -0500] "GET /feeds.atom HTTP/1.1" 200 59048 "-" "Feedly/1.0 (+http://www.feedly.com/fetcher.html; like FeedFetcher-Google)"
208.115.113.93 - - [24/Nov/2015:04:15:01 -0500] "GET /tag/galileo HTTP/1.1" 200 14352 "-" "Mozilla/5.0 (compatible; DotBot/1.1; http://www.opensiteexplorer.org/dotbot, help@moz.com)"
69.162.124.228 - - [24/Nov/2015:04:15:38 -0500] "HEAD / HTTP/1.1" 200 0 "-" "Mozilla/5.0+(compatible; UptimeRobot/2.0; http://www.uptimerobot.com/)"
69.162.124.228 - - [24/Nov/2015:04:18:37 -0500] "GET /bug-form HTTP/1.1" 200 1741 "-" "Mozilla/5.0+(compatible; UptimeRobot/2.0; http://www.uptimerobot.com/)"
69.162.124.228 - - [24/Nov/2015:04:20:38 -0500] "HEAD / HTTP/1.1" 200 0 "-" "Mozilla/5.0+(compatible; UptimeRobot/2.0; http://www.uptimerobot.com/)"
66.249.83.127 - - [24/Nov/2015:04:22:41 -0500] "GET /feeds.rss HTTP/1.1" 200 59164 "-" "Feedfetcher-Google; (+http://www.google.com/feedfetcher.html; feed-id=16756500131442207872)"
69.162.124.228 - - [24/Nov/2015:04:23:37 -0500] "GET /bug-form HTTP/1.1" 200 1741 "-" "Mozilla/5.0+(compatible; UptimeRobot/2.0; http://www.uptimerobot.com/)"
69.162.124.228 - - [24/Nov/2015:04:25:38 -0500] "HEAD / HTTP/1.1" 200 0 "-" "Mozilla/5.0+(compatible; UptimeRobot/2.0; http://www.uptimerobot.com/)"
177.142.40.162 - - [24/Nov/2015:04:25:45 -0500] "GET /tag/orientacao-a-objetos HTTP/1.1" 200 4330 "https://www.google.com.br" "Mozilla/5.0 (Macintosh; Intel Mac OS X 10.11; rv:42.0) Gecko/20100101 Firefox/42.0"
177.142.40.162 - - [24/Nov/2015:04:25:45 -0500] "GET /theme/css/style.css HTTP/1.1" 200 2348 "http://hackncast.org/tag/orientacao-a-objetos" "Mozilla/5.0 (Macintosh; Intel Mac OS X 10.11; rv:42.0) Gecko/20100101 Firefox/42.0"
177.142.40.162 - - [24/Nov/2015:04:25:45 -0500] "GET /theme/css/pygments/native.css HTTP/1.1" 200 933 "http://hackncast.org/tag/orientacao-a-objetos" "Mozilla/5.0 (Macintosh; Intel Mac OS X 10.11; rv:42.0) Gecko/20100101 Firefox/42.0"
177.142.40.162 - - [24/Nov/2015:04:25:45 -0500] "GET /theme/js/classie.js HTTP/1.1" 200 691 "http://hackncast.org/tag/orientacao-a-objetos" "Mozilla/5.0 (Macintosh; Intel Mac OS X 10.11; rv:42.0) Gecko/20100101 Firefox/42.0"
177.142.40.162 - - [24/Nov/2015:04:25:45 -0500] "GET /theme/css/index.css HTTP/1.1" 200 865 "http://hackncast.org/tag/orientacao-a-objetos" "Mozilla/5.0 (Macintosh; Intel Mac OS X 10.11; rv:42.0) Gecko/20100101 Firefox/42.0"
177.142.40.162 - - [24/Nov/2015:04:25:45 -0500] "GET /theme/js/freelancer.js HTTP/1.1" 200 464 "http://hackncast.org/tag/orientacao-a-objetos" "Mozilla/5.0 (Macintosh; Intel Mac OS X 10.11; rv:42.0) Gecko/20100101 Firefox/42.0"
177.142.40.162 - - [24/Nov/2015:04:25:45 -0500] "GET /theme/img/favicon.ico HTTP/1.1" 200 3885 "-" "Mozilla/5.0 (Macintosh; Intel Mac OS X 10.11; rv:42.0) Gecko/20100101 Firefox/42.0"
177.142.40.162 - - [24/Nov/2015:04:25:45 -0500] "GET /theme/js/cbpAnimatedHeader.js HTTP/1.1" 200 477 "http://hackncast.org/tag/orientacao-a-objetos" "Mozilla/5.0 (Macintosh; Intel Mac OS X 10.11; rv:42.0) Gecko/20100101 Firefox/42.0"
177.142.40.162 - - [24/Nov/2015:04:25:46 -0500] "GET /theme/img/hnc-logo.png HTTP/1.1" 200 4106 "http://hackncast.org/tag/orientacao-a-objetos" "Mozilla/5.0 (Macintosh; Intel Mac OS X 10.11; rv:42.0) Gecko/20100101 Firefox/42.0"
177.142.40.162 - - [24/Nov/2015:04:25:46 -0500] "GET /images/v0.x/covers/v0.4-cover-sqr.jpg HTTP/1.1" 200 221685 "http://hackncast.org/tag/orientacao-a-objetos" "Mozilla/5.0 (Macintosh; Intel Mac OS X 10.11; rv:42.0) Gecko/20100101 Firefox/42.0"
177.142.40.162 - - [24/Nov/2015:04:25:46 -0500] "GET /images/v0.x/covers/v0.6-cover-sqr.jpg HTTP/1.1" 200 295353 "http://hackncast.org/tag/orientacao-a-objetos" "Mozilla/5.0 (Macintosh; Intel Mac OS X 10.11; rv:42.0) Gecko/20100101 Firefox/42.0"
177.142.40.162 - - [24/Nov/2015:04:25:51 -0500] "GET / HTTP/1.1" 200 4786 "http://hackncast.org/tag/orientacao-a-objetos" "Mozilla/5.0 (Macintosh; Intel Mac OS X 10.11; rv:42.0) Gecko/20100101 Firefox/42.0"
177.142.40.162 - - [24/Nov/2015:04:25:51 -0500] "GET /theme/img/logo.png HTTP/1.1" 200 5219 "http://hackncast.org/" "Mozilla/5.0 (Macintosh; Intel Mac OS X 10.11; rv:42.0) Gecko/20100101 Firefox/42.0"
177.142.40.162 - - [24/Nov/2015:04:25:51 -0500] "GET /images/v0.x/covers/v0.13-cover-sqr.jpg HTTP/1.1" 200 113143 "http://hackncast.org/" "Mozilla/5.0 (Macintosh; Intel Mac OS X 10.11; rv:42.0) Gecko/20100101 Firefox/42.0"
177.142.40.162 - - [24/Nov/2015:04:25:51 -0500] "GET /images/v0.x/covers/v0.15-cover-sqr.jpg HTTP/1.1" 200 102352 "http://hackncast.org/" "Mozilla/5.0 (Macintosh; Intel Mac OS X 10.11; rv:42.0) Gecko/20100101 Firefox/42.0"
177.142.40.162 - - [24/Nov/2015:04:25:51 -0500] "GET /images/v0.x/covers/v0.12-cover-sqr.jpg HTTP/1.1" 200 133642 "http://hackncast.org/" "Mozilla/5.0 (Macintosh; Intel Mac OS X 10.11; rv:42.0) Gecko/20100101 Firefox/42.0"
177.142.40.162 - - [24/Nov/2015:04:25:51 -0500] "GET /images/v0.x/covers/v0.14-cover-sqr.jpg HTTP/1.1" 200 91397 "http://hackncast.org/" "Mozilla/5.0 (Macintosh; Intel Mac OS X 10.11; rv:42.0) Gecko/20100101 Firefox/42.0"
177.142.40.162 - - [24/Nov/2015:04:25:51 -0500] "GET /theme/img/avatar.png HTTP/1.1" 200 11923 "http://hackncast.org/" "Mozilla/5.0 (Macintosh; Intel Mac OS X 10.11; rv:42.0) Gecko/20100101 Firefox/42.0"
177.142.40.162 - - [24/Nov/2015:04:25:51 -0500] "GET /theme/img/mais-episodios.png HTTP/1.1" 200 10612 "http://hackncast.org/" "Mozilla/5.0 (Macintosh; Intel Mac OS X 10.11; rv:42.0) Gecko/20100101 Firefox/42.0"
177.142.40.162 - - [24/Nov/2015:04:25:51 -0500] "GET /images/v0.x/covers/v0.16-cover-sqr.jpg HTTP/1.1" 200 394921 "http://hackncast.org/" "Mozilla/5.0 (Macintosh; Intel Mac OS X 10.11; rv:42.0) Gecko/20100101 Firefox/42.0"
177.142.40.162 - - [24/Nov/2015:04:26:46 -0500] "GET /bug-report HTTP/1.1" 200 3330 "http://hackncast.org/" "Mozilla/5.0 (Macintosh; Intel Mac OS X 10.11; rv:42.0) Gecko/20100101 Firefox/42.0"
177.142.40.162 - - [24/Nov/2015:04:26:46 -0500] "GET /theme/css/article.css HTTP/1.1" 200 1237 "http://hackncast.org/bug-report" "Mozilla/5.0 (Macintosh; Intel Mac OS X 10.11; rv:42.0) Gecko/20100101 Firefox/42.0"
177.142.40.162 - - [24/Nov/2015:04:26:46 -0500] "GET /theme/css/page.css HTTP/1.1" 200 275 "http://hackncast.org/bug-report" "Mozilla/5.0 (Macintosh; Intel Mac OS X 10.11; rv:42.0) Gecko/20100101 Firefox/42.0"
177.142.40.162 - - [24/Nov/2015:04:26:47 -0500] "GET /bug-form HTTP/1.1" 200 666 "http://hackncast.org/bug-report" "Mozilla/5.0 (Macintosh; Intel Mac OS X 10.11; rv:42.0) Gecko/20100101 Firefox/42.0"
69.162.124.228 - - [24/Nov/2015:04:28:37 -0500] "GET /bug-form HTTP/1.1" 200 1741 "-" "Mozilla/5.0+(compatible; UptimeRobot/2.0; http://www.uptimerobot.com/)"
69.162.124.228 - - [24/Nov/2015:04:30:38 -0500] "HEAD / HTTP/1.1" 200 0 "-" "Mozilla/5.0+(compatible; UptimeRobot/2.0; http://www.uptimerobot.com/)"
69.162.124.228 - - [24/Nov/2015:04:33:37 -0500] "GET /bug-form HTTP/1.1" 200 1741 "-" "Mozilla/5.0+(compatible; UptimeRobot/2.0; http://www.uptimerobot.com/)"
69.162.124.228 - - [24/Nov/2015:04:35:38 -0500] "HEAD / HTTP/1.1" 200 0 "-" "Mozilla/5.0+(compatible; UptimeRobot/2.0; http://www.uptimerobot.com/)"
69.162.124.228 - - [24/Nov/2015:04:38:37 -0500] "GET /bug-form HTTP/1.1" 200 1740 "-" "Mozilla/5.0+(compatible; UptimeRobot/2.0; http://www.uptimerobot.com/)"
69.162.124.228 - - [24/Nov/2015:04:40:38 -0500] "HEAD / HTTP/1.1" 200 0 "-" "Mozilla/5.0+(compatible; UptimeRobot/2.0; http://www.uptimerobot.com/)"
69.162.124.228 - - [24/Nov/2015:04:43:37 -0500] "GET /bug-form HTTP/1.1" 200 1741 "-" "Mozilla/5.0+(compatible; UptimeRobot/2.0; http://www.uptimerobot.com/)"
69.162.124.228 - - [24/Nov/2015:04:45:38 -0500] "HEAD / HTTP/1.1" 200 0 "-" "Mozilla/5.0+(compatible; UptimeRobot/2.0; http://www.uptimerobot.com/)"
69.162.124.228 - - [24/Nov/2015:04:48:37 -0500] "GET /bug-form HTTP/1.1" 200 1741 "-" "Mozilla/5.0+(compatible; UptimeRobot/2.0; http://www.uptimerobot.com/)"
69.162.124.228 - - [24/Nov/2015:04:50:38 -0500] "HEAD / HTTP/1.1" 200 0 "-" "Mozilla/5.0+(compatible; UptimeRobot/2.0; http://www.uptimerobot.com/)"
69.162.124.228 - - [24/Nov/2015:04:53:37 -0500] "GET /bug-form HTTP/1.1" 200 1741 "-" "Mozilla/5.0+(compatible; UptimeRobot/2.0; http://www.uptimerobot.com/)"
69.162.124.228 - - [24/Nov/2015:04:55:38 -0500] "HEAD / HTTP/1.1" 200 0 "-" "Mozilla/5.0+(compatible; UptimeRobot/2.0; http://www.uptimerobot.com/)"
69.162.124.228 - - [24/Nov/2015:04:58:37 -0500] "GET /bug-form HTTP/1.1" 200 1741 "-" "Mozilla/5.0+(compatible; UptimeRobot/2.0; http://www.uptimerobot.com/)"
66.249.83.68 - - [24/Nov/2015:04:58:45 -0500] "GET /feeds.rss HTTP/1.1" 200 59164 "-" "Feedfetcher-Google; (+http://www.google.com/feedfetcher.html; feed-id=16756500131442207872)"
69.162.124.228 - - [24/Nov/2015:05:00:38 -0500] "HEAD / HTTP/1.1" 200 0 "-" "Mozilla/5.0+(compatible; UptimeRobot/2.0; http://www.uptimerobot.com/)"
69.162.124.228 - - [24/Nov/2015:05:03:37 -0500] "GET /bug-form HTTP/1.1" 200 1741 "-" "Mozilla/5.0+(compatible; UptimeRobot/2.0; http://www.uptimerobot.com/)"
69.162.124.228 - - [24/Nov/2015:05:05:38 -0500] "HEAD / HTTP/1.1" 200 0 "-" "Mozilla/5.0+(compatible; UptimeRobot/2.0; http://www.uptimerobot.com/)"
69.162.124.228 - - [24/Nov/2015:05:08:37 -0500] "GET /bug-form HTTP/1.1" 200 1741 "-" "Mozilla/5.0+(compatible; UptimeRobot/2.0; http://www.uptimerobot.com/)"
69.162.124.228 - - [24/Nov/2015:05:10:38 -0500] "HEAD / HTTP/1.1" 200 0 "-" "Mozilla/5.0+(compatible; UptimeRobot/2.0; http://www.uptimerobot.com/)"
69.162.124.228 - - [24/Nov/2015:05:13:37 -0500] "GET /bug-form HTTP/1.1" 200 1741 "-" "Mozilla/5.0+(compatible; UptimeRobot/2.0; http://www.uptimerobot.com/)"
69.162.124.228 - - [24/Nov/2015:05:15:38 -0500] "HEAD / HTTP/1.1" 200 0 "-" "Mozilla/5.0+(compatible; UptimeRobot/2.0; http://www.uptimerobot.com/)"
208.115.111.74 - - [24/Nov/2015:05:18:08 -0500] "GET /v02-html-css HTTP/1.1" 200 36196 "-" "Mozilla/5.0 (compatible; DotBot/1.1; http://www.opensiteexplorer.org/dotbot, help@moz.com)"
69.162.124.228 - - [24/Nov/2015:05:18:37 -0500] "GET /bug-form HTTP/1.1" 200 1741 "-" "Mozilla/5.0+(compatible; UptimeRobot/2.0; http://www.uptimerobot.com/)"
69.162.124.228 - - [24/Nov/2015:05:20:38 -0500] "HEAD / HTTP/1.1" 200 0 "-" "Mozilla/5.0+(compatible; UptimeRobot/2.0; http://www.uptimerobot.com/)"
208.115.111.74 - - [24/Nov/2015:05:23:15 -0500] "GET /tag/programacao-funcional HTTP/1.1" 200 14579 "-" "Mozilla/5.0 (compatible; DotBot/1.1; http://www.opensiteexplorer.org/dotbot, help@moz.com)"
69.162.124.228 - - [24/Nov/2015:05:23:37 -0500] "GET /bug-form HTTP/1.1" 200 1741 "-" "Mozilla/5.0+(compatible; UptimeRobot/2.0; http://www.uptimerobot.com/)"
208.115.111.74 - - [24/Nov/2015:05:23:53 -0500] "GET /tag/keepass HTTP/1.1" 200 14407 "-" "Mozilla/5.0 (compatible; DotBot/1.1; http://www.opensiteexplorer.org/dotbot, help@moz.com)"
208.115.111.74 - - [24/Nov/2015:05:23:55 -0500] "GET /tag/nginx HTTP/1.1" 200 14253 "-" "Mozilla/5.0 (compatible; DotBot/1.1; http://www.opensiteexplorer.org/dotbot, help@moz.com)"
201.18.168.71 - - [24/Nov/2015:05:24:53 -0500] "GET / HTTP/1.1" 200 24367 "-" "Mozilla/5.0 (compatible; Googlebot/2.1; +http://www.google.com/bot.html)"
69.162.124.228 - - [24/Nov/2015:05:25:38 -0500] "HEAD / HTTP/1.1" 200 0 "-" "Mozilla/5.0+(compatible; UptimeRobot/2.0; http://www.uptimerobot.com/)"
69.162.124.228 - - [24/Nov/2015:05:28:37 -0500] "GET /bug-form HTTP/1.1" 200 1741 "-" "Mozilla/5.0+(compatible; UptimeRobot/2.0; http://www.uptimerobot.com/)"
69.162.124.228 - - [24/Nov/2015:05:30:38 -0500] "HEAD / HTTP/1.1" 200 0 "-" "Mozilla/5.0+(compatible; UptimeRobot/2.0; http://www.uptimerobot.com/)"
208.115.111.74 - - [24/Nov/2015:05:31:34 -0500] "GET /robots.txt HTTP/1.1" 404 162 "-" "Mozilla/5.0 (compatible; DotBot/1.1; http://www.opensiteexplorer.org/dotbot, help@moz.com)"
66.249.83.68 - - [24/Nov/2015:05:32:05 -0500] "GET /feeds.rss HTTP/1.1" 200 59164 "-" "Feedfetcher-Google; (+http://www.google.com/feedfetcher.html; feed-id=16756500131442207872)"
69.162.124.228 - - [24/Nov/2015:05:33:37 -0500] "GET /bug-form HTTP/1.1" 200 1741 "-" "Mozilla/5.0+(compatible; UptimeRobot/2.0; http://www.uptimerobot.com/)"
180.76.15.22 - - [24/Nov/2015:05:34:29 -0500] "GET / HTTP/1.1" 200 24367 "-" "Mozilla/5.0 (compatible; Baiduspider/2.0; +http://www.baidu.com/search/spider.html)"
180.76.15.7 - - [24/Nov/2015:05:34:45 -0500] "GET / HTTP/1.1" 200 24367 "-" "Mozilla/5.0 (compatible; Baiduspider/2.0; +http://www.baidu.com/search/spider.html)"
69.162.124.228 - - [24/Nov/2015:05:35:38 -0500] "HEAD / HTTP/1.1" 200 0 "-" "Mozilla/5.0+(compatible; UptimeRobot/2.0; http://www.uptimerobot.com/)"
69.162.124.228 - - [24/Nov/2015:05:38:37 -0500] "GET /bug-form HTTP/1.1" 200 1741 "-" "Mozilla/5.0+(compatible; UptimeRobot/2.0; http://www.uptimerobot.com/)"
69.162.124.228 - - [24/Nov/2015:05:40:38 -0500] "HEAD / HTTP/1.1" 200 0 "-" "Mozilla/5.0+(compatible; UptimeRobot/2.0; http://www.uptimerobot.com/)"
69.162.124.228 - - [24/Nov/2015:05:43:37 -0500] "GET /bug-form HTTP/1.1" 200 1741 "-" "Mozilla/5.0+(compatible; UptimeRobot/2.0; http://www.uptimerobot.com/)"
69.162.124.228 - - [24/Nov/2015:05:45:38 -0500] "HEAD / HTTP/1.1" 200 0 "-" "Mozilla/5.0+(compatible; UptimeRobot/2.0; http://www.uptimerobot.com/)"
69.162.124.228 - - [24/Nov/2015:05:48:37 -0500] "GET /bug-form HTTP/1.1" 200 1741 "-" "Mozilla/5.0+(compatible; UptimeRobot/2.0; http://www.uptimerobot.com/)"
142.4.211.214 - - [24/Nov/2015:05:49:51 -0500] "GET /feeds.atom HTTP/1.1" 200 248723 "-" "Mozilla/5.0 (Windows NT 5.1) AppleWebKit/536.3 (KHTML, like Gecko) Chrome/19.0.1063.0 Safari/536.3"
69.162.124.228 - - [24/Nov/2015:05:50:38 -0500] "HEAD / HTTP/1.1" 200 0 "-" "Mozilla/5.0+(compatible; UptimeRobot/2.0; http://www.uptimerobot.com/)"
201.67.251.218 - - [24/Nov/2015:05:51:19 -0500] "GET / HTTP/1.1" 200 4786 "-" "Mozilla/5.0 (Windows NT 6.1; WOW64; rv:42.0) Gecko/20100101 Firefox/42.0"
201.67.251.218 - - [24/Nov/2015:05:51:19 -0500] "GET /theme/css/style.css HTTP/1.1" 200 2348 "http://hackncast.org/" "Mozilla/5.0 (Windows NT 6.1; WOW64; rv:42.0) Gecko/20100101 Firefox/42.0"
201.67.251.218 - - [24/Nov/2015:05:51:20 -0500] "GET /theme/css/pygments/native.css HTTP/1.1" 200 933 "http://hackncast.org/" "Mozilla/5.0 (Windows NT 6.1; WOW64; rv:42.0) Gecko/20100101 Firefox/42.0"
201.67.251.218 - - [24/Nov/2015:05:51:20 -0500] "GET /theme/js/classie.js HTTP/1.1" 200 691 "http://hackncast.org/" "Mozilla/5.0 (Windows NT 6.1; WOW64; rv:42.0) Gecko/20100101 Firefox/42.0"
201.67.251.218 - - [24/Nov/2015:05:51:20 -0500] "GET /theme/js/cbpAnimatedHeader.js HTTP/1.1" 200 477 "http://hackncast.org/" "Mozilla/5.0 (Windows NT 6.1; WOW64; rv:42.0) Gecko/20100101 Firefox/42.0"
201.67.251.218 - - [24/Nov/2015:05:51:20 -0500] "GET /theme/js/freelancer.js HTTP/1.1" 200 464 "http://hackncast.org/" "Mozilla/5.0 (Windows NT 6.1; WOW64; rv:42.0) Gecko/20100101 Firefox/42.0"
201.67.251.218 - - [24/Nov/2015:05:51:20 -0500] "GET /theme/img/favicon.ico HTTP/1.1" 200 3885 "-" "Mozilla/5.0 (Windows NT 6.1; WOW64; rv:42.0) Gecko/20100101 Firefox/42.0"
201.67.251.218 - - [24/Nov/2015:05:51:20 -0500] "GET /theme/img/hnc-logo.png HTTP/1.1" 200 4106 "http://hackncast.org/" "Mozilla/5.0 (Windows NT 6.1; WOW64; rv:42.0) Gecko/20100101 Firefox/42.0"
201.67.251.218 - - [24/Nov/2015:05:51:20 -0500] "GET /theme/img/logo.png HTTP/1.1" 200 5219 "http://hackncast.org/" "Mozilla/5.0 (Windows NT 6.1; WOW64; rv:42.0) Gecko/20100101 Firefox/42.0"
201.67.251.218 - - [24/Nov/2015:05:51:20 -0500] "GET /images/v0.x/covers/v0.15-cover-sqr.jpg HTTP/1.1" 200 102352 "http://hackncast.org/" "Mozilla/5.0 (Windows NT 6.1; WOW64; rv:42.0) Gecko/20100101 Firefox/42.0"
201.67.251.218 - - [24/Nov/2015:05:51:20 -0500] "GET /images/v0.x/covers/v0.14-cover-sqr.jpg HTTP/1.1" 200 91397 "http://hackncast.org/" "Mozilla/5.0 (Windows NT 6.1; WOW64; rv:42.0) Gecko/20100101 Firefox/42.0"
201.67.251.218 - - [24/Nov/2015:05:51:20 -0500] "GET /theme/img/mais-episodios.png HTTP/1.1" 200 10612 "http://hackncast.org/" "Mozilla/5.0 (Windows NT 6.1; WOW64; rv:42.0) Gecko/20100101 Firefox/42.0"
201.67.251.218 - - [24/Nov/2015:05:51:20 -0500] "GET /theme/img/avatar.png HTTP/1.1" 200 11923 "http://hackncast.org/" "Mozilla/5.0 (Windows NT 6.1; WOW64; rv:42.0) Gecko/20100101 Firefox/42.0"
201.67.251.218 - - [24/Nov/2015:05:51:22 -0500] "GET /images/v0.x/covers/v0.12-cover-sqr.jpg HTTP/1.1" 200 133642 "http://hackncast.org/" "Mozilla/5.0 (Windows NT 6.1; WOW64; rv:42.0) Gecko/20100101 Firefox/42.0"
201.67.251.218 - - [24/Nov/2015:05:51:22 -0500] "GET /images/v0.x/covers/v0.13-cover-sqr.jpg HTTP/1.1" 200 113143 "http://hackncast.org/" "Mozilla/5.0 (Windows NT 6.1; WOW64; rv:42.0) Gecko/20100101 Firefox/42.0"
201.67.251.218 - - [24/Nov/2015:05:51:23 -0500] "GET /images/v0.x/covers/v0.16-cover-sqr.jpg HTTP/1.1" 200 394921 "http://hackncast.org/" "Mozilla/5.0 (Windows NT 6.1; WOW64; rv:42.0) Gecko/20100101 Firefox/42.0"
201.67.251.218 - - [24/Nov/2015:05:51:23 -0500] "GET /images/v0.x/covers/v0.13-cover-sqr.jpg HTTP/1.1" 200 87721 "http://hackncast.org/" "Mozilla/5.0 (Windows NT 6.1; WOW64; rv:42.0) Gecko/20100101 Firefox/42.0"
69.162.124.228 - - [24/Nov/2015:05:53:37 -0500] "GET /bug-form HTTP/1.1" 200 1741 "-" "Mozilla/5.0+(compatible; UptimeRobot/2.0; http://www.uptimerobot.com/)"
69.162.124.228 - - [24/Nov/2015:05:55:38 -0500] "HEAD / HTTP/1.1" 200 0 "-" "Mozilla/5.0+(compatible; UptimeRobot/2.0; http://www.uptimerobot.com/)"
69.162.124.228 - - [24/Nov/2015:05:58:37 -0500] "GET /bug-form HTTP/1.1" 200 1741 "-" "Mozilla/5.0+(compatible; UptimeRobot/2.0; http://www.uptimerobot.com/)"
69.162.124.228 - - [24/Nov/2015:06:00:38 -0500] "HEAD / HTTP/1.1" 200 0 "-" "Mozilla/5.0+(compatible; UptimeRobot/2.0; http://www.uptimerobot.com/)"
69.162.124.228 - - [24/Nov/2015:06:03:37 -0500] "GET /bug-form HTTP/1.1" 200 1740 "-" "Mozilla/5.0+(compatible; UptimeRobot/2.0; http://www.uptimerobot.com/)"
69.162.124.228 - - [24/Nov/2015:06:05:38 -0500] "HEAD / HTTP/1.1" 200 0 "-" "Mozilla/5.0+(compatible; UptimeRobot/2.0; http://www.uptimerobot.com/)"
66.102.6.218 - - [24/Nov/2015:06:07:39 -0500] "GET / HTTP/1.1" 200 4786 "http://www.google.com.br/search?q=.+n&client=ms-android-samsung&hl=pt-BR&source=android-unknown&ei=7kRUVpelOoLMeu_Ah6AL&start=30&sa=N" "Mozilla/5.0 (Linux; Android 4.2.1; en-us; Nexus 5 Build/JOP40D) AppleWebKit/535.19 (KHTML, like Gecko; googleweblight) Chrome/38.0.1025.166 Mobile Safari/535.19"
66.102.6.218 - - [24/Nov/2015:06:07:39 -0500] "GET /images/v0.x/covers/v0.14-cover-sqr.jpg HTTP/1.1" 200 91397 "http://hackncast.org/" "Mozilla/5.0 (Linux; Android 4.2.1; en-us; Nexus 5 Build/JOP40D) AppleWebKit/535.19 (KHTML, like Gecko; googleweblight) Chrome/38.0.1025.166 Mobile Safari/535.19"
66.102.6.226 - - [24/Nov/2015:06:07:39 -0500] "GET /theme/img/logo.png HTTP/1.1" 200 5219 "http://hackncast.org/" "Mozilla/5.0 (Linux; Android 4.2.1; en-us; Nexus 5 Build/JOP40D) AppleWebKit/535.19 (KHTML, like Gecko; googleweblight) Chrome/38.0.1025.166 Mobile Safari/535.19"
66.102.6.222 - - [24/Nov/2015:06:07:39 -0500] "GET /theme/img/mais-episodios.png HTTP/1.1" 200 10612 "http://hackncast.org/" "Mozilla/5.0 (Linux; Android 4.2.1; en-us; Nexus 5 Build/JOP40D) AppleWebKit/535.19 (KHTML, like Gecko; googleweblight) Chrome/38.0.1025.166 Mobile Safari/535.19"
66.102.6.226 - - [24/Nov/2015:06:07:39 -0500] "GET /theme/js/freelancer.js HTTP/1.1" 200 464 "http://hackncast.org/" "Mozilla/5.0 (Linux; Android 4.2.1; en-us; Nexus 5 Build/JOP40D) AppleWebKit/535.19 (KHTML, like Gecko; googleweblight) Chrome/38.0.1025.166 Mobile Safari/535.19"
66.102.6.222 - - [24/Nov/2015:06:07:39 -0500] "GET /images/v0.x/covers/v0.12-cover-sqr.jpg HTTP/1.1" 200 133642 "http://hackncast.org/" "Mozilla/5.0 (Linux; Android 4.2.1; en-us; Nexus 5 Build/JOP40D) AppleWebKit/535.19 (KHTML, like Gecko; googleweblight) Chrome/38.0.1025.166 Mobile Safari/535.19"
