187.58.227.183 - - [23/Nov/2015:06:29:21 -0500] "GET /images/v0.x/covers/v0.14-cover-sqr.jpg HTTP/1.1" 200 91397 "http://hackncast.org/" "Mozilla/5.0 (X11; Ubuntu; Linux x86_64; rv:42.0) Gecko/20100101 Firefox/42.0"
187.58.227.183 - - [23/Nov/2015:06:29:21 -0500] "GET /images/v0.x/covers/v0.13-cover-sqr.jpg HTTP/1.1" 200 113143 "http://hackncast.org/" "Mozilla/5.0 (X11; Ubuntu; Linux x86_64; rv:42.0) Gecko/20100101 Firefox/42.0"
187.58.227.183 - - [23/Nov/2015:06:29:21 -0500] "GET /images/v0.x/covers/v0.12-cover-sqr.jpg HTTP/1.1" 200 133642 "http://hackncast.org/" "Mozilla/5.0 (X11; Ubuntu; Linux x86_64; rv:42.0) Gecko/20100101 Firefox/42.0"
187.58.227.183 - - [23/Nov/2015:06:29:22 -0500] "GET /images/v0.x/covers/v0.16-cover-sqr.jpg HTTP/1.1" 200 394921 "http://hackncast.org/" "Mozilla/5.0 (X11; Ubuntu; Linux x86_64; rv:42.0) Gecko/20100101 Firefox/42.0"
187.58.227.183 - - [23/Nov/2015:06:29:25 -0500] "GET /theme/img/favicon.ico HTTP/1.1" 200 3885 "-" "Mozilla/5.0 (X11; Ubuntu; Linux x86_64; rv:42.0) Gecko/20100101 Firefox/42.0"
187.58.227.183 - - [23/Nov/2015:06:29:32 -0500] "GET /bug-report HTTP/1.1" 200 3330 "http://hackncast.org/" "Mozilla/5.0 (X11; Ubuntu; Linux x86_64; rv:42.0) Gecko/20100101 Firefox/42.0"
187.58.227.183 - - [23/Nov/2015:06:29:33 -0500] "GET /theme/css/article.css HTTP/1.1" 200 1237 "http://hackncast.org/bug-report" "Mozilla/5.0 (X11; Ubuntu; Linux x86_64; rv:42.0) Gecko/20100101 Firefox/42.0"
187.58.227.183 - - [23/Nov/2015:06:29:33 -0500] "GET /theme/css/page.css HTTP/1.1" 200 275 "http://hackncast.org/bug-report" "Mozilla/5.0 (X11; Ubuntu; Linux x86_64; rv:42.0) Gecko/20100101 Firefox/42.0"
187.58.227.183 - - [23/Nov/2015:06:29:34 -0500] "GET /bug-form HTTP/1.1" 200 667 "http://hackncast.org/bug-report" "Mozilla/5.0 (X11; Ubuntu; Linux x86_64; rv:42.0) Gecko/20100101 Firefox/42.0"
187.58.227.183 - - [23/Nov/2015:06:29:35 -0500] "GET /releases HTTP/1.1" 200 6402 "http://hackncast.org/bug-report" "Mozilla/5.0 (X11; Ubuntu; Linux x86_64; rv:42.0) Gecko/20100101 Firefox/42.0"
187.58.227.183 - - [23/Nov/2015:06:29:35 -0500] "GET /theme/css/index.css HTTP/1.1" 200 865 "http://hackncast.org/releases" "Mozilla/5.0 (X11; Ubuntu; Linux x86_64; rv:42.0) Gecko/20100101 Firefox/42.0"
187.58.227.183 - - [23/Nov/2015:06:29:36 -0500] "GET /images/v0.x/covers/v0.11-cover-sqr.jpg HTTP/1.1" 200 58381 "http://hackncast.org/releases" "Mozilla/5.0 (X11; Ubuntu; Linux x86_64; rv:42.0) Gecko/20100101 Firefox/42.0"
187.58.227.183 - - [23/Nov/2015:06:29:36 -0500] "GET /images/v0.x/covers/v0.10-cover-sqr.jpg HTTP/1.1" 200 85761 "http://hackncast.org/releases" "Mozilla/5.0 (X11; Ubuntu; Linux x86_64; rv:42.0) Gecko/20100101 Firefox/42.0"
187.58.227.183 - - [23/Nov/2015:06:29:36 -0500] "GET /images/v0.x/covers/v0.9-cover-sqr.jpg HTTP/1.1" 200 106459 "http://hackncast.org/releases" "Mozilla/5.0 (X11; Ubuntu; Linux x86_64; rv:42.0) Gecko/20100101 Firefox/42.0"
187.58.227.183 - - [23/Nov/2015:06:29:36 -0500] "GET /images/v0.x/covers/v0.8-cover-sqr.jpg HTTP/1.1" 200 115211 "http://hackncast.org/releases" "Mozilla/5.0 (X11; Ubuntu; Linux x86_64; rv:42.0) Gecko/20100101 Firefox/42.0"
187.58.227.183 - - [23/Nov/2015:06:29:36 -0500] "GET /images/v0.x/covers/v0.7-cover-sqr.jpg HTTP/1.1" 200 51606 "http://hackncast.org/releases" "Mozilla/5.0 (X11; Ubuntu; Linux x86_64; rv:42.0) Gecko/20100101 Firefox/42.0"
187.58.227.183 - - [23/Nov/2015:06:29:51 -0500] "GET /releases/pagina/2/ HTTP/1.1" 301 178 "http://hackncast.org/releases" "Mozilla/5.0 (X11; Ubuntu; Linux x86_64; rv:42.0) Gecko/20100101 Firefox/42.0"
187.58.227.183 - - [23/Nov/2015:06:29:51 -0500] "GET /releases/pagina/2 HTTP/1.1" 200 5440 "http://hackncast.org/releases" "Mozilla/5.0 (X11; Ubuntu; Linux x86_64; rv:42.0) Gecko/20100101 Firefox/42.0"
187.58.227.183 - - [23/Nov/2015:06:29:52 -0500] "GET /images/v0.x/covers/v0.6-cover-sqr.jpg HTTP/1.1" 200 295353 "http://hackncast.org/releases/pagina/2" "Mozilla/5.0 (X11; Ubuntu; Linux x86_64; rv:42.0) Gecko/20100101 Firefox/42.0"
187.58.227.183 - - [23/Nov/2015:06:29:52 -0500] "GET /images/v0.x/covers/v0.3-cover-sqr.jpg HTTP/1.1" 200 159864 "http://hackncast.org/releases/pagina/2" "Mozilla/5.0 (X11; Ubuntu; Linux x86_64; rv:42.0) Gecko/20100101 Firefox/42.0"
187.58.227.183 - - [23/Nov/2015:06:29:52 -0500] "GET /images/v0.x/covers/v0.2-cover-sqr.jpg HTTP/1.1" 200 138705 "http://hackncast.org/releases/pagina/2" "Mozilla/5.0 (X11; Ubuntu; Linux x86_64; rv:42.0) Gecko/20100101 Firefox/42.0"
187.58.227.183 - - [23/Nov/2015:06:29:52 -0500] "GET /images/v0.x/covers/v0.1-cover-sqr.jpg HTTP/1.1" 200 74851 "http://hackncast.org/releases/pagina/2" "Mozilla/5.0 (X11; Ubuntu; Linux x86_64; rv:42.0) Gecko/20100101 Firefox/42.0"
187.58.227.183 - - [23/Nov/2015:06:29:52 -0500] "GET /images/v0.x/covers/v0.5-cover-sqr.jpg HTTP/1.1" 200 195489 "http://hackncast.org/releases/pagina/2" "Mozilla/5.0 (X11; Ubuntu; Linux x86_64; rv:42.0) Gecko/20100101 Firefox/42.0"
187.58.227.183 - - [23/Nov/2015:06:29:52 -0500] "GET /images/v0.x/covers/v0.4-cover-sqr.jpg HTTP/1.1" 200 221685 "http://hackncast.org/releases/pagina/2" "Mozilla/5.0 (X11; Ubuntu; Linux x86_64; rv:42.0) Gecko/20100101 Firefox/42.0"
187.58.227.183 - - [23/Nov/2015:06:30:13 -0500] "GET /releases/ HTTP/1.1" 301 178 "http://hackncast.org/releases/pagina/2" "Mozilla/5.0 (X11; Ubuntu; Linux x86_64; rv:42.0) Gecko/20100101 Firefox/42.0"
187.58.227.183 - - [23/Nov/2015:06:30:28 -0500] "GET /v011-seguranca-na-nuvem HTTP/1.1" 200 9150 "http://hackncast.org/releases" "Mozilla/5.0 (X11; Ubuntu; Linux x86_64; rv:42.0) Gecko/20100101 Firefox/42.0"
187.58.227.183 - - [23/Nov/2015:06:30:28 -0500] "GET /images/v0.x/covers/v0.11-cover-wide.jpg HTTP/1.1" 200 65491 "http://hackncast.org/v011-seguranca-na-nuvem" "Mozilla/5.0 (X11; Ubuntu; Linux x86_64; rv:42.0) Gecko/20100101 Firefox/42.0"
187.58.227.183 - - [23/Nov/2015:06:30:30 -0500] "GET /theme/img/dark-static.jpg HTTP/1.1" 200 268023 "http://hackncast.org/theme/css/article.css" "Mozilla/5.0 (X11; Ubuntu; Linux x86_64; rv:42.0) Gecko/20100101 Firefox/42.0"
187.58.227.183 - - [23/Nov/2015:06:30:35 -0500] "GET /devs HTTP/1.1" 200 6929 "http://hackncast.org/v011-seguranca-na-nuvem" "Mozilla/5.0 (X11; Ubuntu; Linux x86_64; rv:42.0) Gecko/20100101 Firefox/42.0"
187.58.227.183 - - [23/Nov/2015:06:30:35 -0500] "GET /theme/css/authors.css HTTP/1.1" 200 518 "http://hackncast.org/devs" "Mozilla/5.0 (X11; Ubuntu; Linux x86_64; rv:42.0) Gecko/20100101 Firefox/42.0"
69.162.124.228 - - [23/Nov/2015:06:31:14 -0500] "GET /bug-form HTTP/1.1" 200 1741 "-" "Mozilla/5.0+(compatible; UptimeRobot/2.0; http://www.uptimerobot.com/)"
187.58.227.183 - - [23/Nov/2015:06:31:48 -0500] "GET /bug-form HTTP/1.1" 200 669 "http://hackncast.org/bug-report" "Mozilla/5.0 (X11; Ubuntu; Linux x86_64; rv:42.0) Gecko/20100101 Firefox/42.0"
69.162.124.228 - - [23/Nov/2015:06:32:00 -0500] "HEAD / HTTP/1.1" 200 0 "-" "Mozilla/5.0+(compatible; UptimeRobot/2.0; http://www.uptimerobot.com/)"
54.242.5.94 - - [23/Nov/2015:06:36:00 -0500] "GET / HTTP/1.1" 200 4786 "-" "Mozilla/5.0 (compatible; linkdexbot/2.0; +http://www.linkdex.com/bots/)"
69.162.124.228 - - [23/Nov/2015:06:36:14 -0500] "GET /bug-form HTTP/1.1" 200 1741 "-" "Mozilla/5.0+(compatible; UptimeRobot/2.0; http://www.uptimerobot.com/)"
69.162.124.228 - - [23/Nov/2015:06:37:00 -0500] "HEAD / HTTP/1.1" 200 0 "-" "Mozilla/5.0+(compatible; UptimeRobot/2.0; http://www.uptimerobot.com/)"
66.249.83.127 - - [23/Nov/2015:06:38:19 -0500] "GET /feeds.rss HTTP/1.1" 200 59164 "-" "Feedfetcher-Google; (+http://www.google.com/feedfetcher.html; feed-id=16756500131442207872)"
69.162.124.228 - - [23/Nov/2015:06:41:14 -0500] "GET /bug-form HTTP/1.1" 200 1741 "-" "Mozilla/5.0+(compatible; UptimeRobot/2.0; http://www.uptimerobot.com/)"
69.162.124.228 - - [23/Nov/2015:06:42:00 -0500] "HEAD / HTTP/1.1" 200 0 "-" "Mozilla/5.0+(compatible; UptimeRobot/2.0; http://www.uptimerobot.com/)"
65.19.138.34 - - [23/Nov/2015:06:43:07 -0500] "GET /feeds.rss HTTP/1.1" 200 59164 "-" "Feedly/1.0 (+http://www.feedly.com/fetcher.html; like FeedFetcher-Google)"
69.162.124.228 - - [23/Nov/2015:06:46:14 -0500] "GET /bug-form HTTP/1.1" 200 1741 "-" "Mozilla/5.0+(compatible; UptimeRobot/2.0; http://www.uptimerobot.com/)"
69.162.124.228 - - [23/Nov/2015:06:47:00 -0500] "HEAD / HTTP/1.1" 200 0 "-" "Mozilla/5.0+(compatible; UptimeRobot/2.0; http://www.uptimerobot.com/)"
208.115.113.93 - - [23/Nov/2015:06:47:24 -0500] "GET /robots.txt HTTP/1.1" 404 162 "-" "Mozilla/5.0 (compatible; DotBot/1.1; http://www.opensiteexplorer.org/dotbot, help@moz.com)"
69.162.124.228 - - [23/Nov/2015:06:51:14 -0500] "GET /bug-form HTTP/1.1" 200 1741 "-" "Mozilla/5.0+(compatible; UptimeRobot/2.0; http://www.uptimerobot.com/)"
69.162.124.228 - - [23/Nov/2015:06:52:00 -0500] "HEAD / HTTP/1.1" 200 0 "-" "Mozilla/5.0+(compatible; UptimeRobot/2.0; http://www.uptimerobot.com/)"
69.162.124.228 - - [23/Nov/2015:06:56:14 -0500] "GET /bug-form HTTP/1.1" 200 1741 "-" "Mozilla/5.0+(compatible; UptimeRobot/2.0; http://www.uptimerobot.com/)"
69.162.124.228 - - [23/Nov/2015:06:57:00 -0500] "HEAD / HTTP/1.1" 200 0 "-" "Mozilla/5.0+(compatible; UptimeRobot/2.0; http://www.uptimerobot.com/)"
69.162.124.228 - - [23/Nov/2015:07:01:14 -0500] "GET /bug-form HTTP/1.1" 200 1741 "-" "Mozilla/5.0+(compatible; UptimeRobot/2.0; http://www.uptimerobot.com/)"
69.162.124.228 - - [23/Nov/2015:07:02:00 -0500] "HEAD / HTTP/1.1" 200 0 "-" "Mozilla/5.0+(compatible; UptimeRobot/2.0; http://www.uptimerobot.com/)"
69.162.124.228 - - [23/Nov/2015:07:06:14 -0500] "GET /bug-form HTTP/1.1" 200 1740 "-" "Mozilla/5.0+(compatible; UptimeRobot/2.0; http://www.uptimerobot.com/)"
69.162.124.228 - - [23/Nov/2015:07:07:00 -0500] "HEAD / HTTP/1.1" 200 0 "-" "Mozilla/5.0+(compatible; UptimeRobot/2.0; http://www.uptimerobot.com/)"
180.76.15.19 - - [23/Nov/2015:07:08:03 -0500] "GET / HTTP/1.1" 200 4786 "-" "Mozilla/5.0 (Windows NT 5.1; rv:6.0.2) Gecko/20100101 Firefox/6.0.2"
69.162.124.228 - - [23/Nov/2015:07:11:14 -0500] "GET /bug-form HTTP/1.1" 200 1740 "-" "Mozilla/5.0+(compatible; UptimeRobot/2.0; http://www.uptimerobot.com/)"
69.162.124.228 - - [23/Nov/2015:07:12:00 -0500] "HEAD / HTTP/1.1" 200 0 "-" "Mozilla/5.0+(compatible; UptimeRobot/2.0; http://www.uptimerobot.com/)"
66.249.88.60 - - [23/Nov/2015:07:15:44 -0500] "GET / HTTP/1.1" 200 4786 "-" "Google favicon"
66.249.88.71 - - [23/Nov/2015:07:15:44 -0500] "GET /theme/img/favicon.ico HTTP/1.1" 200 3885 "-" "Google favicon"
69.162.124.228 - - [23/Nov/2015:07:16:14 -0500] "GET /bug-form HTTP/1.1" 200 1741 "-" "Mozilla/5.0+(compatible; UptimeRobot/2.0; http://www.uptimerobot.com/)"
69.162.124.228 - - [23/Nov/2015:07:17:00 -0500] "HEAD / HTTP/1.1" 200 0 "-" "Mozilla/5.0+(compatible; UptimeRobot/2.0; http://www.uptimerobot.com/)"
204.195.139.6 - - [23/Nov/2015:07:20:41 -0500] "GET / HTTP/1.0" 200 24367 "http://hackncast.org/" "Mozilla/5.0 (Windows NT 6.1) AppleWebKit/537.36 (KHTML, like Gecko) Chrome/45.0.2454.99 Safari/537.36"
69.162.124.228 - - [23/Nov/2015:07:21:14 -0500] "GET /bug-form HTTP/1.1" 200 1741 "-" "Mozilla/5.0+(compatible; UptimeRobot/2.0; http://www.uptimerobot.com/)"
69.162.124.228 - - [23/Nov/2015:07:22:00 -0500] "HEAD / HTTP/1.1" 200 0 "-" "Mozilla/5.0+(compatible; UptimeRobot/2.0; http://www.uptimerobot.com/)"
54.226.207.167 - - [23/Nov/2015:07:25:50 -0500] "GET /robots.txt HTTP/1.1" 404 136 "-" "Mozilla/5.0 (compatible; linkdexbot/2.0; +http://www.linkdex.com/bots/)"
54.226.207.167 - - [23/Nov/2015:07:25:50 -0500] "GET /v01-cultura-hacker HTTP/1.1" 200 9537 "-" "Mozilla/5.0 (compatible; linkdexbot/2.0; +http://www.linkdex.com/bots/)"
54.226.207.167 - - [23/Nov/2015:07:25:51 -0500] "GET /robots.txt HTTP/1.1" 404 136 "-" "Mozilla/5.0 (compatible; linkdexbot/2.0; +http://www.linkdex.com/bots/)"
69.162.124.228 - - [23/Nov/2015:07:26:14 -0500] "GET /bug-form HTTP/1.1" 200 1741 "-" "Mozilla/5.0+(compatible; UptimeRobot/2.0; http://www.uptimerobot.com/)"
69.162.124.228 - - [23/Nov/2015:07:27:00 -0500] "HEAD / HTTP/1.1" 200 0 "-" "Mozilla/5.0+(compatible; UptimeRobot/2.0; http://www.uptimerobot.com/)"
69.162.124.228 - - [23/Nov/2015:07:31:14 -0500] "GET /bug-form HTTP/1.1" 200 1740 "-" "Mozilla/5.0+(compatible; UptimeRobot/2.0; http://www.uptimerobot.com/)"
69.162.124.228 - - [23/Nov/2015:07:32:01 -0500] "HEAD / HTTP/1.1" 200 0 "-" "Mozilla/5.0+(compatible; UptimeRobot/2.0; http://www.uptimerobot.com/)"
69.162.124.228 - - [23/Nov/2015:07:36:14 -0500] "GET /bug-form HTTP/1.1" 200 1741 "-" "Mozilla/5.0+(compatible; UptimeRobot/2.0; http://www.uptimerobot.com/)"
69.162.124.228 - - [23/Nov/2015:07:37:01 -0500] "HEAD / HTTP/1.1" 200 0 "-" "Mozilla/5.0+(compatible; UptimeRobot/2.0; http://www.uptimerobot.com/)"
54.177.7.2 - - [23/Nov/2015:07:40:24 -0500] "GET /feeds.atom HTTP/1.1" 304 0 "-" "Digg Feed Fetcher 1.0 (Mozilla/5.0 (Macintosh; Intel Mac OS X 10_7_1) AppleWebKit/534.48.3 (KHTML, like Gecko) Version/5.1 Safari/534.48.3)"
69.162.124.228 - - [23/Nov/2015:07:41:14 -0500] "GET /bug-form HTTP/1.1" 200 1741 "-" "Mozilla/5.0+(compatible; UptimeRobot/2.0; http://www.uptimerobot.com/)"
69.162.124.228 - - [23/Nov/2015:07:42:01 -0500] "HEAD / HTTP/1.1" 200 0 "-" "Mozilla/5.0+(compatible; UptimeRobot/2.0; http://www.uptimerobot.com/)"
177.99.150.178 - - [23/Nov/2015:07:45:33 -0500] "GET / HTTP/1.1" 200 4786 "https://www.google.com.br/" "Mozilla/5.0 (Windows NT 6.1; WOW64) AppleWebKit/537.36 (KHTML, like Gecko) Chrome/46.0.2490.86 Safari/537.36"
177.99.150.178 - - [23/Nov/2015:07:45:33 -0500] "GET /theme/css/style.css HTTP/1.1" 200 2348 "http://hackncast.org/" "Mozilla/5.0 (Windows NT 6.1; WOW64) AppleWebKit/537.36 (KHTML, like Gecko) Chrome/46.0.2490.86 Safari/537.36"
177.99.150.178 - - [23/Nov/2015:07:45:33 -0500] "GET /theme/css/pygments/native.css HTTP/1.1" 200 933 "http://hackncast.org/" "Mozilla/5.0 (Windows NT 6.1; WOW64) AppleWebKit/537.36 (KHTML, like Gecko) Chrome/46.0.2490.86 Safari/537.36"
177.99.150.178 - - [23/Nov/2015:07:45:33 -0500] "GET /theme/js/classie.js HTTP/1.1" 200 691 "http://hackncast.org/" "Mozilla/5.0 (Windows NT 6.1; WOW64) AppleWebKit/537.36 (KHTML, like Gecko) Chrome/46.0.2490.86 Safari/537.36"
177.99.150.178 - - [23/Nov/2015:07:45:33 -0500] "GET /theme/js/cbpAnimatedHeader.js HTTP/1.1" 200 477 "http://hackncast.org/" "Mozilla/5.0 (Windows NT 6.1; WOW64) AppleWebKit/537.36 (KHTML, like Gecko) Chrome/46.0.2490.86 Safari/537.36"
177.99.150.178 - - [23/Nov/2015:07:45:33 -0500] "GET /theme/img/hnc-logo.png HTTP/1.1" 200 4106 "http://hackncast.org/" "Mozilla/5.0 (Windows NT 6.1; WOW64) AppleWebKit/537.36 (KHTML, like Gecko) Chrome/46.0.2490.86 Safari/537.36"
177.99.150.178 - - [23/Nov/2015:07:45:34 -0500] "GET /theme/js/freelancer.js HTTP/1.1" 200 464 "http://hackncast.org/" "Mozilla/5.0 (Windows NT 6.1; WOW64) AppleWebKit/537.36 (KHTML, like Gecko) Chrome/46.0.2490.86 Safari/537.36"
177.99.150.178 - - [23/Nov/2015:07:45:34 -0500] "GET /theme/img/logo.png HTTP/1.1" 200 5219 "http://hackncast.org/" "Mozilla/5.0 (Windows NT 6.1; WOW64) AppleWebKit/537.36 (KHTML, like Gecko) Chrome/46.0.2490.86 Safari/537.36"
177.99.150.178 - - [23/Nov/2015:07:45:34 -0500] "GET /images/v0.x/covers/v0.15-cover-sqr.jpg HTTP/1.1" 200 102352 "http://hackncast.org/" "Mozilla/5.0 (Windows NT 6.1; WOW64) AppleWebKit/537.36 (KHTML, like Gecko) Chrome/46.0.2490.86 Safari/537.36"
177.99.150.178 - - [23/Nov/2015:07:45:34 -0500] "GET /images/v0.x/covers/v0.14-cover-sqr.jpg HTTP/1.1" 200 91397 "http://hackncast.org/" "Mozilla/5.0 (Windows NT 6.1; WOW64) AppleWebKit/537.36 (KHTML, like Gecko) Chrome/46.0.2490.86 Safari/537.36"
177.99.150.178 - - [23/Nov/2015:07:45:34 -0500] "GET /images/v0.x/covers/v0.13-cover-sqr.jpg HTTP/1.1" 200 113143 "http://hackncast.org/" "Mozilla/5.0 (Windows NT 6.1; WOW64) AppleWebKit/537.36 (KHTML, like Gecko) Chrome/46.0.2490.86 Safari/537.36"
177.99.150.178 - - [23/Nov/2015:07:45:34 -0500] "GET /theme/img/mais-episodios.png HTTP/1.1" 200 10612 "http://hackncast.org/" "Mozilla/5.0 (Windows NT 6.1; WOW64) AppleWebKit/537.36 (KHTML, like Gecko) Chrome/46.0.2490.86 Safari/537.36"
177.99.150.178 - - [23/Nov/2015:07:45:35 -0500] "GET /theme/img/avatar.png HTTP/1.1" 200 11923 "http://hackncast.org/" "Mozilla/5.0 (Windows NT 6.1; WOW64) AppleWebKit/537.36 (KHTML, like Gecko) Chrome/46.0.2490.86 Safari/537.36"
177.99.150.178 - - [23/Nov/2015:07:45:35 -0500] "GET /images/v0.x/covers/v0.12-cover-sqr.jpg HTTP/1.1" 200 133642 "http://hackncast.org/" "Mozilla/5.0 (Windows NT 6.1; WOW64) AppleWebKit/537.36 (KHTML, like Gecko) Chrome/46.0.2490.86 Safari/537.36"
177.99.150.178 - - [23/Nov/2015:07:45:35 -0500] "GET /images/v0.x/covers/v0.16-cover-sqr.jpg HTTP/1.1" 200 394921 "http://hackncast.org/" "Mozilla/5.0 (Windows NT 6.1; WOW64) AppleWebKit/537.36 (KHTML, like Gecko) Chrome/46.0.2490.86 Safari/537.36"
177.99.150.178 - - [23/Nov/2015:07:45:36 -0500] "GET /theme/img/favicon.ico HTTP/1.1" 200 3885 "http://hackncast.org/" "Mozilla/5.0 (Windows NT 6.1; WOW64) AppleWebKit/537.36 (KHTML, like Gecko) Chrome/46.0.2490.86 Safari/537.36"
69.162.124.228 - - [23/Nov/2015:07:46:14 -0500] "GET /bug-form HTTP/1.1" 200 1741 "-" "Mozilla/5.0+(compatible; UptimeRobot/2.0; http://www.uptimerobot.com/)"
69.162.124.228 - - [23/Nov/2015:07:47:01 -0500] "HEAD / HTTP/1.1" 200 0 "-" "Mozilla/5.0+(compatible; UptimeRobot/2.0; http://www.uptimerobot.com/)"
69.162.124.228 - - [23/Nov/2015:07:51:14 -0500] "GET /bug-form HTTP/1.1" 200 1741 "-" "Mozilla/5.0+(compatible; UptimeRobot/2.0; http://www.uptimerobot.com/)"
69.162.124.228 - - [23/Nov/2015:07:52:01 -0500] "HEAD / HTTP/1.1" 200 0 "-" "Mozilla/5.0+(compatible; UptimeRobot/2.0; http://www.uptimerobot.com/)"
5.9.89.170 - - [23/Nov/2015:07:55:31 -0500] "GET /robots.txt HTTP/1.0" 404 162 "-" "Mozilla/5.0 (compatible; MJ12bot/v1.4.5; http://www.majestic12.co.uk/bot.php?+)"
5.9.89.170 - - [23/Nov/2015:07:55:33 -0500] "GET /feeds/hardware.atom HTTP/1.0" 200 33738 "-" "Mozilla/5.0 (compatible; MJ12bot/v1.4.5; http://www.majestic12.co.uk/bot.php?+)"
5.9.89.170 - - [23/Nov/2015:07:55:34 -0500] "GET /feeds/hardware.rss HTTP/1.0" 200 33543 "-" "Mozilla/5.0 (compatible; MJ12bot/v1.4.5; http://www.majestic12.co.uk/bot.php?+)"
69.162.124.228 - - [23/Nov/2015:07:56:14 -0500] "GET /bug-form HTTP/1.1" 200 1741 "-" "Mozilla/5.0+(compatible; UptimeRobot/2.0; http://www.uptimerobot.com/)"
69.162.124.228 - - [23/Nov/2015:07:57:01 -0500] "HEAD / HTTP/1.1" 200 0 "-" "Mozilla/5.0+(compatible; UptimeRobot/2.0; http://www.uptimerobot.com/)"
207.46.13.95 - - [23/Nov/2015:07:58:08 -0500] "GET /robots.txt HTTP/1.1" 404 162 "-" "Mozilla/5.0 (compatible; bingbot/2.0; +http://www.bing.com/bingbot.htm)"
207.46.13.95 - - [23/Nov/2015:07:58:15 -0500] "GET /tag/hacklab HTTP/1.1" 200 4000 "-" "Mozilla/5.0 (compatible; bingbot/2.0; +http://www.bing.com/bingbot.htm)"
69.162.124.228 - - [23/Nov/2015:08:01:14 -0500] "GET /bug-form HTTP/1.1" 200 1741 "-" "Mozilla/5.0+(compatible; UptimeRobot/2.0; http://www.uptimerobot.com/)"
69.162.124.228 - - [23/Nov/2015:08:02:01 -0500] "HEAD / HTTP/1.1" 200 0 "-" "Mozilla/5.0+(compatible; UptimeRobot/2.0; http://www.uptimerobot.com/)"
69.162.124.228 - - [23/Nov/2015:08:06:14 -0500] "GET /bug-form HTTP/1.1" 200 1741 "-" "Mozilla/5.0+(compatible; UptimeRobot/2.0; http://www.uptimerobot.com/)"
69.162.124.228 - - [23/Nov/2015:08:07:01 -0500] "HEAD / HTTP/1.1" 200 0 "-" "Mozilla/5.0+(compatible; UptimeRobot/2.0; http://www.uptimerobot.com/)"
69.162.124.228 - - [23/Nov/2015:08:11:34 -0500] "GET /bug-form HTTP/1.1" 200 1741 "-" "Mozilla/5.0+(compatible; UptimeRobot/2.0; http://www.uptimerobot.com/)"
69.162.124.228 - - [23/Nov/2015:08:12:01 -0500] "HEAD / HTTP/1.1" 200 0 "-" "Mozilla/5.0+(compatible; UptimeRobot/2.0; http://www.uptimerobot.com/)"
69.162.124.228 - - [23/Nov/2015:08:16:54 -0500] "GET /bug-form HTTP/1.1" 200 1741 "-" "Mozilla/5.0+(compatible; UptimeRobot/2.0; http://www.uptimerobot.com/)"
69.162.124.228 - - [23/Nov/2015:08:17:01 -0500] "HEAD / HTTP/1.1" 200 0 "-" "Mozilla/5.0+(compatible; UptimeRobot/2.0; http://www.uptimerobot.com/)"
208.115.113.93 - - [23/Nov/2015:08:17:51 -0500] "GET /tag/linux HTTP/1.1" 200 16377 "-" "Mozilla/5.0 (compatible; DotBot/1.1; http://www.opensiteexplorer.org/dotbot, help@moz.com)"
208.115.113.93 - - [23/Nov/2015:08:17:54 -0500] "GET /tag/vantagens HTTP/1.1" 200 14595 "-" "Mozilla/5.0 (compatible; DotBot/1.1; http://www.opensiteexplorer.org/dotbot, help@moz.com)"
69.162.124.228 - - [23/Nov/2015:08:21:54 -0500] "GET /bug-form HTTP/1.1" 200 1741 "-" "Mozilla/5.0+(compatible; UptimeRobot/2.0; http://www.uptimerobot.com/)"
69.162.124.228 - - [23/Nov/2015:08:22:01 -0500] "HEAD / HTTP/1.1" 200 0 "-" "Mozilla/5.0+(compatible; UptimeRobot/2.0; http://www.uptimerobot.com/)"
75.150.98.233 - - [23/Nov/2015:08:25:01 -0500] "GET / HTTP/1.1" 200 24367 "-" "Mozilla/4.0 (compatible; MSIE 8.0; Windows NT 6.1; Trident/4.0)"
69.162.124.228 - - [23/Nov/2015:08:26:54 -0500] "GET /bug-form HTTP/1.1" 200 1741 "-" "Mozilla/5.0+(compatible; UptimeRobot/2.0; http://www.uptimerobot.com/)"
69.162.124.228 - - [23/Nov/2015:08:27:01 -0500] "HEAD / HTTP/1.1" 200 0 "-" "Mozilla/5.0+(compatible; UptimeRobot/2.0; http://www.uptimerobot.com/)"
177.148.249.176 - - [23/Nov/2015:08:27:20 -0500] "GET /releases HTTP/1.1" 200 6402 "http://hackncast.org/" "Mozilla/5.0 (X11; Linux x86_64) AppleWebKit/537.36 (KHTML, like Gecko) Chrome/43.0.2357.125 Safari/537.36"
177.148.249.176 - - [23/Nov/2015:08:27:20 -0500] "GET /theme/css/index.css HTTP/1.1" 200 865 "http://hackncast.org/releases" "Mozilla/5.0 (X11; Linux x86_64) AppleWebKit/537.36 (KHTML, like Gecko) Chrome/43.0.2357.125 Safari/537.36"
177.148.249.176 - - [23/Nov/2015:08:27:20 -0500] "GET /images/v0.x/covers/v0.11-cover-sqr.jpg HTTP/1.1" 200 58381 "http://hackncast.org/releases" "Mozilla/5.0 (X11; Linux x86_64) AppleWebKit/537.36 (KHTML, like Gecko) Chrome/43.0.2357.125 Safari/537.36"
177.148.249.176 - - [23/Nov/2015:08:27:21 -0500] "GET /images/v0.x/covers/v0.7-cover-sqr.jpg HTTP/1.1" 200 51606 "http://hackncast.org/releases" "Mozilla/5.0 (X11; Linux x86_64) AppleWebKit/537.36 (KHTML, like Gecko) Chrome/43.0.2357.125 Safari/537.36"
177.148.249.176 - - [23/Nov/2015:08:27:21 -0500] "GET /images/v0.x/covers/v0.9-cover-sqr.jpg HTTP/1.1" 200 106459 "http://hackncast.org/releases" "Mozilla/5.0 (X11; Linux x86_64) AppleWebKit/537.36 (KHTML, like Gecko) Chrome/43.0.2357.125 Safari/537.36"
177.148.249.176 - - [23/Nov/2015:08:27:21 -0500] "GET /images/v0.x/covers/v0.8-cover-sqr.jpg HTTP/1.1" 200 115211 "http://hackncast.org/releases" "Mozilla/5.0 (X11; Linux x86_64) AppleWebKit/537.36 (KHTML, like Gecko) Chrome/43.0.2357.125 Safari/537.36"
177.148.249.176 - - [23/Nov/2015:08:27:21 -0500] "GET /images/v0.x/covers/v0.10-cover-sqr.jpg HTTP/1.1" 200 85761 "http://hackncast.org/releases" "Mozilla/5.0 (X11; Linux x86_64) AppleWebKit/537.36 (KHTML, like Gecko) Chrome/43.0.2357.125 Safari/537.36"
177.148.249.176 - - [23/Nov/2015:08:27:28 -0500] "GET /releases/pagina/2/ HTTP/1.1" 301 178 "http://hackncast.org/releases" "Mozilla/5.0 (X11; Linux x86_64) AppleWebKit/537.36 (KHTML, like Gecko) Chrome/43.0.2357.125 Safari/537.36"
177.148.249.176 - - [23/Nov/2015:08:27:28 -0500] "GET /releases/pagina/2 HTTP/1.1" 200 5440 "http://hackncast.org/releases" "Mozilla/5.0 (X11; Linux x86_64) AppleWebKit/537.36 (KHTML, like Gecko) Chrome/43.0.2357.125 Safari/537.36"
177.148.249.176 - - [23/Nov/2015:08:27:28 -0500] "GET /images/v0.x/covers/v0.1-cover-sqr.jpg HTTP/1.1" 200 74851 "http://hackncast.org/releases/pagina/2" "Mozilla/5.0 (X11; Linux x86_64) AppleWebKit/537.36 (KHTML, like Gecko) Chrome/43.0.2357.125 Safari/537.36"
177.148.249.176 - - [23/Nov/2015:08:27:28 -0500] "GET /images/v0.x/covers/v0.4-cover-sqr.jpg HTTP/1.1" 200 221685 "http://hackncast.org/releases/pagina/2" "Mozilla/5.0 (X11; Linux x86_64) AppleWebKit/537.36 (KHTML, like Gecko) Chrome/43.0.2357.125 Safari/537.36"
177.148.249.176 - - [23/Nov/2015:08:27:29 -0500] "GET /images/v0.x/covers/v0.5-cover-sqr.jpg HTTP/1.1" 200 195489 "http://hackncast.org/releases/pagina/2" "Mozilla/5.0 (X11; Linux x86_64) AppleWebKit/537.36 (KHTML, like Gecko) Chrome/43.0.2357.125 Safari/537.36"
177.148.249.176 - - [23/Nov/2015:08:27:29 -0500] "GET /images/v0.x/covers/v0.6-cover-sqr.jpg HTTP/1.1" 200 295353 "http://hackncast.org/releases/pagina/2" "Mozilla/5.0 (X11; Linux x86_64) AppleWebKit/537.36 (KHTML, like Gecko) Chrome/43.0.2357.125 Safari/537.36"
177.148.249.176 - - [23/Nov/2015:08:27:29 -0500] "GET /images/v0.x/covers/v0.3-cover-sqr.jpg HTTP/1.1" 200 159864 "http://hackncast.org/releases/pagina/2" "Mozilla/5.0 (X11; Linux x86_64) AppleWebKit/537.36 (KHTML, like Gecko) Chrome/43.0.2357.125 Safari/537.36"
177.148.249.176 - - [23/Nov/2015:08:27:29 -0500] "GET /images/v0.x/covers/v0.2-cover-sqr.jpg HTTP/1.1" 200 138705 "http://hackncast.org/releases/pagina/2" "Mozilla/5.0 (X11; Linux x86_64) AppleWebKit/537.36 (KHTML, like Gecko) Chrome/43.0.2357.125 Safari/537.36"
177.148.249.176 - - [23/Nov/2015:08:27:32 -0500] "GET /v06-python HTTP/1.1" 200 11842 "http://hackncast.org/releases/pagina/2" "Mozilla/5.0 (X11; Linux x86_64) AppleWebKit/537.36 (KHTML, like Gecko) Chrome/43.0.2357.125 Safari/537.36"
177.148.249.176 - - [23/Nov/2015:08:27:32 -0500] "GET /theme/css/article.css HTTP/1.1" 200 1237 "http://hackncast.org/v06-python" "Mozilla/5.0 (X11; Linux x86_64) AppleWebKit/537.36 (KHTML, like Gecko) Chrome/43.0.2357.125 Safari/537.36"
177.148.249.176 - - [23/Nov/2015:08:27:32 -0500] "GET /images/v0.x/covers/v0.6-cover-wide.jpg HTTP/1.1" 200 136965 "http://hackncast.org/v06-python" "Mozilla/5.0 (X11; Linux x86_64) AppleWebKit/537.36 (KHTML, like Gecko) Chrome/43.0.2357.125 Safari/537.36"
177.148.249.176 - - [23/Nov/2015:08:27:34 -0500] "GET /theme/img/dark-static.jpg HTTP/1.1" 200 268023 "http://hackncast.org/theme/css/article.css" "Mozilla/5.0 (X11; Linux x86_64) AppleWebKit/537.36 (KHTML, like Gecko) Chrome/43.0.2357.125 Safari/537.36"
189.18.135.94 - - [23/Nov/2015:08:31:44 -0500] "GET / HTTP/1.1" 200 4786 "https://t.co/GyjHIQFZNL" "Mozilla/5.0 (Linux; Android 5.0.2; MotoE2(4G-LTE) Build/LXI22.50-53.8) AppleWebKit/537.36 (KHTML, like Gecko) Chrome/46.0.2490.76 Mobile Safari/537.36"
189.18.135.94 - - [23/Nov/2015:08:31:44 -0500] "GET /theme/css/style.css HTTP/1.1" 200 2348 "http://hackncast.org/" "Mozilla/5.0 (Linux; Android 5.0.2; MotoE2(4G-LTE) Build/LXI22.50-53.8) AppleWebKit/537.36 (KHTML, like Gecko) Chrome/46.0.2490.76 Mobile Safari/537.36"
189.18.135.94 - - [23/Nov/2015:08:31:44 -0500] "GET /theme/css/pygments/native.css HTTP/1.1" 200 933 "http://hackncast.org/" "Mozilla/5.0 (Linux; Android 5.0.2; MotoE2(4G-LTE) Build/LXI22.50-53.8) AppleWebKit/537.36 (KHTML, like Gecko) Chrome/46.0.2490.76 Mobile Safari/537.36"
189.18.135.94 - - [23/Nov/2015:08:31:44 -0500] "GET /theme/js/classie.js HTTP/1.1" 200 691 "http://hackncast.org/" "Mozilla/5.0 (Linux; Android 5.0.2; MotoE2(4G-LTE) Build/LXI22.50-53.8) AppleWebKit/537.36 (KHTML, like Gecko) Chrome/46.0.2490.76 Mobile Safari/537.36"
189.18.135.94 - - [23/Nov/2015:08:31:45 -0500] "GET /theme/js/cbpAnimatedHeader.js HTTP/1.1" 200 477 "http://hackncast.org/" "Mozilla/5.0 (Linux; Android 5.0.2; MotoE2(4G-LTE) Build/LXI22.50-53.8) AppleWebKit/537.36 (KHTML, like Gecko) Chrome/46.0.2490.76 Mobile Safari/537.36"
189.18.135.94 - - [23/Nov/2015:08:31:45 -0500] "GET /theme/js/freelancer.js HTTP/1.1" 200 464 "http://hackncast.org/" "Mozilla/5.0 (Linux; Android 5.0.2; MotoE2(4G-LTE) Build/LXI22.50-53.8) AppleWebKit/537.36 (KHTML, like Gecko) Chrome/46.0.2490.76 Mobile Safari/537.36"
189.18.135.94 - - [23/Nov/2015:08:31:45 -0500] "GET /theme/img/hnc-logo.png HTTP/1.1" 200 4106 "http://hackncast.org/" "Mozilla/5.0 (Linux; Android 5.0.2; MotoE2(4G-LTE) Build/LXI22.50-53.8) AppleWebKit/537.36 (KHTML, like Gecko) Chrome/46.0.2490.76 Mobile Safari/537.36"
189.18.135.94 - - [23/Nov/2015:08:31:45 -0500] "GET /theme/img/logo.png HTTP/1.1" 200 5219 "http://hackncast.org/" "Mozilla/5.0 (Linux; Android 5.0.2; MotoE2(4G-LTE) Build/LXI22.50-53.8) AppleWebKit/537.36 (KHTML, like Gecko) Chrome/46.0.2490.76 Mobile Safari/537.36"
189.18.135.94 - - [23/Nov/2015:08:31:51 -0500] "GET /images/v0.x/covers/v0.15-cover-sqr.jpg HTTP/1.1" 200 102352 "http://hackncast.org/" "Mozilla/5.0 (Linux; Android 5.0.2; MotoE2(4G-LTE) Build/LXI22.50-53.8) AppleWebKit/537.36 (KHTML, like Gecko) Chrome/46.0.2490.76 Mobile Safari/537.36"
189.18.135.94 - - [23/Nov/2015:08:31:51 -0500] "GET /images/v0.x/covers/v0.14-cover-sqr.jpg HTTP/1.1" 200 91397 "http://hackncast.org/" "Mozilla/5.0 (Linux; Android 5.0.2; MotoE2(4G-LTE) Build/LXI22.50-53.8) AppleWebKit/537.36 (KHTML, like Gecko) Chrome/46.0.2490.76 Mobile Safari/537.36"
189.18.135.94 - - [23/Nov/2015:08:31:51 -0500] "GET /theme/img/mais-episodios.png HTTP/1.1" 200 10612 "http://hackncast.org/" "Mozilla/5.0 (Linux; Android 5.0.2; MotoE2(4G-LTE) Build/LXI22.50-53.8) AppleWebKit/537.36 (KHTML, like Gecko) Chrome/46.0.2490.76 Mobile Safari/537.36"
189.18.135.94 - - [23/Nov/2015:08:31:51 -0500] "GET /theme/img/avatar.png HTTP/1.1" 200 11923 "http://hackncast.org/" "Mozilla/5.0 (Linux; Android 5.0.2; MotoE2(4G-LTE) Build/LXI22.50-53.8) AppleWebKit/537.36 (KHTML, like Gecko) Chrome/46.0.2490.76 Mobile Safari/537.36"
189.18.135.94 - - [23/Nov/2015:08:31:51 -0500] "GET /images/v0.x/covers/v0.12-cover-sqr.jpg HTTP/1.1" 200 133642 "http://hackncast.org/" "Mozilla/5.0 (Linux; Android 5.0.2; MotoE2(4G-LTE) Build/LXI22.50-53.8) AppleWebKit/537.36 (KHTML, like Gecko) Chrome/46.0.2490.76 Mobile Safari/537.36"
189.18.135.94 - - [23/Nov/2015:08:31:52 -0500] "GET /images/v0.x/covers/v0.13-cover-sqr.jpg HTTP/1.1" 200 113143 "http://hackncast.org/" "Mozilla/5.0 (Linux; Android 5.0.2; MotoE2(4G-LTE) Build/LXI22.50-53.8) AppleWebKit/537.36 (KHTML, like Gecko) Chrome/46.0.2490.76 Mobile Safari/537.36"
189.18.135.94 - - [23/Nov/2015:08:31:53 -0500] "GET /images/v0.x/covers/v0.16-cover-sqr.jpg HTTP/1.1" 200 394921 "http://hackncast.org/" "Mozilla/5.0 (Linux; Android 5.0.2; MotoE2(4G-LTE) Build/LXI22.50-53.8) AppleWebKit/537.36 (KHTML, like Gecko) Chrome/46.0.2490.76 Mobile Safari/537.36"
69.162.124.228 - - [23/Nov/2015:08:31:54 -0500] "GET /bug-form HTTP/1.1" 200 1740 "-" "Mozilla/5.0+(compatible; UptimeRobot/2.0; http://www.uptimerobot.com/)"
189.18.135.94 - - [23/Nov/2015:08:31:55 -0500] "GET /theme/img/favicon.ico HTTP/1.1" 200 3885 "http://hackncast.org/" "Mozilla/5.0 (Linux; Android 5.0.2; MotoE2(4G-LTE) Build/LXI22.50-53.8) AppleWebKit/537.36 (KHTML, like Gecko) Chrome/46.0.2490.76 Mobile Safari/537.36"
69.162.124.228 - - [23/Nov/2015:08:32:01 -0500] "HEAD / HTTP/1.1" 200 0 "-" "Mozilla/5.0+(compatible; UptimeRobot/2.0; http://www.uptimerobot.com/)"
189.18.135.94 - - [23/Nov/2015:08:32:18 -0500] "GET /releases HTTP/1.1" 200 6402 "http://hackncast.org/" "Mozilla/5.0 (Linux; Android 5.0.2; MotoE2(4G-LTE) Build/LXI22.50-53.8) AppleWebKit/537.36 (KHTML, like Gecko) Chrome/46.0.2490.76 Mobile Safari/537.36"
189.18.135.94 - - [23/Nov/2015:08:32:18 -0500] "GET /theme/css/index.css HTTP/1.1" 200 865 "http://hackncast.org/releases" "Mozilla/5.0 (Linux; Android 5.0.2; MotoE2(4G-LTE) Build/LXI22.50-53.8) AppleWebKit/537.36 (KHTML, like Gecko) Chrome/46.0.2490.76 Mobile Safari/537.36"
189.18.135.94 - - [23/Nov/2015:08:32:18 -0500] "GET /images/v0.x/covers/v0.11-cover-sqr.jpg HTTP/1.1" 200 58381 "http://hackncast.org/releases" "Mozilla/5.0 (Linux; Android 5.0.2; MotoE2(4G-LTE) Build/LXI22.50-53.8) AppleWebKit/537.36 (KHTML, like Gecko) Chrome/46.0.2490.76 Mobile Safari/537.36"
189.18.135.94 - - [23/Nov/2015:08:32:19 -0500] "GET /images/v0.x/covers/v0.10-cover-sqr.jpg HTTP/1.1" 200 85761 "http://hackncast.org/releases" "Mozilla/5.0 (Linux; Android 5.0.2; MotoE2(4G-LTE) Build/LXI22.50-53.8) AppleWebKit/537.36 (KHTML, like Gecko) Chrome/46.0.2490.76 Mobile Safari/537.36"
189.18.135.94 - - [23/Nov/2015:08:32:19 -0500] "GET /images/v0.x/covers/v0.9-cover-sqr.jpg HTTP/1.1" 200 106459 "http://hackncast.org/releases" "Mozilla/5.0 (Linux; Android 5.0.2; MotoE2(4G-LTE) Build/LXI22.50-53.8) AppleWebKit/537.36 (KHTML, like Gecko) Chrome/46.0.2490.76 Mobile Safari/537.36"
189.18.135.94 - - [23/Nov/2015:08:32:19 -0500] "GET /images/v0.x/covers/v0.8-cover-sqr.jpg HTTP/1.1" 200 115211 "http://hackncast.org/releases" "Mozilla/5.0 (Linux; Android 5.0.2; MotoE2(4G-LTE) Build/LXI22.50-53.8) AppleWebKit/537.36 (KHTML, like Gecko) Chrome/46.0.2490.76 Mobile Safari/537.36"
189.18.135.94 - - [23/Nov/2015:08:32:19 -0500] "GET /images/v0.x/covers/v0.7-cover-sqr.jpg HTTP/1.1" 200 51606 "http://hackncast.org/releases" "Mozilla/5.0 (Linux; Android 5.0.2; MotoE2(4G-LTE) Build/LXI22.50-53.8) AppleWebKit/537.36 (KHTML, like Gecko) Chrome/46.0.2490.76 Mobile Safari/537.36"
69.162.124.228 - - [23/Nov/2015:08:36:54 -0500] "GET /bug-form HTTP/1.1" 200 1741 "-" "Mozilla/5.0+(compatible; UptimeRobot/2.0; http://www.uptimerobot.com/)"
69.162.124.228 - - [23/Nov/2015:08:37:01 -0500] "HEAD / HTTP/1.1" 200 0 "-" "Mozilla/5.0+(compatible; UptimeRobot/2.0; http://www.uptimerobot.com/)"
54.242.5.94 - - [23/Nov/2015:08:40:45 -0500] "GET /feeds/filosofia.atom HTTP/1.1" 200 5366 "-" "Mozilla/5.0 (compatible; linkdexbot/2.0; +http://www.linkdex.com/bots/)"
54.242.5.94 - - [23/Nov/2015:08:40:45 -0500] "GET /robots.txt HTTP/1.1" 404 136 "-" "Mozilla/5.0 (compatible; linkdexbot/2.0; +http://www.linkdex.com/bots/)"
54.242.5.94 - - [23/Nov/2015:08:40:45 -0500] "GET /robots.txt HTTP/1.1" 404 136 "-" "Mozilla/5.0 (compatible; linkdexbot/2.0; +http://www.linkdex.com/bots/)"
69.162.124.228 - - [23/Nov/2015:08:41:54 -0500] "GET /bug-form HTTP/1.1" 200 1741 "-" "Mozilla/5.0+(compatible; UptimeRobot/2.0; http://www.uptimerobot.com/)"
69.162.124.228 - - [23/Nov/2015:08:42:01 -0500] "HEAD / HTTP/1.1" 200 0 "-" "Mozilla/5.0+(compatible; UptimeRobot/2.0; http://www.uptimerobot.com/)"
69.162.124.228 - - [23/Nov/2015:08:46:54 -0500] "GET /bug-form HTTP/1.1" 200 1741 "-" "Mozilla/5.0+(compatible; UptimeRobot/2.0; http://www.uptimerobot.com/)"
69.162.124.228 - - [23/Nov/2015:08:47:01 -0500] "HEAD / HTTP/1.1" 200 0 "-" "Mozilla/5.0+(compatible; UptimeRobot/2.0; http://www.uptimerobot.com/)"
69.162.124.228 - - [23/Nov/2015:08:51:54 -0500] "GET /bug-form HTTP/1.1" 200 1741 "-" "Mozilla/5.0+(compatible; UptimeRobot/2.0; http://www.uptimerobot.com/)"
69.162.124.228 - - [23/Nov/2015:08:52:01 -0500] "HEAD / HTTP/1.1" 200 0 "-" "Mozilla/5.0+(compatible; UptimeRobot/2.0; http://www.uptimerobot.com/)"
180.76.15.18 - - [23/Nov/2015:08:54:45 -0500] "GET / HTTP/1.1" 200 4786 "-" "Mozilla/5.0 (compatible; Baiduspider/2.0; +http://www.baidu.com/search/spider.html)"
69.162.124.228 - - [23/Nov/2015:08:56:54 -0500] "GET /bug-form HTTP/1.1" 200 1741 "-" "Mozilla/5.0+(compatible; UptimeRobot/2.0; http://www.uptimerobot.com/)"
69.162.124.228 - - [23/Nov/2015:08:57:01 -0500] "HEAD / HTTP/1.1" 200 0 "-" "Mozilla/5.0+(compatible; UptimeRobot/2.0; http://www.uptimerobot.com/)"
186.204.67.178 - - [23/Nov/2015:08:58:25 -0500] "GET / HTTP/1.1" 200 4786 "-" "Mozilla/5.0 (Linux; Android 5.1; XT1033 Build/LPB23.13-56) AppleWebKit/537.36 (KHTML, like Gecko) Chrome/46.0.2490.76 Mobile Safari/537.36"
186.204.67.178 - - [23/Nov/2015:08:58:25 -0500] "GET /theme/css/style.css HTTP/1.1" 200 2348 "http://hackncast.org/" "Mozilla/5.0 (Linux; Android 5.1; XT1033 Build/LPB23.13-56) AppleWebKit/537.36 (KHTML, like Gecko) Chrome/46.0.2490.76 Mobile Safari/537.36"
186.204.67.178 - - [23/Nov/2015:08:58:26 -0500] "GET /theme/css/pygments/native.css HTTP/1.1" 200 933 "http://hackncast.org/" "Mozilla/5.0 (Linux; Android 5.1; XT1033 Build/LPB23.13-56) AppleWebKit/537.36 (KHTML, like Gecko) Chrome/46.0.2490.76 Mobile Safari/537.36"
186.204.67.178 - - [23/Nov/2015:08:58:26 -0500] "GET /theme/js/classie.js HTTP/1.1" 200 691 "http://hackncast.org/" "Mozilla/5.0 (Linux; Android 5.1; XT1033 Build/LPB23.13-56) AppleWebKit/537.36 (KHTML, like Gecko) Chrome/46.0.2490.76 Mobile Safari/537.36"
186.204.67.178 - - [23/Nov/2015:08:58:26 -0500] "GET /theme/js/freelancer.js HTTP/1.1" 200 464 "http://hackncast.org/" "Mozilla/5.0 (Linux; Android 5.1; XT1033 Build/LPB23.13-56) AppleWebKit/537.36 (KHTML, like Gecko) Chrome/46.0.2490.76 Mobile Safari/537.36"
186.204.67.178 - - [23/Nov/2015:08:58:26 -0500] "GET /theme/img/hnc-logo.png HTTP/1.1" 200 4106 "http://hackncast.org/" "Mozilla/5.0 (Linux; Android 5.1; XT1033 Build/LPB23.13-56) AppleWebKit/537.36 (KHTML, like Gecko) Chrome/46.0.2490.76 Mobile Safari/537.36"
186.204.67.178 - - [23/Nov/2015:08:58:26 -0500] "GET /theme/js/cbpAnimatedHeader.js HTTP/1.1" 200 477 "http://hackncast.org/" "Mozilla/5.0 (Linux; Android 5.1; XT1033 Build/LPB23.13-56) AppleWebKit/537.36 (KHTML, like Gecko) Chrome/46.0.2490.76 Mobile Safari/537.36"
186.204.67.178 - - [23/Nov/2015:08:58:26 -0500] "GET /theme/img/logo.png HTTP/1.1" 200 5219 "http://hackncast.org/" "Mozilla/5.0 (Linux; Android 5.1; XT1033 Build/LPB23.13-56) AppleWebKit/537.36 (KHTML, like Gecko) Chrome/46.0.2490.76 Mobile Safari/537.36"
186.204.67.178 - - [23/Nov/2015:08:58:27 -0500] "GET /images/v0.x/covers/v0.15-cover-sqr.jpg HTTP/1.1" 200 102352 "http://hackncast.org/" "Mozilla/5.0 (Linux; Android 5.1; XT1033 Build/LPB23.13-56) AppleWebKit/537.36 (KHTML, like Gecko) Chrome/46.0.2490.76 Mobile Safari/537.36"
186.204.67.178 - - [23/Nov/2015:08:58:27 -0500] "GET /images/v0.x/covers/v0.14-cover-sqr.jpg HTTP/1.1" 200 91397 "http://hackncast.org/" "Mozilla/5.0 (Linux; Android 5.1; XT1033 Build/LPB23.13-56) AppleWebKit/537.36 (KHTML, like Gecko) Chrome/46.0.2490.76 Mobile Safari/537.36"
186.204.67.178 - - [23/Nov/2015:08:58:27 -0500] "GET /theme/img/mais-episodios.png HTTP/1.1" 200 10612 "http://hackncast.org/" "Mozilla/5.0 (Linux; Android 5.1; XT1033 Build/LPB23.13-56) AppleWebKit/537.36 (KHTML, like Gecko) Chrome/46.0.2490.76 Mobile Safari/537.36"
186.204.67.178 - - [23/Nov/2015:08:58:27 -0500] "GET /theme/img/avatar.png HTTP/1.1" 200 11923 "http://hackncast.org/" "Mozilla/5.0 (Linux; Android 5.1; XT1033 Build/LPB23.13-56) AppleWebKit/537.36 (KHTML, like Gecko) Chrome/46.0.2490.76 Mobile Safari/537.36"
186.204.67.178 - - [23/Nov/2015:08:58:27 -0500] "GET /images/v0.x/covers/v0.12-cover-sqr.jpg HTTP/1.1" 200 133642 "http://hackncast.org/" "Mozilla/5.0 (Linux; Android 5.1; XT1033 Build/LPB23.13-56) AppleWebKit/537.36 (KHTML, like Gecko) Chrome/46.0.2490.76 Mobile Safari/537.36"
186.204.67.178 - - [23/Nov/2015:08:58:27 -0500] "GET /images/v0.x/covers/v0.13-cover-sqr.jpg HTTP/1.1" 200 113143 "http://hackncast.org/" "Mozilla/5.0 (Linux; Android 5.1; XT1033 Build/LPB23.13-56) AppleWebKit/537.36 (KHTML, like Gecko) Chrome/46.0.2490.76 Mobile Safari/537.36"
186.204.67.178 - - [23/Nov/2015:08:58:28 -0500] "GET /images/v0.x/covers/v0.16-cover-sqr.jpg HTTP/1.1" 200 394921 "http://hackncast.org/" "Mozilla/5.0 (Linux; Android 5.1; XT1033 Build/LPB23.13-56) AppleWebKit/537.36 (KHTML, like Gecko) Chrome/46.0.2490.76 Mobile Safari/537.36"
69.162.124.228 - - [23/Nov/2015:09:01:54 -0500] "GET /bug-form HTTP/1.1" 200 1741 "-" "Mozilla/5.0+(compatible; UptimeRobot/2.0; http://www.uptimerobot.com/)"
69.162.124.228 - - [23/Nov/2015:09:02:01 -0500] "HEAD / HTTP/1.1" 200 0 "-" "Mozilla/5.0+(compatible; UptimeRobot/2.0; http://www.uptimerobot.com/)"
69.162.124.228 - - [23/Nov/2015:09:06:54 -0500] "GET /bug-form HTTP/1.1" 200 1741 "-" "Mozilla/5.0+(compatible; UptimeRobot/2.0; http://www.uptimerobot.com/)"
69.162.124.228 - - [23/Nov/2015:09:07:01 -0500] "HEAD / HTTP/1.1" 200 0 "-" "Mozilla/5.0+(compatible; UptimeRobot/2.0; http://www.uptimerobot.com/)"
69.162.124.228 - - [23/Nov/2015:09:11:54 -0500] "GET /bug-form HTTP/1.1" 200 1741 "-" "Mozilla/5.0+(compatible; UptimeRobot/2.0; http://www.uptimerobot.com/)"
69.162.124.228 - - [23/Nov/2015:09:12:01 -0500] "HEAD / HTTP/1.1" 200 0 "-" "Mozilla/5.0+(compatible; UptimeRobot/2.0; http://www.uptimerobot.com/)"
186.210.42.149 - - [23/Nov/2015:09:16:34 -0500] "GET / HTTP/1.1" 200 4786 "https://www.google.com.br/" "Mozilla/5.0 (Windows NT 6.3; WOW64) AppleWebKit/537.36 (KHTML, like Gecko) Chrome/46.0.2490.86 Safari/537.36"
186.210.42.149 - - [23/Nov/2015:09:16:34 -0500] "GET /theme/css/style.css HTTP/1.1" 200 2348 "http://hackncast.org/" "Mozilla/5.0 (Windows NT 6.3; WOW64) AppleWebKit/537.36 (KHTML, like Gecko) Chrome/46.0.2490.86 Safari/537.36"
186.210.42.149 - - [23/Nov/2015:09:16:34 -0500] "GET /theme/css/pygments/native.css HTTP/1.1" 200 933 "http://hackncast.org/" "Mozilla/5.0 (Windows NT 6.3; WOW64) AppleWebKit/537.36 (KHTML, like Gecko) Chrome/46.0.2490.86 Safari/537.36"
186.210.42.149 - - [23/Nov/2015:09:16:34 -0500] "GET /theme/js/classie.js HTTP/1.1" 200 691 "http://hackncast.org/" "Mozilla/5.0 (Windows NT 6.3; WOW64) AppleWebKit/537.36 (KHTML, like Gecko) Chrome/46.0.2490.86 Safari/537.36"
186.210.42.149 - - [23/Nov/2015:09:16:34 -0500] "GET /theme/js/cbpAnimatedHeader.js HTTP/1.1" 200 477 "http://hackncast.org/" "Mozilla/5.0 (Windows NT 6.3; WOW64) AppleWebKit/537.36 (KHTML, like Gecko) Chrome/46.0.2490.86 Safari/537.36"
186.210.42.149 - - [23/Nov/2015:09:16:34 -0500] "GET /theme/js/freelancer.js HTTP/1.1" 200 464 "http://hackncast.org/" "Mozilla/5.0 (Windows NT 6.3; WOW64) AppleWebKit/537.36 (KHTML, like Gecko) Chrome/46.0.2490.86 Safari/537.36"
186.210.42.149 - - [23/Nov/2015:09:16:34 -0500] "GET /theme/img/hnc-logo.png HTTP/1.1" 200 4106 "http://hackncast.org/" "Mozilla/5.0 (Windows NT 6.3; WOW64) AppleWebKit/537.36 (KHTML, like Gecko) Chrome/46.0.2490.86 Safari/537.36"
186.210.42.149 - - [23/Nov/2015:09:16:34 -0500] "GET /theme/img/logo.png HTTP/1.1" 200 5219 "http://hackncast.org/" "Mozilla/5.0 (Windows NT 6.3; WOW64) AppleWebKit/537.36 (KHTML, like Gecko) Chrome/46.0.2490.86 Safari/537.36"
186.210.42.149 - - [23/Nov/2015:09:16:35 -0500] "GET /images/v0.x/covers/v0.15-cover-sqr.jpg HTTP/1.1" 200 102352 "http://hackncast.org/" "Mozilla/5.0 (Windows NT 6.3; WOW64) AppleWebKit/537.36 (KHTML, like Gecko) Chrome/46.0.2490.86 Safari/537.36"
186.210.42.149 - - [23/Nov/2015:09:16:35 -0500] "GET /images/v0.x/covers/v0.14-cover-sqr.jpg HTTP/1.1" 200 91397 "http://hackncast.org/" "Mozilla/5.0 (Windows NT 6.3; WOW64) AppleWebKit/537.36 (KHTML, like Gecko) Chrome/46.0.2490.86 Safari/537.36"
186.210.42.149 - - [23/Nov/2015:09:16:35 -0500] "GET /theme/img/mais-episodios.png HTTP/1.1" 200 10612 "http://hackncast.org/" "Mozilla/5.0 (Windows NT 6.3; WOW64) AppleWebKit/537.36 (KHTML, like Gecko) Chrome/46.0.2490.86 Safari/537.36"
186.210.42.149 - - [23/Nov/2015:09:16:35 -0500] "GET /theme/img/avatar.png HTTP/1.1" 200 11923 "http://hackncast.org/" "Mozilla/5.0 (Windows NT 6.3; WOW64) AppleWebKit/537.36 (KHTML, like Gecko) Chrome/46.0.2490.86 Safari/537.36"
186.210.42.149 - - [23/Nov/2015:09:16:35 -0500] "GET /images/v0.x/covers/v0.13-cover-sqr.jpg HTTP/1.1" 200 113143 "http://hackncast.org/" "Mozilla/5.0 (Windows NT 6.3; WOW64) AppleWebKit/537.36 (KHTML, like Gecko) Chrome/46.0.2490.86 Safari/537.36"
186.210.42.149 - - [23/Nov/2015:09:16:35 -0500] "GET /images/v0.x/covers/v0.12-cover-sqr.jpg HTTP/1.1" 200 133642 "http://hackncast.org/" "Mozilla/5.0 (Windows NT 6.3; WOW64) AppleWebKit/537.36 (KHTML, like Gecko) Chrome/46.0.2490.86 Safari/537.36"
186.210.42.149 - - [23/Nov/2015:09:16:36 -0500] "GET /images/v0.x/covers/v0.16-cover-sqr.jpg HTTP/1.1" 200 394921 "http://hackncast.org/" "Mozilla/5.0 (Windows NT 6.3; WOW64) AppleWebKit/537.36 (KHTML, like Gecko) Chrome/46.0.2490.86 Safari/537.36"
186.210.42.149 - - [23/Nov/2015:09:16:37 -0500] "GET /theme/img/favicon.ico HTTP/1.1" 200 3885 "http://hackncast.org/" "Mozilla/5.0 (Windows NT 6.3; WOW64) AppleWebKit/537.36 (KHTML, like Gecko) Chrome/46.0.2490.86 Safari/537.36"
186.210.42.149 - - [23/Nov/2015:09:16:50 -0500] "GET /releases HTTP/1.1" 200 6402 "http://hackncast.org/" "Mozilla/5.0 (Windows NT 6.3; WOW64) AppleWebKit/537.36 (KHTML, like Gecko) Chrome/46.0.2490.86 Safari/537.36"
186.210.42.149 - - [23/Nov/2015:09:16:51 -0500] "GET /theme/css/index.css HTTP/1.1" 200 865 "http://hackncast.org/releases" "Mozilla/5.0 (Windows NT 6.3; WOW64) AppleWebKit/537.36 (KHTML, like Gecko) Chrome/46.0.2490.86 Safari/537.36"
186.210.42.149 - - [23/Nov/2015:09:16:51 -0500] "GET /images/v0.x/covers/v0.11-cover-sqr.jpg HTTP/1.1" 200 58381 "http://hackncast.org/releases" "Mozilla/5.0 (Windows NT 6.3; WOW64) AppleWebKit/537.36 (KHTML, like Gecko) Chrome/46.0.2490.86 Safari/537.36"
186.210.42.149 - - [23/Nov/2015:09:16:51 -0500] "GET /images/v0.x/covers/v0.10-cover-sqr.jpg HTTP/1.1" 200 85761 "http://hackncast.org/releases" "Mozilla/5.0 (Windows NT 6.3; WOW64) AppleWebKit/537.36 (KHTML, like Gecko) Chrome/46.0.2490.86 Safari/537.36"
186.210.42.149 - - [23/Nov/2015:09:16:51 -0500] "GET /images/v0.x/covers/v0.9-cover-sqr.jpg HTTP/1.1" 200 106459 "http://hackncast.org/releases" "Mozilla/5.0 (Windows NT 6.3; WOW64) AppleWebKit/537.36 (KHTML, like Gecko) Chrome/46.0.2490.86 Safari/537.36"
186.210.42.149 - - [23/Nov/2015:09:16:51 -0500] "GET /images/v0.x/covers/v0.7-cover-sqr.jpg HTTP/1.1" 200 51606 "http://hackncast.org/releases" "Mozilla/5.0 (Windows NT 6.3; WOW64) AppleWebKit/537.36 (KHTML, like Gecko) Chrome/46.0.2490.86 Safari/537.36"
186.210.42.149 - - [23/Nov/2015:09:16:51 -0500] "GET /images/v0.x/covers/v0.8-cover-sqr.jpg HTTP/1.1" 200 115211 "http://hackncast.org/releases" "Mozilla/5.0 (Windows NT 6.3; WOW64) AppleWebKit/537.36 (KHTML, like Gecko) Chrome/46.0.2490.86 Safari/537.36"
69.162.124.228 - - [23/Nov/2015:09:16:54 -0500] "GET /bug-form HTTP/1.1" 200 1741 "-" "Mozilla/5.0+(compatible; UptimeRobot/2.0; http://www.uptimerobot.com/)"
69.162.124.228 - - [23/Nov/2015:09:17:01 -0500] "HEAD / HTTP/1.1" 200 0 "-" "Mozilla/5.0+(compatible; UptimeRobot/2.0; http://www.uptimerobot.com/)"
186.210.42.149 - - [23/Nov/2015:09:18:04 -0500] "GET /releases/pagina/2/ HTTP/1.1" 301 178 "http://hackncast.org/releases" "Mozilla/5.0 (Windows NT 6.3; WOW64) AppleWebKit/537.36 (KHTML, like Gecko) Chrome/46.0.2490.86 Safari/537.36"
186.210.42.149 - - [23/Nov/2015:09:18:04 -0500] "GET /releases/pagina/2 HTTP/1.1" 200 5440 "http://hackncast.org/releases" "Mozilla/5.0 (Windows NT 6.3; WOW64) AppleWebKit/537.36 (KHTML, like Gecko) Chrome/46.0.2490.86 Safari/537.36"
186.210.42.149 - - [23/Nov/2015:09:18:04 -0500] "GET /images/v0.x/covers/v0.1-cover-sqr.jpg HTTP/1.1" 200 74851 "http://hackncast.org/releases/pagina/2" "Mozilla/5.0 (Windows NT 6.3; WOW64) AppleWebKit/537.36 (KHTML, like Gecko) Chrome/46.0.2490.86 Safari/537.36"
186.210.42.149 - - [23/Nov/2015:09:18:05 -0500] "GET /images/v0.x/covers/v0.3-cover-sqr.jpg HTTP/1.1" 200 159864 "http://hackncast.org/releases/pagina/2" "Mozilla/5.0 (Windows NT 6.3; WOW64) AppleWebKit/537.36 (KHTML, like Gecko) Chrome/46.0.2490.86 Safari/537.36"
186.210.42.149 - - [23/Nov/2015:09:18:05 -0500] "GET /images/v0.x/covers/v0.5-cover-sqr.jpg HTTP/1.1" 200 195489 "http://hackncast.org/releases/pagina/2" "Mozilla/5.0 (Windows NT 6.3; WOW64) AppleWebKit/537.36 (KHTML, like Gecko) Chrome/46.0.2490.86 Safari/537.36"
186.210.42.149 - - [23/Nov/2015:09:18:05 -0500] "GET /images/v0.x/covers/v0.6-cover-sqr.jpg HTTP/1.1" 200 295353 "http://hackncast.org/releases/pagina/2" "Mozilla/5.0 (Windows NT 6.3; WOW64) AppleWebKit/537.36 (KHTML, like Gecko) Chrome/46.0.2490.86 Safari/537.36"
186.210.42.149 - - [23/Nov/2015:09:18:05 -0500] "GET /images/v0.x/covers/v0.4-cover-sqr.jpg HTTP/1.1" 200 221685 "http://hackncast.org/releases/pagina/2" "Mozilla/5.0 (Windows NT 6.3; WOW64) AppleWebKit/537.36 (KHTML, like Gecko) Chrome/46.0.2490.86 Safari/537.36"
186.210.42.149 - - [23/Nov/2015:09:18:05 -0500] "GET /images/v0.x/covers/v0.2-cover-sqr.jpg HTTP/1.1" 200 138705 "http://hackncast.org/releases/pagina/2" "Mozilla/5.0 (Windows NT 6.3; WOW64) AppleWebKit/537.36 (KHTML, like Gecko) Chrome/46.0.2490.86 Safari/537.36"
186.210.42.149 - - [23/Nov/2015:09:18:47 -0500] "GET /v05-por-que-usar-gnulinux HTTP/1.1" 200 8884 "http://hackncast.org/releases/pagina/2" "Mozilla/5.0 (Windows NT 6.3; WOW64) AppleWebKit/537.36 (KHTML, like Gecko) Chrome/46.0.2490.86 Safari/537.36"
186.210.42.149 - - [23/Nov/2015:09:18:47 -0500] "GET /theme/css/article.css HTTP/1.1" 200 1237 "http://hackncast.org/v05-por-que-usar-gnulinux" "Mozilla/5.0 (Windows NT 6.3; WOW64) AppleWebKit/537.36 (KHTML, like Gecko) Chrome/46.0.2490.86 Safari/537.36"
186.210.42.149 - - [23/Nov/2015:09:18:47 -0500] "GET /images/v0.x/covers/v0.5-cover-wide.jpg HTTP/1.1" 200 211755 "http://hackncast.org/v05-por-que-usar-gnulinux" "Mozilla/5.0 (Windows NT 6.3; WOW64) AppleWebKit/537.36 (KHTML, like Gecko) Chrome/46.0.2490.86 Safari/537.36"
186.210.42.149 - - [23/Nov/2015:09:18:48 -0500] "GET /theme/img/dark-static.jpg HTTP/1.1" 200 268023 "http://hackncast.org/theme/css/article.css" "Mozilla/5.0 (Windows NT 6.3; WOW64) AppleWebKit/537.36 (KHTML, like Gecko) Chrome/46.0.2490.86 Safari/537.36"
186.210.42.149 - - [23/Nov/2015:09:20:29 -0500] "GET /v011-seguranca-na-nuvem HTTP/1.1" 200 9150 "http://hackncast.org/releases" "Mozilla/5.0 (Windows NT 6.3; WOW64) AppleWebKit/537.36 (KHTML, like Gecko) Chrome/46.0.2490.86 Safari/537.36"
186.210.42.149 - - [23/Nov/2015:09:20:30 -0500] "GET /images/v0.x/covers/v0.11-cover-wide.jpg HTTP/1.1" 200 65491 "http://hackncast.org/v011-seguranca-na-nuvem" "Mozilla/5.0 (Windows NT 6.3; WOW64) AppleWebKit/537.36 (KHTML, like Gecko) Chrome/46.0.2490.86 Safari/537.36"
69.162.124.228 - - [23/Nov/2015:09:21:54 -0500] "GET /bug-form HTTP/1.1" 200 1741 "-" "Mozilla/5.0+(compatible; UptimeRobot/2.0; http://www.uptimerobot.com/)"
69.162.124.228 - - [23/Nov/2015:09:22:01 -0500] "HEAD / HTTP/1.1" 200 0 "-" "Mozilla/5.0+(compatible; UptimeRobot/2.0; http://www.uptimerobot.com/)"
186.210.42.149 - - [23/Nov/2015:09:22:13 -0500] "GET /v05-por-que-usar-gnulinux HTTP/1.1" 200 8884 "-" "Mozilla/5.0 (Mobile; Windows Phone 8.1; Android 4.0; ARM; Trident/7.0; Touch; rv:11.0; IEMobile/11.0; NOKIA; Lumia 520) like iPhone OS 7_0_3 Mac OS X AppleWebKit/537 (KHTML, like Gecko) Mobile Safari/537"
