191.181.23.139 - - [23/Nov/2015:01:08:23 -0500] "GET /theme/img/mais-episodios.png HTTP/1.1" 200 10612 "http://hackncast.org/" "Mozilla/5.0 (Linux; Android 5.1.1; D2403 Build/18.6.A.0.175) AppleWebKit/537.36 (KHTML, like Gecko) Chrome/46.0.2490.76 Mobile Safari/537.36"
191.181.23.139 - - [23/Nov/2015:01:08:24 -0500] "GET /images/v0.x/covers/v0.13-cover-sqr.jpg HTTP/1.1" 200 113143 "http://hackncast.org/" "Mozilla/5.0 (Linux; Android 5.1.1; D2403 Build/18.6.A.0.175) AppleWebKit/537.36 (KHTML, like Gecko) Chrome/46.0.2490.76 Mobile Safari/537.36"
191.181.23.139 - - [23/Nov/2015:01:08:24 -0500] "GET /images/v0.x/covers/v0.12-cover-sqr.jpg HTTP/1.1" 200 133642 "http://hackncast.org/" "Mozilla/5.0 (Linux; Android 5.1.1; D2403 Build/18.6.A.0.175) AppleWebKit/537.36 (KHTML, like Gecko) Chrome/46.0.2490.76 Mobile Safari/537.36"
191.181.23.139 - - [23/Nov/2015:01:08:24 -0500] "GET /images/v0.x/covers/v0.16-cover-sqr.jpg HTTP/1.1" 200 394921 "http://hackncast.org/" "Mozilla/5.0 (Linux; Android 5.1.1; D2403 Build/18.6.A.0.175) AppleWebKit/537.36 (KHTML, like Gecko) Chrome/46.0.2490.76 Mobile Safari/537.36"
191.181.23.139 - - [23/Nov/2015:01:08:24 -0500] "GET /theme/img/favicon.ico HTTP/1.1" 200 3885 "http://hackncast.org/" "Mozilla/5.0 (Linux; Android 5.1.1; D2403 Build/18.6.A.0.175) AppleWebKit/537.36 (KHTML, like Gecko) Chrome/46.0.2490.76 Mobile Safari/537.36"
191.181.23.139 - - [23/Nov/2015:01:08:46 -0500] "GET /releases HTTP/1.1" 200 6402 "http://hackncast.org/" "Mozilla/5.0 (Linux; Android 5.1.1; D2403 Build/18.6.A.0.175) AppleWebKit/537.36 (KHTML, like Gecko) Chrome/46.0.2490.76 Mobile Safari/537.36"
191.181.23.139 - - [23/Nov/2015:01:08:46 -0500] "GET /theme/css/index.css HTTP/1.1" 200 865 "http://hackncast.org/releases" "Mozilla/5.0 (Linux; Android 5.1.1; D2403 Build/18.6.A.0.175) AppleWebKit/537.36 (KHTML, like Gecko) Chrome/46.0.2490.76 Mobile Safari/537.36"
191.181.23.139 - - [23/Nov/2015:01:08:46 -0500] "GET /images/v0.x/covers/v0.11-cover-sqr.jpg HTTP/1.1" 200 58381 "http://hackncast.org/releases" "Mozilla/5.0 (Linux; Android 5.1.1; D2403 Build/18.6.A.0.175) AppleWebKit/537.36 (KHTML, like Gecko) Chrome/46.0.2490.76 Mobile Safari/537.36"
191.181.23.139 - - [23/Nov/2015:01:08:46 -0500] "GET /images/v0.x/covers/v0.9-cover-sqr.jpg HTTP/1.1" 200 106459 "http://hackncast.org/releases" "Mozilla/5.0 (Linux; Android 5.1.1; D2403 Build/18.6.A.0.175) AppleWebKit/537.36 (KHTML, like Gecko) Chrome/46.0.2490.76 Mobile Safari/537.36"
191.181.23.139 - - [23/Nov/2015:01:08:46 -0500] "GET /images/v0.x/covers/v0.10-cover-sqr.jpg HTTP/1.1" 200 85761 "http://hackncast.org/releases" "Mozilla/5.0 (Linux; Android 5.1.1; D2403 Build/18.6.A.0.175) AppleWebKit/537.36 (KHTML, like Gecko) Chrome/46.0.2490.76 Mobile Safari/537.36"
191.181.23.139 - - [23/Nov/2015:01:08:46 -0500] "GET /images/v0.x/covers/v0.7-cover-sqr.jpg HTTP/1.1" 200 51606 "http://hackncast.org/releases" "Mozilla/5.0 (Linux; Android 5.1.1; D2403 Build/18.6.A.0.175) AppleWebKit/537.36 (KHTML, like Gecko) Chrome/46.0.2490.76 Mobile Safari/537.36"
69.162.124.228 - - [23/Nov/2015:01:08:46 -0500] "GET /bug-form HTTP/1.1" 200 1741 "-" "Mozilla/5.0+(compatible; UptimeRobot/2.0; http://www.uptimerobot.com/)"
191.181.23.139 - - [23/Nov/2015:01:08:47 -0500] "GET /images/v0.x/covers/v0.8-cover-sqr.jpg HTTP/1.1" 200 115211 "http://hackncast.org/releases" "Mozilla/5.0 (Linux; Android 5.1.1; D2403 Build/18.6.A.0.175) AppleWebKit/537.36 (KHTML, like Gecko) Chrome/46.0.2490.76 Mobile Safari/537.36"
191.181.23.139 - - [23/Nov/2015:01:09:11 -0500] "GET /v07-opa HTTP/1.1" 200 7188 "http://hackncast.org/releases" "Mozilla/5.0 (Linux; Android 5.1.1; D2403 Build/18.6.A.0.175) AppleWebKit/537.36 (KHTML, like Gecko) Chrome/46.0.2490.76 Mobile Safari/537.36"
191.181.23.139 - - [23/Nov/2015:01:09:11 -0500] "GET /images/v0.x/covers/v0.7-cover-wide.jpg HTTP/1.1" 200 52278 "http://hackncast.org/v07-opa" "Mozilla/5.0 (Linux; Android 5.1.1; D2403 Build/18.6.A.0.175) AppleWebKit/537.36 (KHTML, like Gecko) Chrome/46.0.2490.76 Mobile Safari/537.36"
69.162.124.228 - - [23/Nov/2015:01:10:41 -0500] "HEAD / HTTP/1.1" 200 0 "-" "Mozilla/5.0+(compatible; UptimeRobot/2.0; http://www.uptimerobot.com/)"
69.162.124.228 - - [23/Nov/2015:01:13:46 -0500] "GET /bug-form HTTP/1.1" 200 1741 "-" "Mozilla/5.0+(compatible; UptimeRobot/2.0; http://www.uptimerobot.com/)"
69.162.124.228 - - [23/Nov/2015:01:15:41 -0500] "HEAD / HTTP/1.1" 200 0 "-" "Mozilla/5.0+(compatible; UptimeRobot/2.0; http://www.uptimerobot.com/)"
69.162.124.228 - - [23/Nov/2015:01:18:46 -0500] "GET /bug-form HTTP/1.1" 200 1741 "-" "Mozilla/5.0+(compatible; UptimeRobot/2.0; http://www.uptimerobot.com/)"
69.162.124.228 - - [23/Nov/2015:01:20:41 -0500] "HEAD / HTTP/1.1" 200 0 "-" "Mozilla/5.0+(compatible; UptimeRobot/2.0; http://www.uptimerobot.com/)"
69.162.124.228 - - [23/Nov/2015:01:23:46 -0500] "GET /bug-form HTTP/1.1" 200 1741 "-" "Mozilla/5.0+(compatible; UptimeRobot/2.0; http://www.uptimerobot.com/)"
69.162.124.228 - - [23/Nov/2015:01:25:41 -0500] "HEAD / HTTP/1.1" 200 0 "-" "Mozilla/5.0+(compatible; UptimeRobot/2.0; http://www.uptimerobot.com/)"
69.162.124.228 - - [23/Nov/2015:01:28:46 -0500] "GET /bug-form HTTP/1.1" 200 1741 "-" "Mozilla/5.0+(compatible; UptimeRobot/2.0; http://www.uptimerobot.com/)"
69.162.124.228 - - [23/Nov/2015:01:30:41 -0500] "HEAD / HTTP/1.1" 200 0 "-" "Mozilla/5.0+(compatible; UptimeRobot/2.0; http://www.uptimerobot.com/)"
158.69.198.82 - - [23/Nov/2015:01:31:30 -0500] "GET /robots.txt HTTP/1.0" 404 162 "-" "Mozilla/5.0 (compatible; MJ12bot/v1.4.5; http://www.majestic12.co.uk/bot.php?+)"
158.69.198.82 - - [23/Nov/2015:01:31:32 -0500] "GET /feeds/filosofia.atom HTTP/1.0" 200 15210 "-" "Mozilla/5.0 (compatible; MJ12bot/v1.4.5; http://www.majestic12.co.uk/bot.php?+)"
158.69.198.82 - - [23/Nov/2015:01:31:33 -0500] "GET /feeds/filosofia.rss HTTP/1.0" 200 15217 "-" "Mozilla/5.0 (compatible; MJ12bot/v1.4.5; http://www.majestic12.co.uk/bot.php?+)"
69.162.124.228 - - [23/Nov/2015:01:33:46 -0500] "GET /bug-form HTTP/1.1" 200 1741 "-" "Mozilla/5.0+(compatible; UptimeRobot/2.0; http://www.uptimerobot.com/)"
69.162.124.228 - - [23/Nov/2015:01:35:41 -0500] "HEAD / HTTP/1.1" 200 0 "-" "Mozilla/5.0+(compatible; UptimeRobot/2.0; http://www.uptimerobot.com/)"
69.162.124.228 - - [23/Nov/2015:01:38:46 -0500] "GET /bug-form HTTP/1.1" 200 1741 "-" "Mozilla/5.0+(compatible; UptimeRobot/2.0; http://www.uptimerobot.com/)"
69.162.124.228 - - [23/Nov/2015:01:40:41 -0500] "HEAD / HTTP/1.1" 200 0 "-" "Mozilla/5.0+(compatible; UptimeRobot/2.0; http://www.uptimerobot.com/)"
69.162.124.228 - - [23/Nov/2015:01:43:46 -0500] "GET /bug-form HTTP/1.1" 200 1741 "-" "Mozilla/5.0+(compatible; UptimeRobot/2.0; http://www.uptimerobot.com/)"
66.249.83.154 - - [23/Nov/2015:01:44:07 -0500] "GET /feeds.rss HTTP/1.1" 200 59164 "-" "Feedfetcher-Google; (+http://www.google.com/feedfetcher.html; feed-id=16756500131442207872)"
69.162.124.228 - - [23/Nov/2015:01:45:41 -0500] "HEAD / HTTP/1.1" 200 0 "-" "Mozilla/5.0+(compatible; UptimeRobot/2.0; http://www.uptimerobot.com/)"
69.162.124.228 - - [23/Nov/2015:01:48:46 -0500] "GET /bug-form HTTP/1.1" 200 1741 "-" "Mozilla/5.0+(compatible; UptimeRobot/2.0; http://www.uptimerobot.com/)"
69.162.124.228 - - [23/Nov/2015:01:50:41 -0500] "HEAD / HTTP/1.1" 200 0 "-" "Mozilla/5.0+(compatible; UptimeRobot/2.0; http://www.uptimerobot.com/)"
69.162.124.228 - - [23/Nov/2015:01:53:47 -0500] "GET /bug-form HTTP/1.1" 200 1741 "-" "Mozilla/5.0+(compatible; UptimeRobot/2.0; http://www.uptimerobot.com/)"
69.162.124.228 - - [23/Nov/2015:01:55:41 -0500] "HEAD / HTTP/1.1" 200 0 "-" "Mozilla/5.0+(compatible; UptimeRobot/2.0; http://www.uptimerobot.com/)"
69.162.124.228 - - [23/Nov/2015:01:58:47 -0500] "GET /bug-form HTTP/1.1" 200 1741 "-" "Mozilla/5.0+(compatible; UptimeRobot/2.0; http://www.uptimerobot.com/)"
68.180.229.247 - - [23/Nov/2015:01:58:58 -0500] "GET /releases/ HTTP/1.1" 301 178 "-" "Mozilla/5.0 (compatible; Yahoo! Slurp; http://help.yahoo.com/help/us/ysearch/slurp)"
68.180.229.247 - - [23/Nov/2015:01:58:58 -0500] "GET /releases HTTP/1.1" 304 0 "-" "Mozilla/5.0 (compatible; Yahoo! Slurp; http://help.yahoo.com/help/us/ysearch/slurp)"
69.162.124.228 - - [23/Nov/2015:02:00:41 -0500] "HEAD / HTTP/1.1" 200 0 "-" "Mozilla/5.0+(compatible; UptimeRobot/2.0; http://www.uptimerobot.com/)"
69.162.124.228 - - [23/Nov/2015:02:03:47 -0500] "GET /bug-form HTTP/1.1" 200 1741 "-" "Mozilla/5.0+(compatible; UptimeRobot/2.0; http://www.uptimerobot.com/)"
69.162.124.228 - - [23/Nov/2015:02:05:41 -0500] "HEAD / HTTP/1.1" 200 0 "-" "Mozilla/5.0+(compatible; UptimeRobot/2.0; http://www.uptimerobot.com/)"
69.162.124.228 - - [23/Nov/2015:02:08:47 -0500] "GET /bug-form HTTP/1.1" 200 1741 "-" "Mozilla/5.0+(compatible; UptimeRobot/2.0; http://www.uptimerobot.com/)"
69.162.124.228 - - [23/Nov/2015:02:10:41 -0500] "HEAD / HTTP/1.1" 200 0 "-" "Mozilla/5.0+(compatible; UptimeRobot/2.0; http://www.uptimerobot.com/)"
195.154.157.47 - - [23/Nov/2015:02:12:57 -0500] "GET /robots.txt HTTP/1.0" 404 162 "-" "Mozilla/5.0 (compatible; MJ12bot/v1.4.5; http://www.majestic12.co.uk/bot.php?+)"
195.154.157.47 - - [23/Nov/2015:02:12:59 -0500] "GET /v015-sistemas-embarcados-parte-1 HTTP/1.0" 200 28639 "-" "Mozilla/5.0 (compatible; MJ12bot/v1.4.5; http://www.majestic12.co.uk/bot.php?+)"
69.162.124.228 - - [23/Nov/2015:02:13:47 -0500] "GET /bug-form HTTP/1.1" 200 1741 "-" "Mozilla/5.0+(compatible; UptimeRobot/2.0; http://www.uptimerobot.com/)"
66.249.83.148 - - [23/Nov/2015:02:14:58 -0500] "GET /feeds.rss HTTP/1.1" 200 59164 "-" "Feedfetcher-Google; (+http://www.google.com/feedfetcher.html; feed-id=16756500131442207872)"
68.180.229.247 - - [23/Nov/2015:02:15:10 -0500] "GET /tag/softwares HTTP/1.1" 200 4060 "-" "Mozilla/5.0 (compatible; Yahoo! Slurp; http://help.yahoo.com/help/us/ysearch/slurp)"
69.162.124.228 - - [23/Nov/2015:02:15:41 -0500] "HEAD / HTTP/1.1" 200 0 "-" "Mozilla/5.0+(compatible; UptimeRobot/2.0; http://www.uptimerobot.com/)"
69.162.124.228 - - [23/Nov/2015:02:18:47 -0500] "GET /bug-form HTTP/1.1" 200 1741 "-" "Mozilla/5.0+(compatible; UptimeRobot/2.0; http://www.uptimerobot.com/)"
69.162.124.228 - - [23/Nov/2015:02:20:41 -0500] "HEAD / HTTP/1.1" 200 0 "-" "Mozilla/5.0+(compatible; UptimeRobot/2.0; http://www.uptimerobot.com/)"
69.162.124.228 - - [23/Nov/2015:02:23:47 -0500] "GET /bug-form HTTP/1.1" 200 1741 "-" "Mozilla/5.0+(compatible; UptimeRobot/2.0; http://www.uptimerobot.com/)"
207.46.13.85 - - [23/Nov/2015:02:24:17 -0500] "GET /robots.txt HTTP/1.1" 404 162 "-" "Mozilla/5.0 (compatible; bingbot/2.0; +http://www.bing.com/bingbot.htm)"
207.46.13.85 - - [23/Nov/2015:02:24:23 -0500] "GET / HTTP/1.1" 200 4786 "-" "Mozilla/5.0 (compatible; bingbot/2.0; +http://www.bing.com/bingbot.htm)"
207.46.13.85 - - [23/Nov/2015:02:25:13 -0500] "GET /theme/css/style.css HTTP/1.1" 200 2348 "-" "Mozilla/5.0 (compatible; bingbot/2.0; +http://www.bing.com/bingbot.htm)"
207.46.13.95 - - [23/Nov/2015:02:25:17 -0500] "GET /theme/js/cbpAnimatedHeader.js HTTP/1.1" 200 477 "-" "Mozilla/5.0 (compatible; bingbot/2.0; +http://www.bing.com/bingbot.htm)"
207.46.13.95 - - [23/Nov/2015:02:25:17 -0500] "GET /theme/js/freelancer.js HTTP/1.1" 200 464 "-" "Mozilla/5.0 (compatible; bingbot/2.0; +http://www.bing.com/bingbot.htm)"
69.162.124.228 - - [23/Nov/2015:02:25:41 -0500] "HEAD / HTTP/1.1" 200 0 "-" "Mozilla/5.0+(compatible; UptimeRobot/2.0; http://www.uptimerobot.com/)"
207.46.13.95 - - [23/Nov/2015:02:26:22 -0500] "GET /robots.txt HTTP/1.1" 404 136 "-" "Mozilla/5.0 (compatible; bingbot/2.0; +http://www.bing.com/bingbot.htm)"
40.77.167.17 - - [23/Nov/2015:02:26:22 -0500] "GET /robots.txt HTTP/1.1" 404 162 "-" "Mozilla/5.0 (compatible; bingbot/2.0; +http://www.bing.com/bingbot.htm)"
40.77.167.17 - - [23/Nov/2015:02:26:27 -0500] "GET /theme/css/pygments/native.css HTTP/1.1" 200 933 "-" "Mozilla/5.0 (compatible; bingbot/2.0; +http://www.bing.com/bingbot.htm)"
40.77.167.17 - - [23/Nov/2015:02:26:30 -0500] "GET /theme/js/classie.js HTTP/1.1" 200 691 "-" "Mozilla/5.0 (compatible; bingbot/2.0; +http://www.bing.com/bingbot.htm)"
97.107.141.176 - - [23/Nov/2015:02:27:15 -0500] "GET /feeds/podcast.rss HTTP/1.1" 304 0 "-" "iTunes/12.0.1 (Macintosh; Intel Mac OS X 10.10.1) AppleWebKit/600.1.25"
69.162.124.228 - - [23/Nov/2015:02:28:47 -0500] "GET /bug-form HTTP/1.1" 200 1741 "-" "Mozilla/5.0+(compatible; UptimeRobot/2.0; http://www.uptimerobot.com/)"
69.162.124.228 - - [23/Nov/2015:02:30:41 -0500] "HEAD / HTTP/1.1" 200 0 "-" "Mozilla/5.0+(compatible; UptimeRobot/2.0; http://www.uptimerobot.com/)"
69.162.124.228 - - [23/Nov/2015:02:33:47 -0500] "GET /bug-form HTTP/1.1" 200 1740 "-" "Mozilla/5.0+(compatible; UptimeRobot/2.0; http://www.uptimerobot.com/)"
69.162.124.228 - - [23/Nov/2015:02:35:41 -0500] "HEAD / HTTP/1.1" 200 0 "-" "Mozilla/5.0+(compatible; UptimeRobot/2.0; http://www.uptimerobot.com/)"
69.162.124.228 - - [23/Nov/2015:02:38:47 -0500] "GET /bug-form HTTP/1.1" 200 1741 "-" "Mozilla/5.0+(compatible; UptimeRobot/2.0; http://www.uptimerobot.com/)"
69.162.124.228 - - [23/Nov/2015:02:40:41 -0500] "HEAD / HTTP/1.1" 200 0 "-" "Mozilla/5.0+(compatible; UptimeRobot/2.0; http://www.uptimerobot.com/)"
69.162.124.228 - - [23/Nov/2015:02:43:47 -0500] "GET /bug-form HTTP/1.1" 200 1741 "-" "Mozilla/5.0+(compatible; UptimeRobot/2.0; http://www.uptimerobot.com/)"
66.249.83.151 - - [23/Nov/2015:02:44:57 -0500] "GET /images/v0.x/covers/v0.14-cover-sqr.jpg HTTP/1.1" 200 91397 "-" "Mozilla/5.0 (Windows NT 5.1; rv:11.0) Gecko Firefox/11.0 (via ggpht.com GoogleImageProxy)"
69.162.124.228 - - [23/Nov/2015:02:45:41 -0500] "HEAD / HTTP/1.1" 200 0 "-" "Mozilla/5.0+(compatible; UptimeRobot/2.0; http://www.uptimerobot.com/)"
69.162.124.228 - - [23/Nov/2015:02:48:47 -0500] "GET /bug-form HTTP/1.1" 200 1741 "-" "Mozilla/5.0+(compatible; UptimeRobot/2.0; http://www.uptimerobot.com/)"
66.249.83.151 - - [23/Nov/2015:02:50:05 -0500] "GET /feeds.rss HTTP/1.1" 200 59164 "-" "Feedfetcher-Google; (+http://www.google.com/feedfetcher.html; feed-id=16756500131442207872)"
69.162.124.228 - - [23/Nov/2015:02:50:41 -0500] "HEAD / HTTP/1.1" 200 0 "-" "Mozilla/5.0+(compatible; UptimeRobot/2.0; http://www.uptimerobot.com/)"
69.162.124.228 - - [23/Nov/2015:02:56:13 -0500] "GET /bug-form HTTP/1.1" 200 1741 "-" "Mozilla/5.0+(compatible; UptimeRobot/2.0; http://www.uptimerobot.com/)"
69.162.124.228 - - [23/Nov/2015:02:57:00 -0500] "HEAD / HTTP/1.1" 200 0 "-" "Mozilla/5.0+(compatible; UptimeRobot/2.0; http://www.uptimerobot.com/)"
69.162.124.228 - - [23/Nov/2015:03:01:13 -0500] "GET /bug-form HTTP/1.1" 200 1741 "-" "Mozilla/5.0+(compatible; UptimeRobot/2.0; http://www.uptimerobot.com/)"
69.162.124.228 - - [23/Nov/2015:03:02:00 -0500] "HEAD / HTTP/1.1" 200 0 "-" "Mozilla/5.0+(compatible; UptimeRobot/2.0; http://www.uptimerobot.com/)"
208.115.113.93 - - [23/Nov/2015:03:05:29 -0500] "GET /robots.txt HTTP/1.1" 404 162 "-" "Mozilla/5.0 (compatible; DotBot/1.1; http://www.opensiteexplorer.org/dotbot, help@moz.com)"
69.162.124.228 - - [23/Nov/2015:03:06:13 -0500] "GET /bug-form HTTP/1.1" 200 1741 "-" "Mozilla/5.0+(compatible; UptimeRobot/2.0; http://www.uptimerobot.com/)"
69.162.124.228 - - [23/Nov/2015:03:07:00 -0500] "HEAD / HTTP/1.1" 200 0 "-" "Mozilla/5.0+(compatible; UptimeRobot/2.0; http://www.uptimerobot.com/)"
69.162.124.228 - - [23/Nov/2015:03:11:13 -0500] "GET /bug-form HTTP/1.1" 200 1741 "-" "Mozilla/5.0+(compatible; UptimeRobot/2.0; http://www.uptimerobot.com/)"
69.162.124.228 - - [23/Nov/2015:03:12:00 -0500] "HEAD / HTTP/1.1" 200 0 "-" "Mozilla/5.0+(compatible; UptimeRobot/2.0; http://www.uptimerobot.com/)"
69.162.124.228 - - [23/Nov/2015:03:16:13 -0500] "GET /bug-form HTTP/1.1" 200 1741 "-" "Mozilla/5.0+(compatible; UptimeRobot/2.0; http://www.uptimerobot.com/)"
69.162.124.228 - - [23/Nov/2015:03:17:00 -0500] "HEAD / HTTP/1.1" 200 0 "-" "Mozilla/5.0+(compatible; UptimeRobot/2.0; http://www.uptimerobot.com/)"
65.19.138.33 - - [23/Nov/2015:03:20:58 -0500] "GET /feeds.atom HTTP/1.1" 200 59048 "-" "Feedly/1.0 (+http://www.feedly.com/fetcher.html; like FeedFetcher-Google)"
69.162.124.228 - - [23/Nov/2015:03:21:13 -0500] "GET /bug-form HTTP/1.1" 200 1741 "-" "Mozilla/5.0+(compatible; UptimeRobot/2.0; http://www.uptimerobot.com/)"
69.162.124.228 - - [23/Nov/2015:03:22:00 -0500] "HEAD / HTTP/1.1" 200 0 "-" "Mozilla/5.0+(compatible; UptimeRobot/2.0; http://www.uptimerobot.com/)"
66.249.83.154 - - [23/Nov/2015:03:22:39 -0500] "GET /feeds.rss HTTP/1.1" 200 59164 "-" "Feedfetcher-Google; (+http://www.google.com/feedfetcher.html; feed-id=16756500131442207872)"
69.162.124.228 - - [23/Nov/2015:03:26:13 -0500] "GET /bug-form HTTP/1.1" 200 1741 "-" "Mozilla/5.0+(compatible; UptimeRobot/2.0; http://www.uptimerobot.com/)"
69.162.124.228 - - [23/Nov/2015:03:27:00 -0500] "HEAD / HTTP/1.1" 200 0 "-" "Mozilla/5.0+(compatible; UptimeRobot/2.0; http://www.uptimerobot.com/)"
69.162.124.228 - - [23/Nov/2015:03:31:13 -0500] "GET /bug-form HTTP/1.1" 200 1741 "-" "Mozilla/5.0+(compatible; UptimeRobot/2.0; http://www.uptimerobot.com/)"
69.162.124.228 - - [23/Nov/2015:03:32:00 -0500] "HEAD / HTTP/1.1" 200 0 "-" "Mozilla/5.0+(compatible; UptimeRobot/2.0; http://www.uptimerobot.com/)"
208.115.111.74 - - [23/Nov/2015:03:32:03 -0500] "GET /robots.txt HTTP/1.1" 404 162 "-" "Mozilla/5.0 (compatible; DotBot/1.1; http://www.opensiteexplorer.org/dotbot, help@moz.com)"
23.29.134.4 - - [23/Nov/2015:03:35:09 -0500] "GET / HTTP/1.1" 200 4786 "http://phls.com.br" "Scrapy/1.0.3 (+http://scrapy.org)"
69.162.124.228 - - [23/Nov/2015:03:36:13 -0500] "GET /bug-form HTTP/1.1" 200 1741 "-" "Mozilla/5.0+(compatible; UptimeRobot/2.0; http://www.uptimerobot.com/)"
69.162.124.228 - - [23/Nov/2015:03:37:00 -0500] "HEAD / HTTP/1.1" 200 0 "-" "Mozilla/5.0+(compatible; UptimeRobot/2.0; http://www.uptimerobot.com/)"
69.162.124.228 - - [23/Nov/2015:03:41:13 -0500] "GET /bug-form HTTP/1.1" 200 1741 "-" "Mozilla/5.0+(compatible; UptimeRobot/2.0; http://www.uptimerobot.com/)"
69.162.124.228 - - [23/Nov/2015:03:42:00 -0500] "HEAD / HTTP/1.1" 200 0 "-" "Mozilla/5.0+(compatible; UptimeRobot/2.0; http://www.uptimerobot.com/)"
69.162.124.228 - - [23/Nov/2015:03:46:13 -0500] "GET /bug-form HTTP/1.1" 200 1740 "-" "Mozilla/5.0+(compatible; UptimeRobot/2.0; http://www.uptimerobot.com/)"
69.162.124.228 - - [23/Nov/2015:03:47:00 -0500] "HEAD / HTTP/1.1" 200 0 "-" "Mozilla/5.0+(compatible; UptimeRobot/2.0; http://www.uptimerobot.com/)"
69.162.124.228 - - [23/Nov/2015:03:51:13 -0500] "GET /bug-form HTTP/1.1" 200 1741 "-" "Mozilla/5.0+(compatible; UptimeRobot/2.0; http://www.uptimerobot.com/)"
69.162.124.228 - - [23/Nov/2015:03:52:00 -0500] "HEAD / HTTP/1.1" 200 0 "-" "Mozilla/5.0+(compatible; UptimeRobot/2.0; http://www.uptimerobot.com/)"
69.162.124.228 - - [23/Nov/2015:03:56:13 -0500] "GET /bug-form HTTP/1.1" 200 1741 "-" "Mozilla/5.0+(compatible; UptimeRobot/2.0; http://www.uptimerobot.com/)"
69.162.124.228 - - [23/Nov/2015:03:57:00 -0500] "HEAD / HTTP/1.1" 200 0 "-" "Mozilla/5.0+(compatible; UptimeRobot/2.0; http://www.uptimerobot.com/)"
66.249.83.151 - - [23/Nov/2015:03:57:58 -0500] "GET /feeds.rss HTTP/1.1" 200 59164 "-" "Feedfetcher-Google; (+http://www.google.com/feedfetcher.html; feed-id=16756500131442207872)"
69.162.124.228 - - [23/Nov/2015:04:01:13 -0500] "GET /bug-form HTTP/1.1" 200 1741 "-" "Mozilla/5.0+(compatible; UptimeRobot/2.0; http://www.uptimerobot.com/)"
69.162.124.228 - - [23/Nov/2015:04:02:00 -0500] "HEAD / HTTP/1.1" 200 0 "-" "Mozilla/5.0+(compatible; UptimeRobot/2.0; http://www.uptimerobot.com/)"
69.162.124.228 - - [23/Nov/2015:04:06:13 -0500] "GET /bug-form HTTP/1.1" 200 1741 "-" "Mozilla/5.0+(compatible; UptimeRobot/2.0; http://www.uptimerobot.com/)"
69.162.124.228 - - [23/Nov/2015:04:07:00 -0500] "HEAD / HTTP/1.1" 200 0 "-" "Mozilla/5.0+(compatible; UptimeRobot/2.0; http://www.uptimerobot.com/)"
69.162.124.228 - - [23/Nov/2015:04:11:13 -0500] "GET /bug-form HTTP/1.1" 200 1741 "-" "Mozilla/5.0+(compatible; UptimeRobot/2.0; http://www.uptimerobot.com/)"
69.162.124.228 - - [23/Nov/2015:04:12:00 -0500] "HEAD / HTTP/1.1" 200 0 "-" "Mozilla/5.0+(compatible; UptimeRobot/2.0; http://www.uptimerobot.com/)"
65.19.138.33 - - [23/Nov/2015:04:14:26 -0500] "GET /feeds.atom HTTP/1.1" 200 59048 "-" "Feedly/1.0 (+http://www.feedly.com/fetcher.html; like FeedFetcher-Google)"
69.162.124.228 - - [23/Nov/2015:04:16:13 -0500] "GET /bug-form HTTP/1.1" 200 1741 "-" "Mozilla/5.0+(compatible; UptimeRobot/2.0; http://www.uptimerobot.com/)"
69.162.124.228 - - [23/Nov/2015:04:17:00 -0500] "HEAD / HTTP/1.1" 200 0 "-" "Mozilla/5.0+(compatible; UptimeRobot/2.0; http://www.uptimerobot.com/)"
177.20.255.66 - - [23/Nov/2015:04:17:19 -0500] "GET /feeds.rss HTTP/1.1" 304 0 "-" "Mozilla/5.0 (Windows NT 10.0; WOW64) AppleWebKit/537.36 (KHTML, like Gecko) Chrome/46.0.2490.86 Safari/537.36"
69.162.124.228 - - [23/Nov/2015:04:21:13 -0500] "GET /bug-form HTTP/1.1" 200 1741 "-" "Mozilla/5.0+(compatible; UptimeRobot/2.0; http://www.uptimerobot.com/)"
69.162.124.228 - - [23/Nov/2015:04:22:00 -0500] "HEAD / HTTP/1.1" 200 0 "-" "Mozilla/5.0+(compatible; UptimeRobot/2.0; http://www.uptimerobot.com/)"
208.115.113.93 - - [23/Nov/2015:04:24:02 -0500] "GET /tag/hash HTTP/1.1" 200 16381 "-" "Mozilla/5.0 (compatible; DotBot/1.1; http://www.opensiteexplorer.org/dotbot, help@moz.com)"
69.162.124.228 - - [23/Nov/2015:04:26:13 -0500] "GET /bug-form HTTP/1.1" 200 1741 "-" "Mozilla/5.0+(compatible; UptimeRobot/2.0; http://www.uptimerobot.com/)"
77.66.20.217 - - [23/Nov/2015:04:27:00 -0500] "GET /robots.txt HTTP/1.0" 404 162 "-" "Mozilla/5.0 (compatible; Findxbot/1.0; +http://www.findxbot.com)"
69.162.124.228 - - [23/Nov/2015:04:27:00 -0500] "HEAD / HTTP/1.1" 200 0 "-" "Mozilla/5.0+(compatible; UptimeRobot/2.0; http://www.uptimerobot.com/)"
77.66.20.217 - - [23/Nov/2015:04:27:01 -0500] "GET /v016-sistemas-embarcados-parte-2 HTTP/1.0" 200 33235 "-" "Mozilla/5.0 (compatible; Findxbot/1.0; +http://www.findxbot.com)"
66.249.83.151 - - [23/Nov/2015:04:29:08 -0500] "GET /feeds.rss HTTP/1.1" 200 59164 "-" "Feedfetcher-Google; (+http://www.google.com/feedfetcher.html; feed-id=16756500131442207872)"
69.162.124.228 - - [23/Nov/2015:04:31:13 -0500] "GET /bug-form HTTP/1.1" 200 1741 "-" "Mozilla/5.0+(compatible; UptimeRobot/2.0; http://www.uptimerobot.com/)"
69.162.124.228 - - [23/Nov/2015:04:32:00 -0500] "HEAD / HTTP/1.1" 200 0 "-" "Mozilla/5.0+(compatible; UptimeRobot/2.0; http://www.uptimerobot.com/)"
69.162.124.228 - - [23/Nov/2015:04:36:13 -0500] "GET /bug-form HTTP/1.1" 200 1741 "-" "Mozilla/5.0+(compatible; UptimeRobot/2.0; http://www.uptimerobot.com/)"
69.162.124.228 - - [23/Nov/2015:04:37:00 -0500] "HEAD / HTTP/1.1" 200 0 "-" "Mozilla/5.0+(compatible; UptimeRobot/2.0; http://www.uptimerobot.com/)"
69.162.124.228 - - [23/Nov/2015:04:41:13 -0500] "GET /bug-form HTTP/1.1" 200 1741 "-" "Mozilla/5.0+(compatible; UptimeRobot/2.0; http://www.uptimerobot.com/)"
69.162.124.228 - - [23/Nov/2015:04:42:00 -0500] "HEAD / HTTP/1.1" 200 0 "-" "Mozilla/5.0+(compatible; UptimeRobot/2.0; http://www.uptimerobot.com/)"
69.162.124.228 - - [23/Nov/2015:04:46:13 -0500] "GET /bug-form HTTP/1.1" 200 1741 "-" "Mozilla/5.0+(compatible; UptimeRobot/2.0; http://www.uptimerobot.com/)"
69.162.124.228 - - [23/Nov/2015:04:47:00 -0500] "HEAD / HTTP/1.1" 200 0 "-" "Mozilla/5.0+(compatible; UptimeRobot/2.0; http://www.uptimerobot.com/)"
69.162.124.228 - - [23/Nov/2015:04:51:13 -0500] "GET /bug-form HTTP/1.1" 200 1741 "-" "Mozilla/5.0+(compatible; UptimeRobot/2.0; http://www.uptimerobot.com/)"
69.162.124.228 - - [23/Nov/2015:04:52:00 -0500] "HEAD / HTTP/1.1" 200 0 "-" "Mozilla/5.0+(compatible; UptimeRobot/2.0; http://www.uptimerobot.com/)"
69.162.124.228 - - [23/Nov/2015:04:56:13 -0500] "GET /bug-form HTTP/1.1" 200 1741 "-" "Mozilla/5.0+(compatible; UptimeRobot/2.0; http://www.uptimerobot.com/)"
69.162.124.228 - - [23/Nov/2015:04:57:00 -0500] "HEAD / HTTP/1.1" 200 0 "-" "Mozilla/5.0+(compatible; UptimeRobot/2.0; http://www.uptimerobot.com/)"
69.162.124.228 - - [23/Nov/2015:05:01:13 -0500] "GET /bug-form HTTP/1.1" 200 1741 "-" "Mozilla/5.0+(compatible; UptimeRobot/2.0; http://www.uptimerobot.com/)"
69.162.124.228 - - [23/Nov/2015:05:02:00 -0500] "HEAD / HTTP/1.1" 200 0 "-" "Mozilla/5.0+(compatible; UptimeRobot/2.0; http://www.uptimerobot.com/)"
208.115.113.93 - - [23/Nov/2015:05:04:19 -0500] "GET /robots.txt HTTP/1.1" 404 162 "-" "Mozilla/5.0 (compatible; DotBot/1.1; http://www.opensiteexplorer.org/dotbot, help@moz.com)"
69.162.124.228 - - [23/Nov/2015:05:06:13 -0500] "GET /bug-form HTTP/1.1" 200 1741 "-" "Mozilla/5.0+(compatible; UptimeRobot/2.0; http://www.uptimerobot.com/)"
66.249.83.65 - - [23/Nov/2015:05:06:30 -0500] "GET /feeds.rss HTTP/1.1" 200 59164 "-" "Feedfetcher-Google; (+http://www.google.com/feedfetcher.html; feed-id=16756500131442207872)"
69.162.124.228 - - [23/Nov/2015:05:07:00 -0500] "HEAD / HTTP/1.1" 200 0 "-" "Mozilla/5.0+(compatible; UptimeRobot/2.0; http://www.uptimerobot.com/)"
69.162.124.228 - - [23/Nov/2015:05:11:13 -0500] "GET /bug-form HTTP/1.1" 200 1741 "-" "Mozilla/5.0+(compatible; UptimeRobot/2.0; http://www.uptimerobot.com/)"
69.162.124.228 - - [23/Nov/2015:05:12:00 -0500] "HEAD / HTTP/1.1" 200 0 "-" "Mozilla/5.0+(compatible; UptimeRobot/2.0; http://www.uptimerobot.com/)"
66.249.64.78 - - [23/Nov/2015:05:14:20 -0500] "GET /2x32 HTTP/1.1" 404 3314 "-" "Mozilla/5.0 (compatible; Googlebot/2.1; +http://www.google.com/bot.html)"
193.164.216.238 - - [23/Nov/2015:05:14:23 -0500] "GET /robots.txt HTTP/1.0" 404 162 "-" "Mozilla/5.0 (compatible; MJ12bot/v1.4.5; http://www.majestic12.co.uk/bot.php?+)"
193.164.216.238 - - [23/Nov/2015:05:14:25 -0500] "GET /tag/hacker HTTP/1.1" 200 19464 "-" "Mozilla/5.0 (compatible; MJ12bot/v1.4.5; http://www.majestic12.co.uk/bot.php?+)"
193.164.216.238 - - [23/Nov/2015:05:14:27 -0500] "GET /tag/irpf HTTP/1.1" 200 4002 "-" "Mozilla/5.0 (compatible; MJ12bot/v1.4.5; http://www.majestic12.co.uk/bot.php?+)"
69.162.124.228 - - [23/Nov/2015:05:16:13 -0500] "GET /bug-form HTTP/1.1" 200 1741 "-" "Mozilla/5.0+(compatible; UptimeRobot/2.0; http://www.uptimerobot.com/)"
69.162.124.228 - - [23/Nov/2015:05:17:00 -0500] "HEAD / HTTP/1.1" 200 0 "-" "Mozilla/5.0+(compatible; UptimeRobot/2.0; http://www.uptimerobot.com/)"
208.115.111.74 - - [23/Nov/2015:05:19:40 -0500] "GET /tag/hack-n-cast HTTP/1.1" 200 27563 "-" "Mozilla/5.0 (compatible; DotBot/1.1; http://www.opensiteexplorer.org/dotbot, help@moz.com)"
208.115.111.74 - - [23/Nov/2015:05:19:45 -0500] "GET /tag/dr-sin HTTP/1.1" 200 14563 "-" "Mozilla/5.0 (compatible; DotBot/1.1; http://www.opensiteexplorer.org/dotbot, help@moz.com)"
208.115.111.74 - - [23/Nov/2015:05:20:14 -0500] "GET /tag/ken-thompson HTTP/1.1" 200 14387 "-" "Mozilla/5.0 (compatible; DotBot/1.1; http://www.opensiteexplorer.org/dotbot, help@moz.com)"
69.162.124.228 - - [23/Nov/2015:05:21:13 -0500] "GET /bug-form HTTP/1.1" 200 1741 "-" "Mozilla/5.0+(compatible; UptimeRobot/2.0; http://www.uptimerobot.com/)"
69.162.124.228 - - [23/Nov/2015:05:22:00 -0500] "HEAD / HTTP/1.1" 200 0 "-" "Mozilla/5.0+(compatible; UptimeRobot/2.0; http://www.uptimerobot.com/)"
69.162.124.228 - - [23/Nov/2015:05:26:13 -0500] "GET /bug-form HTTP/1.1" 200 1741 "-" "Mozilla/5.0+(compatible; UptimeRobot/2.0; http://www.uptimerobot.com/)"
69.162.124.228 - - [23/Nov/2015:05:27:00 -0500] "HEAD / HTTP/1.1" 200 0 "-" "Mozilla/5.0+(compatible; UptimeRobot/2.0; http://www.uptimerobot.com/)"
69.162.124.228 - - [23/Nov/2015:05:31:13 -0500] "GET /bug-form HTTP/1.1" 200 1741 "-" "Mozilla/5.0+(compatible; UptimeRobot/2.0; http://www.uptimerobot.com/)"
69.162.124.228 - - [23/Nov/2015:05:32:00 -0500] "HEAD / HTTP/1.1" 200 0 "-" "Mozilla/5.0+(compatible; UptimeRobot/2.0; http://www.uptimerobot.com/)"
180.76.15.154 - - [23/Nov/2015:05:34:28 -0500] "GET / HTTP/1.1" 200 24367 "-" "Mozilla/5.0 (compatible; Baiduspider/2.0; +http://www.baidu.com/search/spider.html)"
69.162.124.228 - - [23/Nov/2015:05:36:13 -0500] "GET /bug-form HTTP/1.1" 200 1741 "-" "Mozilla/5.0+(compatible; UptimeRobot/2.0; http://www.uptimerobot.com/)"
69.162.124.228 - - [23/Nov/2015:05:37:00 -0500] "HEAD / HTTP/1.1" 200 0 "-" "Mozilla/5.0+(compatible; UptimeRobot/2.0; http://www.uptimerobot.com/)"
66.249.88.215 - - [23/Nov/2015:05:37:47 -0500] "GET /v06-python HTTP/1.1" 200 46556 "-" "Mozilla/5.0 (Linux; Android 5.1.1; XT1563 Build/LPD23.118-6.1) AppleWebKit/537.36 (KHTML, like Gecko) Chrome/46.0.2490.76 Mobile Safari/537.36"
66.249.88.215 - - [23/Nov/2015:05:37:47 -0500] "GET /theme/css/article.css HTTP/1.1" 200 3594 "http://hackncast.org/v06-python" "Mozilla/5.0 (Linux; Android 5.1.1; XT1563 Build/LPD23.118-6.1) AppleWebKit/537.36 (KHTML, like Gecko) Chrome/46.0.2490.76 Mobile Safari/537.36"
66.249.88.205 - - [23/Nov/2015:05:37:47 -0500] "GET /images/v0.x/covers/v0.6-cover-wide.jpg HTTP/1.1" 200 136965 "http://hackncast.org/v06-python" "Mozilla/5.0 (Linux; Android 5.1.1; XT1563 Build/LPD23.118-6.1) AppleWebKit/537.36 (KHTML, like Gecko) Chrome/46.0.2490.76 Mobile Safari/537.36"
66.249.88.210 - - [23/Nov/2015:05:37:48 -0500] "GET /theme/img/dark-static.jpg HTTP/1.1" 200 268023 "http://hackncast.org/theme/css/article.css" "Mozilla/5.0 (Linux; Android 5.1.1; XT1563 Build/LPD23.118-6.1) AppleWebKit/537.36 (KHTML, like Gecko) Chrome/46.0.2490.76 Mobile Safari/537.36"
66.249.83.127 - - [23/Nov/2015:05:37:59 -0500] "GET /feeds.rss HTTP/1.1" 200 59164 "-" "Feedfetcher-Google; (+http://www.google.com/feedfetcher.html; feed-id=16756500131442207872)"
66.249.88.205 - - [23/Nov/2015:05:40:38 -0500] "GET /trilhas HTTP/1.1" 200 21954 "http://hackncast.org/" "Mozilla/5.0 (Linux; Android 5.1.1; XT1563 Build/LPD23.118-6.1) AppleWebKit/537.36 (KHTML, like Gecko) Chrome/46.0.2490.76 Mobile Safari/537.36"
66.249.88.215 - - [23/Nov/2015:05:40:38 -0500] "GET /theme/css/categories.css HTTP/1.1" 200 767 "http://hackncast.org/trilhas" "Mozilla/5.0 (Linux; Android 5.1.1; XT1563 Build/LPD23.118-6.1) AppleWebKit/537.36 (KHTML, like Gecko) Chrome/46.0.2490.76 Mobile Safari/537.36"
66.249.88.215 - - [23/Nov/2015:05:40:38 -0500] "GET /images/trilhas/seguranca.jpg HTTP/1.1" 200 74119 "http://hackncast.org/trilhas" "Mozilla/5.0 (Linux; Android 5.1.1; XT1563 Build/LPD23.118-6.1) AppleWebKit/537.36 (KHTML, like Gecko) Chrome/46.0.2490.76 Mobile Safari/537.36"
66.249.88.205 - - [23/Nov/2015:05:40:38 -0500] "GET /images/trilhas/filosofia.jpg HTTP/1.1" 200 12870 "http://hackncast.org/trilhas" "Mozilla/5.0 (Linux; Android 5.1.1; XT1563 Build/LPD23.118-6.1) AppleWebKit/537.36 (KHTML, like Gecko) Chrome/46.0.2490.76 Mobile Safari/537.36"
66.249.88.210 - - [23/Nov/2015:05:40:38 -0500] "GET /images/trilhas/gnu-linux.jpg HTTP/1.1" 200 23111 "http://hackncast.org/trilhas" "Mozilla/5.0 (Linux; Android 5.1.1; XT1563 Build/LPD23.118-6.1) AppleWebKit/537.36 (KHTML, like Gecko) Chrome/46.0.2490.76 Mobile Safari/537.36"
66.249.88.210 - - [23/Nov/2015:05:40:38 -0500] "GET /images/trilhas/default.jpg HTTP/1.1" 200 7596 "http://hackncast.org/trilhas" "Mozilla/5.0 (Linux; Android 5.1.1; XT1563 Build/LPD23.118-6.1) AppleWebKit/537.36 (KHTML, like Gecko) Chrome/46.0.2490.76 Mobile Safari/537.36"
66.249.88.210 - - [23/Nov/2015:05:40:39 -0500] "GET /images/trilhas/cultura-pop.jpg HTTP/1.1" 200 29656 "http://hackncast.org/trilhas" "Mozilla/5.0 (Linux; Android 5.1.1; XT1563 Build/LPD23.118-6.1) AppleWebKit/537.36 (KHTML, like Gecko) Chrome/46.0.2490.76 Mobile Safari/537.36"
66.249.88.205 - - [23/Nov/2015:05:40:39 -0500] "GET /images/trilhas/softwares.jpg HTTP/1.1" 200 9875 "http://hackncast.org/trilhas" "Mozilla/5.0 (Linux; Android 5.1.1; XT1563 Build/LPD23.118-6.1) AppleWebKit/537.36 (KHTML, like Gecko) Chrome/46.0.2490.76 Mobile Safari/537.36"
66.249.88.215 - - [23/Nov/2015:05:40:39 -0500] "GET /images/trilhas/programacao.jpg HTTP/1.1" 200 46210 "http://hackncast.org/trilhas" "Mozilla/5.0 (Linux; Android 5.1.1; XT1563 Build/LPD23.118-6.1) AppleWebKit/537.36 (KHTML, like Gecko) Chrome/46.0.2490.76 Mobile Safari/537.36"
66.249.88.205 - - [23/Nov/2015:05:40:39 -0500] "GET /images/trilhas/tecnologias-web.jpg HTTP/1.1" 200 10838 "http://hackncast.org/trilhas" "Mozilla/5.0 (Linux; Android 5.1.1; XT1563 Build/LPD23.118-6.1) AppleWebKit/537.36 (KHTML, like Gecko) Chrome/46.0.2490.76 Mobile Safari/537.36"
69.162.124.228 - - [23/Nov/2015:05:41:13 -0500] "GET /bug-form HTTP/1.1" 200 1741 "-" "Mozilla/5.0+(compatible; UptimeRobot/2.0; http://www.uptimerobot.com/)"
69.162.124.228 - - [23/Nov/2015:05:42:00 -0500] "HEAD / HTTP/1.1" 200 0 "-" "Mozilla/5.0+(compatible; UptimeRobot/2.0; http://www.uptimerobot.com/)"
177.43.95.46 - - [23/Nov/2015:05:42:57 -0500] "GET / HTTP/1.1" 200 4786 "-" "Mozilla/5.0 (X11; Linux x86_64) AppleWebKit/537.36 (KHTML, like Gecko) Chrome/46.0.2490.86 Safari/537.36"
177.43.95.46 - - [23/Nov/2015:05:42:57 -0500] "GET /theme/css/style.css HTTP/1.1" 200 2348 "http://hackncast.org/" "Mozilla/5.0 (X11; Linux x86_64) AppleWebKit/537.36 (KHTML, like Gecko) Chrome/46.0.2490.86 Safari/537.36"
177.43.95.46 - - [23/Nov/2015:05:42:57 -0500] "GET /theme/css/pygments/native.css HTTP/1.1" 200 933 "http://hackncast.org/" "Mozilla/5.0 (X11; Linux x86_64) AppleWebKit/537.36 (KHTML, like Gecko) Chrome/46.0.2490.86 Safari/537.36"
177.43.95.46 - - [23/Nov/2015:05:42:57 -0500] "GET /theme/img/hnc-logo.png HTTP/1.1" 200 4106 "http://hackncast.org/" "Mozilla/5.0 (X11; Linux x86_64) AppleWebKit/537.36 (KHTML, like Gecko) Chrome/46.0.2490.86 Safari/537.36"
177.43.95.46 - - [23/Nov/2015:05:42:57 -0500] "GET /theme/js/classie.js HTTP/1.1" 200 691 "http://hackncast.org/" "Mozilla/5.0 (X11; Linux x86_64) AppleWebKit/537.36 (KHTML, like Gecko) Chrome/46.0.2490.86 Safari/537.36"
177.43.95.46 - - [23/Nov/2015:05:42:57 -0500] "GET /theme/js/cbpAnimatedHeader.js HTTP/1.1" 200 477 "http://hackncast.org/" "Mozilla/5.0 (X11; Linux x86_64) AppleWebKit/537.36 (KHTML, like Gecko) Chrome/46.0.2490.86 Safari/537.36"
177.43.95.46 - - [23/Nov/2015:05:42:57 -0500] "GET /theme/js/freelancer.js HTTP/1.1" 200 464 "http://hackncast.org/" "Mozilla/5.0 (X11; Linux x86_64) AppleWebKit/537.36 (KHTML, like Gecko) Chrome/46.0.2490.86 Safari/537.36"
177.43.95.46 - - [23/Nov/2015:05:42:57 -0500] "GET /theme/img/logo.png HTTP/1.1" 200 5219 "http://hackncast.org/" "Mozilla/5.0 (X11; Linux x86_64) AppleWebKit/537.36 (KHTML, like Gecko) Chrome/46.0.2490.86 Safari/537.36"
177.43.95.46 - - [23/Nov/2015:05:42:58 -0500] "GET /images/v0.x/covers/v0.14-cover-sqr.jpg HTTP/1.1" 200 91397 "http://hackncast.org/" "Mozilla/5.0 (X11; Linux x86_64) AppleWebKit/537.36 (KHTML, like Gecko) Chrome/46.0.2490.86 Safari/537.36"
177.43.95.46 - - [23/Nov/2015:05:42:58 -0500] "GET /theme/img/mais-episodios.png HTTP/1.1" 200 10612 "http://hackncast.org/" "Mozilla/5.0 (X11; Linux x86_64) AppleWebKit/537.36 (KHTML, like Gecko) Chrome/46.0.2490.86 Safari/537.36"
177.43.95.46 - - [23/Nov/2015:05:42:58 -0500] "GET /theme/img/avatar.png HTTP/1.1" 200 11923 "http://hackncast.org/" "Mozilla/5.0 (X11; Linux x86_64) AppleWebKit/537.36 (KHTML, like Gecko) Chrome/46.0.2490.86 Safari/537.36"
177.43.95.46 - - [23/Nov/2015:05:42:59 -0500] "GET /images/v0.x/covers/v0.16-cover-sqr.jpg HTTP/1.1" 200 394921 "http://hackncast.org/" "Mozilla/5.0 (X11; Linux x86_64) AppleWebKit/537.36 (KHTML, like Gecko) Chrome/46.0.2490.86 Safari/537.36"
177.43.95.46 - - [23/Nov/2015:05:42:59 -0500] "GET /images/v0.x/covers/v0.15-cover-sqr.jpg HTTP/1.1" 200 102352 "http://hackncast.org/" "Mozilla/5.0 (X11; Linux x86_64) AppleWebKit/537.36 (KHTML, like Gecko) Chrome/46.0.2490.86 Safari/537.36"
177.43.95.46 - - [23/Nov/2015:05:42:59 -0500] "GET /images/v0.x/covers/v0.13-cover-sqr.jpg HTTP/1.1" 200 113143 "http://hackncast.org/" "Mozilla/5.0 (X11; Linux x86_64) AppleWebKit/537.36 (KHTML, like Gecko) Chrome/46.0.2490.86 Safari/537.36"
177.43.95.46 - - [23/Nov/2015:05:42:59 -0500] "GET /images/v0.x/covers/v0.12-cover-sqr.jpg HTTP/1.1" 200 133642 "http://hackncast.org/" "Mozilla/5.0 (X11; Linux x86_64) AppleWebKit/537.36 (KHTML, like Gecko) Chrome/46.0.2490.86 Safari/537.36"
69.162.124.228 - - [23/Nov/2015:05:46:13 -0500] "GET /bug-form HTTP/1.1" 200 1741 "-" "Mozilla/5.0+(compatible; UptimeRobot/2.0; http://www.uptimerobot.com/)"
69.162.124.228 - - [23/Nov/2015:05:47:00 -0500] "HEAD / HTTP/1.1" 200 0 "-" "Mozilla/5.0+(compatible; UptimeRobot/2.0; http://www.uptimerobot.com/)"
69.162.124.228 - - [23/Nov/2015:05:51:13 -0500] "GET /bug-form HTTP/1.1" 200 1741 "-" "Mozilla/5.0+(compatible; UptimeRobot/2.0; http://www.uptimerobot.com/)"
69.162.124.228 - - [23/Nov/2015:05:52:00 -0500] "HEAD / HTTP/1.1" 200 0 "-" "Mozilla/5.0+(compatible; UptimeRobot/2.0; http://www.uptimerobot.com/)"
97.107.141.176 - - [23/Nov/2015:05:54:28 -0500] "GET /feeds/podcast.rss HTTP/1.1" 304 0 "-" "iTunes/12.0.1 (Macintosh; Intel Mac OS X 10.10.1) AppleWebKit/600.1.25"
69.162.124.228 - - [23/Nov/2015:05:56:13 -0500] "GET /bug-form HTTP/1.1" 200 1741 "-" "Mozilla/5.0+(compatible; UptimeRobot/2.0; http://www.uptimerobot.com/)"
69.162.124.228 - - [23/Nov/2015:05:57:00 -0500] "HEAD / HTTP/1.1" 200 0 "-" "Mozilla/5.0+(compatible; UptimeRobot/2.0; http://www.uptimerobot.com/)"
68.180.229.247 - - [23/Nov/2015:05:57:05 -0500] "GET /robots.txt HTTP/1.1" 404 162 "-" "Mozilla/5.0 (compatible; Yahoo! Slurp; http://help.yahoo.com/help/us/ysearch/slurp)"
68.180.229.247 - - [23/Nov/2015:05:57:05 -0500] "GET /tag/hashapass HTTP/1.1" 200 4016 "-" "Mozilla/5.0 (compatible; Yahoo! Slurp; http://help.yahoo.com/help/us/ysearch/slurp)"
69.162.124.228 - - [23/Nov/2015:06:01:14 -0500] "GET /bug-form HTTP/1.1" 200 1741 "-" "Mozilla/5.0+(compatible; UptimeRobot/2.0; http://www.uptimerobot.com/)"
69.162.124.228 - - [23/Nov/2015:06:02:00 -0500] "HEAD / HTTP/1.1" 200 0 "-" "Mozilla/5.0+(compatible; UptimeRobot/2.0; http://www.uptimerobot.com/)"
69.162.124.228 - - [23/Nov/2015:06:06:14 -0500] "GET /bug-form HTTP/1.1" 200 1740 "-" "Mozilla/5.0+(compatible; UptimeRobot/2.0; http://www.uptimerobot.com/)"
69.162.124.228 - - [23/Nov/2015:06:07:00 -0500] "HEAD / HTTP/1.1" 200 0 "-" "Mozilla/5.0+(compatible; UptimeRobot/2.0; http://www.uptimerobot.com/)"
66.249.83.68 - - [23/Nov/2015:06:08:01 -0500] "GET /feeds.rss HTTP/1.1" 200 59164 "-" "Feedfetcher-Google; (+http://www.google.com/feedfetcher.html; feed-id=16756500131442207872)"
69.162.124.228 - - [23/Nov/2015:06:11:14 -0500] "GET /bug-form HTTP/1.1" 200 1740 "-" "Mozilla/5.0+(compatible; UptimeRobot/2.0; http://www.uptimerobot.com/)"
186.214.145.95 - - [23/Nov/2015:06:11:53 -0500] "GET / HTTP/1.1" 200 4786 "https://www.google.com.br/" "Mozilla/5.0 (Windows NT 6.3; WOW64) AppleWebKit/537.36 (KHTML, like Gecko) Chrome/46.0.2490.86 Safari/537.36"
186.214.145.95 - - [23/Nov/2015:06:11:54 -0500] "GET /theme/css/style.css HTTP/1.1" 200 2348 "http://hackncast.org/" "Mozilla/5.0 (Windows NT 6.3; WOW64) AppleWebKit/537.36 (KHTML, like Gecko) Chrome/46.0.2490.86 Safari/537.36"
186.214.145.95 - - [23/Nov/2015:06:11:54 -0500] "GET /theme/css/pygments/native.css HTTP/1.1" 200 933 "http://hackncast.org/" "Mozilla/5.0 (Windows NT 6.3; WOW64) AppleWebKit/537.36 (KHTML, like Gecko) Chrome/46.0.2490.86 Safari/537.36"
186.214.145.95 - - [23/Nov/2015:06:11:54 -0500] "GET /theme/img/hnc-logo.png HTTP/1.1" 200 4106 "http://hackncast.org/" "Mozilla/5.0 (Windows NT 6.3; WOW64) AppleWebKit/537.36 (KHTML, like Gecko) Chrome/46.0.2490.86 Safari/537.36"
186.214.145.95 - - [23/Nov/2015:06:11:54 -0500] "GET /theme/img/logo.png HTTP/1.1" 200 5219 "http://hackncast.org/" "Mozilla/5.0 (Windows NT 6.3; WOW64) AppleWebKit/537.36 (KHTML, like Gecko) Chrome/46.0.2490.86 Safari/537.36"
186.214.145.95 - - [23/Nov/2015:06:11:54 -0500] "GET /images/v0.x/covers/v0.15-cover-sqr.jpg HTTP/1.1" 200 102352 "http://hackncast.org/" "Mozilla/5.0 (Windows NT 6.3; WOW64) AppleWebKit/537.36 (KHTML, like Gecko) Chrome/46.0.2490.86 Safari/537.36"
186.214.145.95 - - [23/Nov/2015:06:11:54 -0500] "GET /images/v0.x/covers/v0.14-cover-sqr.jpg HTTP/1.1" 200 91397 "http://hackncast.org/" "Mozilla/5.0 (Windows NT 6.3; WOW64) AppleWebKit/537.36 (KHTML, like Gecko) Chrome/46.0.2490.86 Safari/537.36"
186.214.145.95 - - [23/Nov/2015:06:11:54 -0500] "GET /theme/img/mais-episodios.png HTTP/1.1" 200 10612 "http://hackncast.org/" "Mozilla/5.0 (Windows NT 6.3; WOW64) AppleWebKit/537.36 (KHTML, like Gecko) Chrome/46.0.2490.86 Safari/537.36"
186.214.145.95 - - [23/Nov/2015:06:11:54 -0500] "GET /images/v0.x/covers/v0.16-cover-sqr.jpg HTTP/1.1" 200 110043 "http://hackncast.org/" "Mozilla/5.0 (Windows NT 6.3; WOW64) AppleWebKit/537.36 (KHTML, like Gecko) Chrome/46.0.2490.86 Safari/537.36"
186.214.145.95 - - [23/Nov/2015:06:11:54 -0500] "GET /images/v0.x/covers/v0.13-cover-sqr.jpg HTTP/1.1" 200 110043 "http://hackncast.org/" "Mozilla/5.0 (Windows NT 6.3; WOW64) AppleWebKit/537.36 (KHTML, like Gecko) Chrome/46.0.2490.86 Safari/537.36"
186.214.145.95 - - [23/Nov/2015:06:11:54 -0500] "GET /images/v0.x/covers/v0.12-cover-sqr.jpg HTTP/1.1" 200 110043 "http://hackncast.org/" "Mozilla/5.0 (Windows NT 6.3; WOW64) AppleWebKit/537.36 (KHTML, like Gecko) Chrome/46.0.2490.86 Safari/537.36"
186.214.145.95 - - [23/Nov/2015:06:11:55 -0500] "GET /images/v0.x/covers/v0.16-cover-sqr.jpg HTTP/1.1" 206 1 "http://hackncast.org/" "Mozilla/5.0 (Windows NT 6.3; WOW64) AppleWebKit/537.36 (KHTML, like Gecko) Chrome/46.0.2490.86 Safari/537.36"
186.214.145.95 - - [23/Nov/2015:06:11:55 -0500] "GET /images/v0.x/covers/v0.15-cover-sqr.jpg HTTP/1.1" 206 1 "http://hackncast.org/" "Mozilla/5.0 (Windows NT 6.3; WOW64) AppleWebKit/537.36 (KHTML, like Gecko) Chrome/46.0.2490.86 Safari/537.36"
186.214.145.95 - - [23/Nov/2015:06:11:55 -0500] "GET /images/v0.x/covers/v0.14-cover-sqr.jpg HTTP/1.1" 206 1 "http://hackncast.org/" "Mozilla/5.0 (Windows NT 6.3; WOW64) AppleWebKit/537.36 (KHTML, like Gecko) Chrome/46.0.2490.86 Safari/537.36"
186.214.145.95 - - [23/Nov/2015:06:11:55 -0500] "GET /images/v0.x/covers/v0.13-cover-sqr.jpg HTTP/1.1" 206 1 "http://hackncast.org/" "Mozilla/5.0 (Windows NT 6.3; WOW64) AppleWebKit/537.36 (KHTML, like Gecko) Chrome/46.0.2490.86 Safari/537.36"
186.214.145.95 - - [23/Nov/2015:06:11:55 -0500] "GET /theme/img/mais-episodios.png HTTP/1.1" 200 10612 "http://hackncast.org/" "Mozilla/5.0 (Windows NT 6.3; WOW64) AppleWebKit/537.36 (KHTML, like Gecko) Chrome/46.0.2490.86 Safari/537.36"
186.214.145.95 - - [23/Nov/2015:06:11:55 -0500] "GET /images/v0.x/covers/v0.15-cover-sqr.jpg HTTP/1.1" 206 88141 "http://hackncast.org/" "Mozilla/5.0 (Windows NT 6.3; WOW64) AppleWebKit/537.36 (KHTML, like Gecko) Chrome/46.0.2490.86 Safari/537.36"
186.214.145.95 - - [23/Nov/2015:06:11:55 -0500] "GET /images/v0.x/covers/v0.14-cover-sqr.jpg HTTP/1.1" 206 77185 "http://hackncast.org/" "Mozilla/5.0 (Windows NT 6.3; WOW64) AppleWebKit/537.36 (KHTML, like Gecko) Chrome/46.0.2490.86 Safari/537.36"
186.214.145.95 - - [23/Nov/2015:06:11:55 -0500] "GET /images/v0.x/covers/v0.13-cover-sqr.jpg HTTP/1.1" 206 98932 "http://hackncast.org/" "Mozilla/5.0 (Windows NT 6.3; WOW64) AppleWebKit/537.36 (KHTML, like Gecko) Chrome/46.0.2490.86 Safari/537.36"
186.214.145.95 - - [23/Nov/2015:06:11:55 -0500] "GET /theme/img/avatar.png HTTP/1.1" 200 11923 "http://hackncast.org/" "Mozilla/5.0 (Windows NT 6.3; WOW64) AppleWebKit/537.36 (KHTML, like Gecko) Chrome/46.0.2490.86 Safari/537.36"
186.214.145.95 - - [23/Nov/2015:06:11:55 -0500] "GET /theme/js/classie.js HTTP/1.1" 200 691 "http://hackncast.org/" "Mozilla/5.0 (Windows NT 6.3; WOW64) AppleWebKit/537.36 (KHTML, like Gecko) Chrome/46.0.2490.86 Safari/537.36"
186.214.145.95 - - [23/Nov/2015:06:11:55 -0500] "GET /images/v0.x/covers/v0.12-cover-sqr.jpg HTTP/1.1" 200 133642 "http://hackncast.org/" "Mozilla/5.0 (Windows NT 6.3; WOW64) AppleWebKit/537.36 (KHTML, like Gecko) Chrome/46.0.2490.86 Safari/537.36"
186.214.145.95 - - [23/Nov/2015:06:11:56 -0500] "GET /theme/js/cbpAnimatedHeader.js HTTP/1.1" 200 477 "http://hackncast.org/" "Mozilla/5.0 (Windows NT 6.3; WOW64) AppleWebKit/537.36 (KHTML, like Gecko) Chrome/46.0.2490.86 Safari/537.36"
186.214.145.95 - - [23/Nov/2015:06:11:56 -0500] "GET /theme/js/freelancer.js HTTP/1.1" 200 464 "http://hackncast.org/" "Mozilla/5.0 (Windows NT 6.3; WOW64) AppleWebKit/537.36 (KHTML, like Gecko) Chrome/46.0.2490.86 Safari/537.36"
186.214.145.95 - - [23/Nov/2015:06:11:56 -0500] "GET /images/v0.x/covers/v0.16-cover-sqr.jpg HTTP/1.1" 206 380710 "http://hackncast.org/" "Mozilla/5.0 (Windows NT 6.3; WOW64) AppleWebKit/537.36 (KHTML, like Gecko) Chrome/46.0.2490.86 Safari/537.36"
186.214.145.95 - - [23/Nov/2015:06:11:57 -0500] "GET /theme/img/favicon.ico HTTP/1.1" 200 3885 "http://hackncast.org/" "Mozilla/5.0 (Windows NT 6.3; WOW64) AppleWebKit/537.36 (KHTML, like Gecko) Chrome/46.0.2490.86 Safari/537.36"
69.162.124.228 - - [23/Nov/2015:06:12:00 -0500] "HEAD / HTTP/1.1" 200 0 "-" "Mozilla/5.0+(compatible; UptimeRobot/2.0; http://www.uptimerobot.com/)"
186.214.145.95 - - [23/Nov/2015:06:12:05 -0500] "GET /releases HTTP/1.1" 200 6402 "http://hackncast.org/" "Mozilla/5.0 (Windows NT 6.3; WOW64) AppleWebKit/537.36 (KHTML, like Gecko) Chrome/46.0.2490.86 Safari/537.36"
186.214.145.95 - - [23/Nov/2015:06:12:06 -0500] "GET /theme/css/index.css HTTP/1.1" 200 865 "http://hackncast.org/releases" "Mozilla/5.0 (Windows NT 6.3; WOW64) AppleWebKit/537.36 (KHTML, like Gecko) Chrome/46.0.2490.86 Safari/537.36"
186.214.145.95 - - [23/Nov/2015:06:12:06 -0500] "GET /images/v0.x/covers/v0.11-cover-sqr.jpg HTTP/1.1" 200 58381 "http://hackncast.org/releases" "Mozilla/5.0 (Windows NT 6.3; WOW64) AppleWebKit/537.36 (KHTML, like Gecko) Chrome/46.0.2490.86 Safari/537.36"
186.214.145.95 - - [23/Nov/2015:06:12:06 -0500] "GET /images/v0.x/covers/v0.10-cover-sqr.jpg HTTP/1.1" 200 85761 "http://hackncast.org/releases" "Mozilla/5.0 (Windows NT 6.3; WOW64) AppleWebKit/537.36 (KHTML, like Gecko) Chrome/46.0.2490.86 Safari/537.36"
186.214.145.95 - - [23/Nov/2015:06:12:06 -0500] "GET /images/v0.x/covers/v0.9-cover-sqr.jpg HTTP/1.1" 200 106459 "http://hackncast.org/releases" "Mozilla/5.0 (Windows NT 6.3; WOW64) AppleWebKit/537.36 (KHTML, like Gecko) Chrome/46.0.2490.86 Safari/537.36"
186.214.145.95 - - [23/Nov/2015:06:12:06 -0500] "GET /images/v0.x/covers/v0.8-cover-sqr.jpg HTTP/1.1" 200 115211 "http://hackncast.org/releases" "Mozilla/5.0 (Windows NT 6.3; WOW64) AppleWebKit/537.36 (KHTML, like Gecko) Chrome/46.0.2490.86 Safari/537.36"
186.214.145.95 - - [23/Nov/2015:06:12:06 -0500] "GET /images/v0.x/covers/v0.7-cover-sqr.jpg HTTP/1.1" 200 51606 "http://hackncast.org/releases" "Mozilla/5.0 (Windows NT 6.3; WOW64) AppleWebKit/537.36 (KHTML, like Gecko) Chrome/46.0.2490.86 Safari/537.36"
208.115.113.93 - - [23/Nov/2015:06:15:54 -0500] "GET /tag/eletronica HTTP/1.1" 200 16019 "-" "Mozilla/5.0 (compatible; DotBot/1.1; http://www.opensiteexplorer.org/dotbot, help@moz.com)"
69.162.124.228 - - [23/Nov/2015:06:16:14 -0500] "GET /bug-form HTTP/1.1" 200 1740 "-" "Mozilla/5.0+(compatible; UptimeRobot/2.0; http://www.uptimerobot.com/)"
69.162.124.228 - - [23/Nov/2015:06:17:00 -0500] "HEAD / HTTP/1.1" 200 0 "-" "Mozilla/5.0+(compatible; UptimeRobot/2.0; http://www.uptimerobot.com/)"
208.115.113.93 - - [23/Nov/2015:06:17:45 -0500] "GET /tag/abaco HTTP/1.1" 200 14369 "-" "Mozilla/5.0 (compatible; DotBot/1.1; http://www.opensiteexplorer.org/dotbot, help@moz.com)"
69.162.124.228 - - [23/Nov/2015:06:21:14 -0500] "GET /bug-form HTTP/1.1" 200 1741 "-" "Mozilla/5.0+(compatible; UptimeRobot/2.0; http://www.uptimerobot.com/)"
69.162.124.228 - - [23/Nov/2015:06:22:00 -0500] "HEAD / HTTP/1.1" 200 0 "-" "Mozilla/5.0+(compatible; UptimeRobot/2.0; http://www.uptimerobot.com/)"
69.162.124.228 - - [23/Nov/2015:06:26:14 -0500] "GET /bug-form HTTP/1.1" 200 1741 "-" "Mozilla/5.0+(compatible; UptimeRobot/2.0; http://www.uptimerobot.com/)"
69.162.124.228 - - [23/Nov/2015:06:27:00 -0500] "HEAD / HTTP/1.1" 200 0 "-" "Mozilla/5.0+(compatible; UptimeRobot/2.0; http://www.uptimerobot.com/)"
187.58.227.183 - - [23/Nov/2015:06:29:20 -0500] "GET / HTTP/1.1" 200 4786 "-" "Mozilla/5.0 (X11; Ubuntu; Linux x86_64; rv:42.0) Gecko/20100101 Firefox/42.0"
187.58.227.183 - - [23/Nov/2015:06:29:20 -0500] "GET /theme/css/style.css HTTP/1.1" 200 2348 "http://hackncast.org/" "Mozilla/5.0 (X11; Ubuntu; Linux x86_64; rv:42.0) Gecko/20100101 Firefox/42.0"
187.58.227.183 - - [23/Nov/2015:06:29:20 -0500] "GET /theme/css/pygments/native.css HTTP/1.1" 200 933 "http://hackncast.org/" "Mozilla/5.0 (X11; Ubuntu; Linux x86_64; rv:42.0) Gecko/20100101 Firefox/42.0"
187.58.227.183 - - [23/Nov/2015:06:29:20 -0500] "GET /theme/js/classie.js HTTP/1.1" 200 691 "http://hackncast.org/" "Mozilla/5.0 (X11; Ubuntu; Linux x86_64; rv:42.0) Gecko/20100101 Firefox/42.0"
187.58.227.183 - - [23/Nov/2015:06:29:20 -0500] "GET /theme/js/cbpAnimatedHeader.js HTTP/1.1" 200 477 "http://hackncast.org/" "Mozilla/5.0 (X11; Ubuntu; Linux x86_64; rv:42.0) Gecko/20100101 Firefox/42.0"
187.58.227.183 - - [23/Nov/2015:06:29:20 -0500] "GET /theme/js/freelancer.js HTTP/1.1" 200 464 "http://hackncast.org/" "Mozilla/5.0 (X11; Ubuntu; Linux x86_64; rv:42.0) Gecko/20100101 Firefox/42.0"
187.58.227.183 - - [23/Nov/2015:06:29:21 -0500] "GET /theme/img/hnc-logo.png HTTP/1.1" 200 4106 "http://hackncast.org/" "Mozilla/5.0 (X11; Ubuntu; Linux x86_64; rv:42.0) Gecko/20100101 Firefox/42.0"
187.58.227.183 - - [23/Nov/2015:06:29:21 -0500] "GET /theme/img/logo.png HTTP/1.1" 200 5219 "http://hackncast.org/" "Mozilla/5.0 (X11; Ubuntu; Linux x86_64; rv:42.0) Gecko/20100101 Firefox/42.0"
187.58.227.183 - - [23/Nov/2015:06:29:21 -0500] "GET /theme/img/mais-episodios.png HTTP/1.1" 200 10612 "http://hackncast.org/" "Mozilla/5.0 (X11; Ubuntu; Linux x86_64; rv:42.0) Gecko/20100101 Firefox/42.0"
187.58.227.183 - - [23/Nov/2015:06:29:21 -0500] "GET /theme/img/avatar.png HTTP/1.1" 200 11923 "http://hackncast.org/" "Mozilla/5.0 (X11; Ubuntu; Linux x86_64; rv:42.0) Gecko/20100101 Firefox/42.0"
187.58.227.183 - - [23/Nov/2015:06:29:21 -0500] "GET /images/v0.x/covers/v0.15-cover-sqr.jpg HTTP/1.1" 200 102352 "http://hackncast.org/" "Mozilla/5.0 (X11; Ubuntu; Linux x86_64; rv:42.0) Gecko/20100101 Firefox/42.0"
