199.30.24.39 - - [23/Nov/2015:20:02:15 -0500] "GET /theme/css/pygments/native.css HTTP/1.1" 200 933 "http://hackncast.org/" "Mozilla/5.0 (Windows NT 6.1; WOW64) AppleWebKit/534+ (KHTML, like Gecko) BingPreview/1.0b"
199.30.24.39 - - [23/Nov/2015:20:02:15 -0500] "GET /theme/css/style.css HTTP/1.1" 200 2348 "http://hackncast.org/" "Mozilla/5.0 (Windows NT 6.1; WOW64) AppleWebKit/534+ (KHTML, like Gecko) BingPreview/1.0b"
199.30.24.39 - - [23/Nov/2015:20:02:16 -0500] "GET /theme/img/hnc-logo.png HTTP/1.1" 200 4106 "http://hackncast.org/" "Mozilla/5.0 (Windows NT 6.1; WOW64) AppleWebKit/534+ (KHTML, like Gecko) BingPreview/1.0b"
199.30.24.39 - - [23/Nov/2015:20:02:16 -0500] "GET /theme/img/logo.png HTTP/1.1" 200 5219 "http://hackncast.org/" "Mozilla/5.0 (Windows NT 6.1; WOW64) AppleWebKit/534+ (KHTML, like Gecko) BingPreview/1.0b"
199.30.24.39 - - [23/Nov/2015:20:02:16 -0500] "GET /images/v0.x/covers/v0.15-cover-sqr.jpg HTTP/1.1" 200 102352 "http://hackncast.org/" "Mozilla/5.0 (Windows NT 6.1; WOW64) AppleWebKit/534+ (KHTML, like Gecko) BingPreview/1.0b"
199.30.24.39 - - [23/Nov/2015:20:02:16 -0500] "GET /images/v0.x/covers/v0.14-cover-sqr.jpg HTTP/1.1" 200 91397 "http://hackncast.org/" "Mozilla/5.0 (Windows NT 6.1; WOW64) AppleWebKit/534+ (KHTML, like Gecko) BingPreview/1.0b"
199.30.24.39 - - [23/Nov/2015:20:02:16 -0500] "GET /images/v0.x/covers/v0.13-cover-sqr.jpg HTTP/1.1" 200 113143 "http://hackncast.org/" "Mozilla/5.0 (Windows NT 6.1; WOW64) AppleWebKit/534+ (KHTML, like Gecko) BingPreview/1.0b"
199.30.24.39 - - [23/Nov/2015:20:02:17 -0500] "GET /images/v0.x/covers/v0.16-cover-sqr.jpg HTTP/1.1" 200 394921 "http://hackncast.org/" "Mozilla/5.0 (Windows NT 6.1; WOW64) AppleWebKit/534+ (KHTML, like Gecko) BingPreview/1.0b"
199.30.24.39 - - [23/Nov/2015:20:02:17 -0500] "GET /theme/js/classie.js HTTP/1.1" 200 691 "http://hackncast.org/" "Mozilla/5.0 (Windows NT 6.1; WOW64) AppleWebKit/534+ (KHTML, like Gecko) BingPreview/1.0b"
199.30.24.39 - - [23/Nov/2015:20:02:17 -0500] "GET /images/v0.x/covers/v0.12-cover-sqr.jpg HTTP/1.1" 200 133642 "http://hackncast.org/" "Mozilla/5.0 (Windows NT 6.1; WOW64) AppleWebKit/534+ (KHTML, like Gecko) BingPreview/1.0b"
199.30.24.39 - - [23/Nov/2015:20:02:17 -0500] "GET /theme/js/cbpAnimatedHeader.js HTTP/1.1" 200 477 "http://hackncast.org/" "Mozilla/5.0 (Windows NT 6.1; WOW64) AppleWebKit/534+ (KHTML, like Gecko) BingPreview/1.0b"
199.30.24.39 - - [23/Nov/2015:20:02:17 -0500] "GET /theme/img/mais-episodios.png HTTP/1.1" 200 10612 "http://hackncast.org/" "Mozilla/5.0 (Windows NT 6.1; WOW64) AppleWebKit/534+ (KHTML, like Gecko) BingPreview/1.0b"
199.30.24.39 - - [23/Nov/2015:20:02:17 -0500] "GET /theme/js/freelancer.js HTTP/1.1" 200 464 "http://hackncast.org/" "Mozilla/5.0 (Windows NT 6.1; WOW64) AppleWebKit/534+ (KHTML, like Gecko) BingPreview/1.0b"
199.30.24.39 - - [23/Nov/2015:20:02:17 -0500] "GET /theme/img/avatar.png HTTP/1.1" 200 11923 "http://hackncast.org/" "Mozilla/5.0 (Windows NT 6.1; WOW64) AppleWebKit/534+ (KHTML, like Gecko) BingPreview/1.0b"
69.162.124.228 - - [23/Nov/2015:20:02:54 -0500] "GET /bug-form HTTP/1.1" 200 1741 "-" "Mozilla/5.0+(compatible; UptimeRobot/2.0; http://www.uptimerobot.com/)"
69.162.124.228 - - [23/Nov/2015:20:05:37 -0500] "HEAD / HTTP/1.1" 200 0 "-" "Mozilla/5.0+(compatible; UptimeRobot/2.0; http://www.uptimerobot.com/)"
69.162.124.228 - - [23/Nov/2015:20:07:54 -0500] "GET /bug-form HTTP/1.1" 200 1741 "-" "Mozilla/5.0+(compatible; UptimeRobot/2.0; http://www.uptimerobot.com/)"
66.249.83.65 - - [23/Nov/2015:20:09:02 -0500] "GET /feeds.rss HTTP/1.1" 200 59164 "-" "Feedfetcher-Google; (+http://www.google.com/feedfetcher.html; feed-id=16756500131442207872)"
69.162.124.228 - - [23/Nov/2015:20:10:37 -0500] "HEAD / HTTP/1.1" 200 0 "-" "Mozilla/5.0+(compatible; UptimeRobot/2.0; http://www.uptimerobot.com/)"
189.71.192.237 - - [23/Nov/2015:20:10:51 -0500] "GET /feeds.rss HTTP/1.1" 304 0 "-" "Mozilla/5.0 (Windows NT 6.1; WOW64) AppleWebKit/537.36 (KHTML, like Gecko) Chrome/46.0.2490.86 Safari/537.36"
69.162.124.228 - - [23/Nov/2015:20:12:54 -0500] "GET /bug-form HTTP/1.1" 200 1741 "-" "Mozilla/5.0+(compatible; UptimeRobot/2.0; http://www.uptimerobot.com/)"
208.115.113.93 - - [23/Nov/2015:20:13:59 -0500] "GET /tag/sintaxe HTTP/1.1" 200 14370 "-" "Mozilla/5.0 (compatible; DotBot/1.1; http://www.opensiteexplorer.org/dotbot, help@moz.com)"
69.162.124.228 - - [23/Nov/2015:20:15:37 -0500] "HEAD / HTTP/1.1" 200 0 "-" "Mozilla/5.0+(compatible; UptimeRobot/2.0; http://www.uptimerobot.com/)"
69.162.124.228 - - [23/Nov/2015:20:17:54 -0500] "GET /bug-form HTTP/1.1" 200 1741 "-" "Mozilla/5.0+(compatible; UptimeRobot/2.0; http://www.uptimerobot.com/)"
69.162.124.228 - - [23/Nov/2015:20:20:37 -0500] "HEAD / HTTP/1.1" 200 0 "-" "Mozilla/5.0+(compatible; UptimeRobot/2.0; http://www.uptimerobot.com/)"
69.162.124.228 - - [23/Nov/2015:20:22:54 -0500] "GET /bug-form HTTP/1.1" 200 1741 "-" "Mozilla/5.0+(compatible; UptimeRobot/2.0; http://www.uptimerobot.com/)"
69.162.124.228 - - [23/Nov/2015:20:25:37 -0500] "HEAD / HTTP/1.1" 200 0 "-" "Mozilla/5.0+(compatible; UptimeRobot/2.0; http://www.uptimerobot.com/)"
69.162.124.228 - - [23/Nov/2015:20:28:35 -0500] "GET /bug-form HTTP/1.1" 200 1741 "-" "Mozilla/5.0+(compatible; UptimeRobot/2.0; http://www.uptimerobot.com/)"
69.162.124.228 - - [23/Nov/2015:20:30:37 -0500] "HEAD / HTTP/1.1" 200 0 "-" "Mozilla/5.0+(compatible; UptimeRobot/2.0; http://www.uptimerobot.com/)"
69.162.124.228 - - [23/Nov/2015:20:33:35 -0500] "GET /bug-form HTTP/1.1" 200 1741 "-" "Mozilla/5.0+(compatible; UptimeRobot/2.0; http://www.uptimerobot.com/)"
69.162.124.228 - - [23/Nov/2015:20:35:37 -0500] "HEAD / HTTP/1.1" 200 0 "-" "Mozilla/5.0+(compatible; UptimeRobot/2.0; http://www.uptimerobot.com/)"
69.162.124.228 - - [23/Nov/2015:20:38:35 -0500] "GET /bug-form HTTP/1.1" 200 1741 "-" "Mozilla/5.0+(compatible; UptimeRobot/2.0; http://www.uptimerobot.com/)"
69.162.124.228 - - [23/Nov/2015:20:40:37 -0500] "HEAD / HTTP/1.1" 200 0 "-" "Mozilla/5.0+(compatible; UptimeRobot/2.0; http://www.uptimerobot.com/)"
189.71.192.237 - - [23/Nov/2015:20:41:22 -0500] "GET /feeds.rss HTTP/1.1" 304 0 "-" "Mozilla/5.0 (Windows NT 6.1; WOW64) AppleWebKit/537.36 (KHTML, like Gecko) Chrome/46.0.2490.86 Safari/537.36"
69.162.124.228 - - [23/Nov/2015:20:43:35 -0500] "GET /bug-form HTTP/1.1" 200 1741 "-" "Mozilla/5.0+(compatible; UptimeRobot/2.0; http://www.uptimerobot.com/)"
66.249.83.68 - - [23/Nov/2015:20:43:49 -0500] "GET /feeds.rss HTTP/1.1" 200 59164 "-" "Feedfetcher-Google; (+http://www.google.com/feedfetcher.html; feed-id=16756500131442207872)"
173.252.90.85 - - [23/Nov/2015:20:43:56 -0500] "GET /images/v0.x/covers/v0.15-cover-wide.jpg HTTP/1.1" 200 107723 "-" "facebookexternalhit/1.1 (+http://www.facebook.com/externalhit_uatext.php)"
31.13.99.121 - - [23/Nov/2015:20:43:57 -0500] "GET /images/v0.x/covers/v0.14-cover-wide.jpg HTTP/1.1" 200 95831 "-" "facebookexternalhit/1.1 (+http://www.facebook.com/externalhit_uatext.php)"
97.107.141.176 - - [23/Nov/2015:20:44:36 -0500] "GET /feeds/podcast.rss HTTP/1.1" 304 0 "-" "iTunes/12.0.1 (Macintosh; Intel Mac OS X 10.10.1) AppleWebKit/600.1.25"
177.183.236.43 - - [23/Nov/2015:20:44:52 -0500] "GET /v02-html-css HTTP/1.1" 304 0 "-" "Mozilla/5.0 (Windows NT 6.3; WOW64) AppleWebKit/537.36 (KHTML, like Gecko) Chrome/46.0.2490.86 Safari/537.36"
177.183.236.43 - - [23/Nov/2015:20:44:53 -0500] "GET /theme/img/hnc-logo.png HTTP/1.1" 304 0 "http://hackncast.org/v02-html-css" "Mozilla/5.0 (Windows NT 6.3; WOW64) AppleWebKit/537.36 (KHTML, like Gecko) Chrome/46.0.2490.86 Safari/537.36"
177.183.236.43 - - [23/Nov/2015:20:44:53 -0500] "GET /images/v0.x/covers/v0.2-cover-wide.jpg HTTP/1.1" 304 0 "http://hackncast.org/v02-html-css" "Mozilla/5.0 (Windows NT 6.3; WOW64) AppleWebKit/537.36 (KHTML, like Gecko) Chrome/46.0.2490.86 Safari/537.36"
177.183.236.43 - - [23/Nov/2015:20:44:53 -0500] "GET /images/v0.x/xkcd-1367-installing.png HTTP/1.1" 304 0 "http://hackncast.org/v02-html-css" "Mozilla/5.0 (Windows NT 6.3; WOW64) AppleWebKit/537.36 (KHTML, like Gecko) Chrome/46.0.2490.86 Safari/537.36"
177.183.236.43 - - [23/Nov/2015:20:44:53 -0500] "GET /images/v0.x/css-blinds.gif HTTP/1.1" 304 0 "http://hackncast.org/v02-html-css" "Mozilla/5.0 (Windows NT 6.3; WOW64) AppleWebKit/537.36 (KHTML, like Gecko) Chrome/46.0.2490.86 Safari/537.36"
177.183.236.43 - - [23/Nov/2015:20:44:53 -0500] "GET /images/v0.x/css-selector.gif HTTP/1.1" 304 0 "http://hackncast.org/v02-html-css" "Mozilla/5.0 (Windows NT 6.3; WOW64) AppleWebKit/537.36 (KHTML, like Gecko) Chrome/46.0.2490.86 Safari/537.36"
177.183.236.43 - - [23/Nov/2015:20:44:53 -0500] "GET /theme/img/dark-static.jpg HTTP/1.1" 304 0 "http://hackncast.org/theme/css/article.css" "Mozilla/5.0 (Windows NT 6.3; WOW64) AppleWebKit/537.36 (KHTML, like Gecko) Chrome/46.0.2490.86 Safari/537.36"
69.162.124.228 - - [23/Nov/2015:20:45:37 -0500] "HEAD / HTTP/1.1" 200 0 "-" "Mozilla/5.0+(compatible; UptimeRobot/2.0; http://www.uptimerobot.com/)"
69.162.124.228 - - [23/Nov/2015:20:48:35 -0500] "GET /bug-form HTTP/1.1" 200 1741 "-" "Mozilla/5.0+(compatible; UptimeRobot/2.0; http://www.uptimerobot.com/)"
69.162.124.228 - - [23/Nov/2015:20:50:37 -0500] "HEAD / HTTP/1.1" 200 0 "-" "Mozilla/5.0+(compatible; UptimeRobot/2.0; http://www.uptimerobot.com/)"
69.162.124.228 - - [23/Nov/2015:20:53:35 -0500] "GET /bug-form HTTP/1.1" 200 1741 "-" "Mozilla/5.0+(compatible; UptimeRobot/2.0; http://www.uptimerobot.com/)"
69.162.124.228 - - [23/Nov/2015:20:55:37 -0500] "HEAD / HTTP/1.1" 200 0 "-" "Mozilla/5.0+(compatible; UptimeRobot/2.0; http://www.uptimerobot.com/)"
208.115.113.93 - - [23/Nov/2015:20:58:11 -0500] "GET /robots.txt HTTP/1.1" 404 162 "-" "Mozilla/5.0 (compatible; DotBot/1.1; http://www.opensiteexplorer.org/dotbot, help@moz.com)"
69.162.124.228 - - [23/Nov/2015:20:58:35 -0500] "GET /bug-form HTTP/1.1" 200 1741 "-" "Mozilla/5.0+(compatible; UptimeRobot/2.0; http://www.uptimerobot.com/)"
69.162.124.228 - - [23/Nov/2015:21:00:37 -0500] "HEAD / HTTP/1.1" 200 0 "-" "Mozilla/5.0+(compatible; UptimeRobot/2.0; http://www.uptimerobot.com/)"
69.162.124.228 - - [23/Nov/2015:21:03:35 -0500] "GET /bug-form HTTP/1.1" 200 1741 "-" "Mozilla/5.0+(compatible; UptimeRobot/2.0; http://www.uptimerobot.com/)"
69.162.124.228 - - [23/Nov/2015:21:05:37 -0500] "HEAD / HTTP/1.1" 200 0 "-" "Mozilla/5.0+(compatible; UptimeRobot/2.0; http://www.uptimerobot.com/)"
69.162.124.228 - - [23/Nov/2015:21:08:35 -0500] "GET /bug-form HTTP/1.1" 200 1741 "-" "Mozilla/5.0+(compatible; UptimeRobot/2.0; http://www.uptimerobot.com/)"
69.162.124.228 - - [23/Nov/2015:21:10:37 -0500] "HEAD / HTTP/1.1" 200 0 "-" "Mozilla/5.0+(compatible; UptimeRobot/2.0; http://www.uptimerobot.com/)"
189.71.192.237 - - [23/Nov/2015:21:11:53 -0500] "GET /feeds.rss HTTP/1.1" 304 0 "-" "Mozilla/5.0 (Windows NT 6.1; WOW64) AppleWebKit/537.36 (KHTML, like Gecko) Chrome/46.0.2490.86 Safari/537.36"
69.162.124.228 - - [23/Nov/2015:21:13:35 -0500] "GET /bug-form HTTP/1.1" 200 1741 "-" "Mozilla/5.0+(compatible; UptimeRobot/2.0; http://www.uptimerobot.com/)"
69.162.124.228 - - [23/Nov/2015:21:15:37 -0500] "HEAD / HTTP/1.1" 200 0 "-" "Mozilla/5.0+(compatible; UptimeRobot/2.0; http://www.uptimerobot.com/)"
69.162.124.228 - - [23/Nov/2015:21:18:36 -0500] "GET /bug-form HTTP/1.1" 200 1741 "-" "Mozilla/5.0+(compatible; UptimeRobot/2.0; http://www.uptimerobot.com/)"
69.162.124.228 - - [23/Nov/2015:21:20:37 -0500] "HEAD / HTTP/1.1" 200 0 "-" "Mozilla/5.0+(compatible; UptimeRobot/2.0; http://www.uptimerobot.com/)"
66.249.83.68 - - [23/Nov/2015:21:22:47 -0500] "GET /feeds.rss HTTP/1.1" 200 59164 "-" "Feedfetcher-Google; (+http://www.google.com/feedfetcher.html; feed-id=16756500131442207872)"
69.162.124.228 - - [23/Nov/2015:21:23:36 -0500] "GET /bug-form HTTP/1.1" 200 1741 "-" "Mozilla/5.0+(compatible; UptimeRobot/2.0; http://www.uptimerobot.com/)"
208.115.111.74 - - [23/Nov/2015:21:24:01 -0500] "GET /robots.txt HTTP/1.1" 404 162 "-" "Mozilla/5.0 (compatible; DotBot/1.1; http://www.opensiteexplorer.org/dotbot, help@moz.com)"
69.162.124.228 - - [23/Nov/2015:21:25:37 -0500] "HEAD / HTTP/1.1" 200 0 "-" "Mozilla/5.0+(compatible; UptimeRobot/2.0; http://www.uptimerobot.com/)"
66.249.75.178 - - [23/Nov/2015:21:27:07 -0500] "GET / HTTP/1.1" 200 4786 "-" "Mozilla/5.0 (compatible; Googlebot/2.1; +http://www.google.com/bot.html)"
69.162.124.228 - - [23/Nov/2015:21:28:36 -0500] "GET /bug-form HTTP/1.1" 200 1741 "-" "Mozilla/5.0+(compatible; UptimeRobot/2.0; http://www.uptimerobot.com/)"
69.162.124.228 - - [23/Nov/2015:21:30:37 -0500] "HEAD / HTTP/1.1" 200 0 "-" "Mozilla/5.0+(compatible; UptimeRobot/2.0; http://www.uptimerobot.com/)"
69.162.124.228 - - [23/Nov/2015:21:33:36 -0500] "GET /bug-form HTTP/1.1" 200 1741 "-" "Mozilla/5.0+(compatible; UptimeRobot/2.0; http://www.uptimerobot.com/)"
69.162.124.228 - - [23/Nov/2015:21:35:37 -0500] "HEAD / HTTP/1.1" 200 0 "-" "Mozilla/5.0+(compatible; UptimeRobot/2.0; http://www.uptimerobot.com/)"
69.162.124.228 - - [23/Nov/2015:21:38:36 -0500] "GET /bug-form HTTP/1.1" 200 1741 "-" "Mozilla/5.0+(compatible; UptimeRobot/2.0; http://www.uptimerobot.com/)"
69.162.124.228 - - [23/Nov/2015:21:40:37 -0500] "HEAD / HTTP/1.1" 200 0 "-" "Mozilla/5.0+(compatible; UptimeRobot/2.0; http://www.uptimerobot.com/)"
189.71.192.237 - - [23/Nov/2015:21:42:22 -0500] "GET /feeds.rss HTTP/1.1" 304 0 "-" "Mozilla/5.0 (Windows NT 6.1; WOW64) AppleWebKit/537.36 (KHTML, like Gecko) Chrome/46.0.2490.86 Safari/537.36"
69.162.124.228 - - [23/Nov/2015:21:43:36 -0500] "GET /bug-form HTTP/1.1" 200 1741 "-" "Mozilla/5.0+(compatible; UptimeRobot/2.0; http://www.uptimerobot.com/)"
69.162.124.228 - - [23/Nov/2015:21:45:37 -0500] "HEAD / HTTP/1.1" 200 0 "-" "Mozilla/5.0+(compatible; UptimeRobot/2.0; http://www.uptimerobot.com/)"
23.92.18.182 - - [23/Nov/2015:21:47:05 -0500] "GET /images/logos/HNC-beta.png HTTP/1.1" 304 0 "-" "Mozilla/5.0 (Macintosh; U; Intel Mac OS X 10_6_4; en-US) AppleWebKit/534.7 (KHTML, like Gecko) Chrome/7.0.517.44 Safari/534.7"
69.162.124.228 - - [23/Nov/2015:21:48:36 -0500] "GET /bug-form HTTP/1.1" 200 1741 "-" "Mozilla/5.0+(compatible; UptimeRobot/2.0; http://www.uptimerobot.com/)"
69.162.124.228 - - [23/Nov/2015:21:50:37 -0500] "HEAD / HTTP/1.1" 200 0 "-" "Mozilla/5.0+(compatible; UptimeRobot/2.0; http://www.uptimerobot.com/)"
69.162.124.228 - - [23/Nov/2015:21:53:36 -0500] "GET /bug-form HTTP/1.1" 200 1741 "-" "Mozilla/5.0+(compatible; UptimeRobot/2.0; http://www.uptimerobot.com/)"
69.162.124.228 - - [23/Nov/2015:21:55:37 -0500] "HEAD / HTTP/1.1" 200 0 "-" "Mozilla/5.0+(compatible; UptimeRobot/2.0; http://www.uptimerobot.com/)"
69.162.124.228 - - [23/Nov/2015:21:58:36 -0500] "GET /bug-form HTTP/1.1" 200 1741 "-" "Mozilla/5.0+(compatible; UptimeRobot/2.0; http://www.uptimerobot.com/)"
66.249.83.127 - - [23/Nov/2015:21:59:49 -0500] "GET /feeds.rss HTTP/1.1" 200 59164 "-" "Feedfetcher-Google; (+http://www.google.com/feedfetcher.html; feed-id=16756500131442207872)"
69.162.124.228 - - [23/Nov/2015:22:00:37 -0500] "HEAD / HTTP/1.1" 200 0 "-" "Mozilla/5.0+(compatible; UptimeRobot/2.0; http://www.uptimerobot.com/)"
69.162.124.228 - - [23/Nov/2015:22:03:36 -0500] "GET /bug-form HTTP/1.1" 200 1741 "-" "Mozilla/5.0+(compatible; UptimeRobot/2.0; http://www.uptimerobot.com/)"
69.162.124.228 - - [23/Nov/2015:22:05:37 -0500] "HEAD / HTTP/1.1" 200 0 "-" "Mozilla/5.0+(compatible; UptimeRobot/2.0; http://www.uptimerobot.com/)"
69.162.124.228 - - [23/Nov/2015:22:08:36 -0500] "GET /bug-form HTTP/1.1" 200 1741 "-" "Mozilla/5.0+(compatible; UptimeRobot/2.0; http://www.uptimerobot.com/)"
69.162.124.228 - - [23/Nov/2015:22:10:37 -0500] "HEAD / HTTP/1.1" 200 0 "-" "Mozilla/5.0+(compatible; UptimeRobot/2.0; http://www.uptimerobot.com/)"
41.238.115.62 - - [23/Nov/2015:22:12:52 -0500] "GET / HTTP/1.1" 200 4786 "http://hackncast.org/" "Mozilla/4.0 (compatible; MSIE 6.0; Windows NT 5.1; SV1)"
189.71.192.237 - - [23/Nov/2015:22:12:52 -0500] "GET /feeds.rss HTTP/1.1" 304 0 "-" "Mozilla/5.0 (Windows NT 6.1; WOW64) AppleWebKit/537.36 (KHTML, like Gecko) Chrome/46.0.2490.86 Safari/537.36"
69.162.124.228 - - [23/Nov/2015:22:13:36 -0500] "GET /bug-form HTTP/1.1" 200 1741 "-" "Mozilla/5.0+(compatible; UptimeRobot/2.0; http://www.uptimerobot.com/)"
69.162.124.228 - - [23/Nov/2015:22:15:37 -0500] "HEAD / HTTP/1.1" 200 0 "-" "Mozilla/5.0+(compatible; UptimeRobot/2.0; http://www.uptimerobot.com/)"
201.82.52.30 - - [23/Nov/2015:22:18:05 -0500] "GET / HTTP/1.1" 200 4786 "-" "Mozilla/5.0 (Android 5.1; Mobile; rv:42.0) Gecko/42.0 Firefox/42.0"
201.82.52.30 - - [23/Nov/2015:22:18:05 -0500] "GET /theme/css/style.css HTTP/1.1" 200 2348 "http://hackncast.org/" "Mozilla/5.0 (Android 5.1; Mobile; rv:42.0) Gecko/42.0 Firefox/42.0"
201.82.52.30 - - [23/Nov/2015:22:18:05 -0500] "GET /theme/css/pygments/native.css HTTP/1.1" 200 933 "http://hackncast.org/" "Mozilla/5.0 (Android 5.1; Mobile; rv:42.0) Gecko/42.0 Firefox/42.0"
201.82.52.30 - - [23/Nov/2015:22:18:06 -0500] "GET /theme/js/classie.js HTTP/1.1" 200 691 "http://hackncast.org/" "Mozilla/5.0 (Android 5.1; Mobile; rv:42.0) Gecko/42.0 Firefox/42.0"
201.82.52.30 - - [23/Nov/2015:22:18:06 -0500] "GET /theme/js/cbpAnimatedHeader.js HTTP/1.1" 200 477 "http://hackncast.org/" "Mozilla/5.0 (Android 5.1; Mobile; rv:42.0) Gecko/42.0 Firefox/42.0"
201.82.52.30 - - [23/Nov/2015:22:18:06 -0500] "GET /theme/js/freelancer.js HTTP/1.1" 200 464 "http://hackncast.org/" "Mozilla/5.0 (Android 5.1; Mobile; rv:42.0) Gecko/42.0 Firefox/42.0"
201.82.52.30 - - [23/Nov/2015:22:18:09 -0500] "GET /theme/img/hnc-logo.png HTTP/1.1" 200 4106 "http://hackncast.org/" "Mozilla/5.0 (Android 5.1; Mobile; rv:42.0) Gecko/42.0 Firefox/42.0"
201.82.52.30 - - [23/Nov/2015:22:18:09 -0500] "GET /theme/img/logo.png HTTP/1.1" 200 5219 "http://hackncast.org/" "Mozilla/5.0 (Android 5.1; Mobile; rv:42.0) Gecko/42.0 Firefox/42.0"
201.82.52.30 - - [23/Nov/2015:22:18:09 -0500] "GET /images/v0.x/covers/v0.14-cover-sqr.jpg HTTP/1.1" 200 91397 "http://hackncast.org/" "Mozilla/5.0 (Android 5.1; Mobile; rv:42.0) Gecko/42.0 Firefox/42.0"
201.82.52.30 - - [23/Nov/2015:22:18:09 -0500] "GET /theme/img/mais-episodios.png HTTP/1.1" 200 10612 "http://hackncast.org/" "Mozilla/5.0 (Android 5.1; Mobile; rv:42.0) Gecko/42.0 Firefox/42.0"
201.82.52.30 - - [23/Nov/2015:22:18:10 -0500] "GET /theme/img/avatar.png HTTP/1.1" 200 11923 "http://hackncast.org/" "Mozilla/5.0 (Android 5.1; Mobile; rv:42.0) Gecko/42.0 Firefox/42.0"
201.82.52.30 - - [23/Nov/2015:22:18:14 -0500] "GET /theme/img/mais-episodios.png HTTP/1.1" 200 10612 "http://hackncast.org/" "Mozilla/5.0 (Android 5.1; Mobile; rv:42.0) Gecko/42.0 Firefox/42.0"
201.82.52.30 - - [23/Nov/2015:22:18:16 -0500] "GET /images/v0.x/covers/v0.13-cover-sqr.jpg HTTP/1.1" 200 113143 "http://hackncast.org/" "Mozilla/5.0 (Android 5.1; Mobile; rv:42.0) Gecko/42.0 Firefox/42.0"
201.82.52.30 - - [23/Nov/2015:22:18:16 -0500] "GET /images/v0.x/covers/v0.12-cover-sqr.jpg HTTP/1.1" 200 101051 "http://hackncast.org/" "Mozilla/5.0 (Android 5.1; Mobile; rv:42.0) Gecko/42.0 Firefox/42.0"
201.82.52.30 - - [23/Nov/2015:22:18:17 -0500] "GET /images/v0.x/covers/v0.16-cover-sqr.jpg HTTP/1.1" 200 101051 "http://hackncast.org/" "Mozilla/5.0 (Android 5.1; Mobile; rv:42.0) Gecko/42.0 Firefox/42.0"
201.82.52.30 - - [23/Nov/2015:22:18:19 -0500] "GET /images/v0.x/covers/v0.15-cover-sqr.jpg HTTP/1.1" 200 98155 "http://hackncast.org/" "Mozilla/5.0 (Android 5.1; Mobile; rv:42.0) Gecko/42.0 Firefox/42.0"
208.115.113.93 - - [23/Nov/2015:22:18:20 -0500] "GET /tag/microsoft HTTP/1.1" 200 14369 "-" "Mozilla/5.0 (compatible; DotBot/1.1; http://www.opensiteexplorer.org/dotbot, help@moz.com)"
69.162.124.228 - - [23/Nov/2015:22:18:36 -0500] "GET /bug-form HTTP/1.1" 200 1741 "-" "Mozilla/5.0+(compatible; UptimeRobot/2.0; http://www.uptimerobot.com/)"
69.162.124.228 - - [23/Nov/2015:22:20:37 -0500] "HEAD / HTTP/1.1" 200 0 "-" "Mozilla/5.0+(compatible; UptimeRobot/2.0; http://www.uptimerobot.com/)"
69.162.124.228 - - [23/Nov/2015:22:23:36 -0500] "GET /bug-form HTTP/1.1" 200 1741 "-" "Mozilla/5.0+(compatible; UptimeRobot/2.0; http://www.uptimerobot.com/)"
69.162.124.228 - - [23/Nov/2015:22:25:37 -0500] "HEAD / HTTP/1.1" 200 0 "-" "Mozilla/5.0+(compatible; UptimeRobot/2.0; http://www.uptimerobot.com/)"
69.162.124.228 - - [23/Nov/2015:22:28:36 -0500] "GET /bug-form HTTP/1.1" 200 1740 "-" "Mozilla/5.0+(compatible; UptimeRobot/2.0; http://www.uptimerobot.com/)"
69.162.124.228 - - [23/Nov/2015:22:30:37 -0500] "HEAD / HTTP/1.1" 200 0 "-" "Mozilla/5.0+(compatible; UptimeRobot/2.0; http://www.uptimerobot.com/)"
69.162.124.228 - - [23/Nov/2015:22:33:36 -0500] "GET /bug-form HTTP/1.1" 200 1740 "-" "Mozilla/5.0+(compatible; UptimeRobot/2.0; http://www.uptimerobot.com/)"
62.210.101.170 - - [23/Nov/2015:22:35:22 -0500] "GET / HTTP/1.1" 200 4786 "-" "Go-http-client/1.1"
62.210.101.170 - - [23/Nov/2015:22:35:22 -0500] "GET /.rss HTTP/1.1" 404 136 "-" "Go-http-client/1.1"
62.210.101.170 - - [23/Nov/2015:22:35:23 -0500] "GET /v015-sistemas-embarcados-parte-1 HTTP/1.1" 200 7929 "-" "Go-http-client/1.1"
62.210.101.170 - - [23/Nov/2015:22:35:23 -0500] "GET /atom HTTP/1.1" 404 3314 "-" "Go-http-client/1.1"
62.210.101.170 - - [23/Nov/2015:22:35:23 -0500] "GET /feed HTTP/1.1" 404 3314 "-" "Go-http-client/1.1"
62.210.101.170 - - [23/Nov/2015:22:35:23 -0500] "GET /rss HTTP/1.1" 404 3314 "-" "Go-http-client/1.1"
62.210.101.170 - - [23/Nov/2015:22:35:24 -0500] "GET /atom HTTP/1.1" 404 3314 "-" "Go-http-client/1.1"
62.210.101.170 - - [23/Nov/2015:22:35:25 -0500] "GET /feed HTTP/1.1" 404 3314 "-" "Go-http-client/1.1"
62.210.101.170 - - [23/Nov/2015:22:35:25 -0500] "GET /rss HTTP/1.1" 404 3314 "-" "Go-http-client/1.1"
62.210.101.170 - - [23/Nov/2015:22:35:35 -0500] "GET /.rss HTTP/1.1" 404 136 "-" "Go-http-client/1.1"
62.210.101.170 - - [23/Nov/2015:22:35:35 -0500] "GET / HTTP/1.1" 200 4786 "-" "Go-http-client/1.1"
62.210.101.170 - - [23/Nov/2015:22:35:36 -0500] "GET /feed HTTP/1.1" 404 3314 "-" "Go-http-client/1.1"
62.210.101.170 - - [23/Nov/2015:22:35:36 -0500] "GET /atom HTTP/1.1" 404 3314 "-" "Go-http-client/1.1"
62.210.101.170 - - [23/Nov/2015:22:35:36 -0500] "GET /v015-sistemas-embarcados-parte-1 HTTP/1.1" 200 7929 "-" "Go-http-client/1.1"
62.210.101.170 - - [23/Nov/2015:22:35:36 -0500] "GET /rss HTTP/1.1" 404 3314 "-" "Go-http-client/1.1"
62.210.101.170 - - [23/Nov/2015:22:35:36 -0500] "GET /feed HTTP/1.1" 404 3314 "-" "Go-http-client/1.1"
62.210.101.170 - - [23/Nov/2015:22:35:36 -0500] "GET /rss HTTP/1.1" 404 3314 "-" "Go-http-client/1.1"
62.210.101.170 - - [23/Nov/2015:22:35:37 -0500] "GET /atom HTTP/1.1" 404 3314 "-" "Go-http-client/1.1"
69.162.124.228 - - [23/Nov/2015:22:35:37 -0500] "HEAD / HTTP/1.1" 200 0 "-" "Mozilla/5.0+(compatible; UptimeRobot/2.0; http://www.uptimerobot.com/)"
66.249.83.65 - - [23/Nov/2015:22:35:57 -0500] "GET /feeds.rss HTTP/1.1" 200 59164 "-" "Feedfetcher-Google; (+http://www.google.com/feedfetcher.html; feed-id=16756500131442207872)"
62.210.101.170 - - [23/Nov/2015:22:35:59 -0500] "GET /rss HTTP/1.1" 404 3314 "-" "Go-http-client/1.1"
62.210.101.170 - - [23/Nov/2015:22:35:59 -0500] "GET /v015-sistemas-embarcados-parte-1 HTTP/1.1" 200 7929 "-" "Go-http-client/1.1"
62.210.101.170 - - [23/Nov/2015:22:35:59 -0500] "GET /atom HTTP/1.1" 404 3314 "-" "Go-http-client/1.1"
62.210.101.170 - - [23/Nov/2015:22:35:59 -0500] "GET /.rss HTTP/1.1" 404 136 "-" "Go-http-client/1.1"
62.210.101.170 - - [23/Nov/2015:22:35:59 -0500] "GET / HTTP/1.1" 200 4786 "-" "Go-http-client/1.1"
62.210.101.170 - - [23/Nov/2015:22:35:59 -0500] "GET /feed HTTP/1.1" 404 3314 "-" "Go-http-client/1.1"
62.210.101.170 - - [23/Nov/2015:22:36:00 -0500] "GET /rss HTTP/1.1" 404 3314 "-" "Go-http-client/1.1"
62.210.101.170 - - [23/Nov/2015:22:36:00 -0500] "GET /feed HTTP/1.1" 404 3314 "-" "Go-http-client/1.1"
62.210.101.170 - - [23/Nov/2015:22:36:00 -0500] "GET /atom HTTP/1.1" 404 3314 "-" "Go-http-client/1.1"
62.210.101.170 - - [23/Nov/2015:22:36:43 -0500] "GET /atom HTTP/1.1" 404 3314 "-" "Go-http-client/1.1"
62.210.101.170 - - [23/Nov/2015:22:36:44 -0500] "GET / HTTP/1.1" 200 4786 "-" "Go-http-client/1.1"
62.210.101.170 - - [23/Nov/2015:22:36:44 -0500] "GET /feed HTTP/1.1" 404 3314 "-" "Go-http-client/1.1"
62.210.101.170 - - [23/Nov/2015:22:36:44 -0500] "GET /rss HTTP/1.1" 404 3314 "-" "Go-http-client/1.1"
62.210.101.170 - - [23/Nov/2015:22:36:44 -0500] "GET /v015-sistemas-embarcados-parte-1 HTTP/1.1" 200 7929 "-" "Go-http-client/1.1"
62.210.101.170 - - [23/Nov/2015:22:36:45 -0500] "GET /.rss HTTP/1.1" 404 136 "-" "Go-http-client/1.1"
62.210.101.170 - - [23/Nov/2015:22:36:45 -0500] "GET /atom HTTP/1.1" 404 3314 "-" "Go-http-client/1.1"
62.210.101.170 - - [23/Nov/2015:22:36:45 -0500] "GET /rss HTTP/1.1" 404 3314 "-" "Go-http-client/1.1"
62.210.101.170 - - [23/Nov/2015:22:36:45 -0500] "GET /feed HTTP/1.1" 404 3314 "-" "Go-http-client/1.1"
62.210.101.170 - - [23/Nov/2015:22:36:57 -0500] "GET /rss HTTP/1.1" 404 3314 "-" "Go-http-client/1.1"
62.210.101.170 - - [23/Nov/2015:22:36:57 -0500] "GET /feed HTTP/1.1" 404 3314 "-" "Go-http-client/1.1"
62.210.101.170 - - [23/Nov/2015:22:36:57 -0500] "GET / HTTP/1.1" 200 4786 "-" "Go-http-client/1.1"
62.210.101.170 - - [23/Nov/2015:22:36:57 -0500] "GET /atom HTTP/1.1" 404 3314 "-" "Go-http-client/1.1"
62.210.101.170 - - [23/Nov/2015:22:36:57 -0500] "GET /v015-sistemas-embarcados-parte-1 HTTP/1.1" 200 7929 "-" "Go-http-client/1.1"
62.210.101.170 - - [23/Nov/2015:22:36:57 -0500] "GET /.rss HTTP/1.1" 404 136 "-" "Go-http-client/1.1"
62.210.101.170 - - [23/Nov/2015:22:36:58 -0500] "GET /rss HTTP/1.1" 404 3314 "-" "Go-http-client/1.1"
62.210.101.170 - - [23/Nov/2015:22:36:58 -0500] "GET /atom HTTP/1.1" 404 3314 "-" "Go-http-client/1.1"
62.210.101.170 - - [23/Nov/2015:22:36:58 -0500] "GET /feed HTTP/1.1" 404 3314 "-" "Go-http-client/1.1"
62.210.101.170 - - [23/Nov/2015:22:37:19 -0500] "GET /atom HTTP/1.1" 404 3314 "-" "Go-http-client/1.1"
62.210.101.170 - - [23/Nov/2015:22:37:20 -0500] "GET / HTTP/1.1" 200 4786 "-" "Go-http-client/1.1"
62.210.101.170 - - [23/Nov/2015:22:37:20 -0500] "GET /.rss HTTP/1.1" 404 136 "-" "Go-http-client/1.1"
62.210.101.170 - - [23/Nov/2015:22:37:20 -0500] "GET /v015-sistemas-embarcados-parte-1 HTTP/1.1" 200 7929 "-" "Go-http-client/1.1"
62.210.101.170 - - [23/Nov/2015:22:37:21 -0500] "GET /atom HTTP/1.1" 404 3314 "-" "Go-http-client/1.1"
62.210.101.170 - - [23/Nov/2015:22:37:21 -0500] "GET /feed HTTP/1.1" 404 3314 "-" "Go-http-client/1.1"
62.210.101.170 - - [23/Nov/2015:22:37:21 -0500] "GET /rss HTTP/1.1" 404 3314 "-" "Go-http-client/1.1"
62.210.101.170 - - [23/Nov/2015:22:37:22 -0500] "GET /feed HTTP/1.1" 404 3314 "-" "Go-http-client/1.1"
62.210.101.170 - - [23/Nov/2015:22:37:22 -0500] "GET /rss HTTP/1.1" 404 3314 "-" "Go-http-client/1.1"
62.210.101.170 - - [23/Nov/2015:22:37:52 -0500] "GET /feed HTTP/1.1" 404 3314 "-" "Go-http-client/1.1"
62.210.101.170 - - [23/Nov/2015:22:37:52 -0500] "GET /.rss HTTP/1.1" 404 136 "-" "Go-http-client/1.1"
62.210.101.170 - - [23/Nov/2015:22:37:52 -0500] "GET /atom HTTP/1.1" 404 3314 "-" "Go-http-client/1.1"
62.210.101.170 - - [23/Nov/2015:22:37:52 -0500] "GET /rss HTTP/1.1" 404 3314 "-" "Go-http-client/1.1"
62.210.101.170 - - [23/Nov/2015:22:37:53 -0500] "GET /v015-sistemas-embarcados-parte-1 HTTP/1.1" 200 7929 "-" "Go-http-client/1.1"
62.210.101.170 - - [23/Nov/2015:22:37:53 -0500] "GET / HTTP/1.1" 200 4786 "-" "Go-http-client/1.1"
62.210.101.170 - - [23/Nov/2015:22:37:53 -0500] "GET /feed HTTP/1.1" 404 3314 "-" "Go-http-client/1.1"
62.210.101.170 - - [23/Nov/2015:22:37:54 -0500] "GET /rss HTTP/1.1" 404 3314 "-" "Go-http-client/1.1"
62.210.101.170 - - [23/Nov/2015:22:37:54 -0500] "GET /atom HTTP/1.1" 404 3314 "-" "Go-http-client/1.1"
62.210.101.170 - - [23/Nov/2015:22:38:07 -0500] "GET / HTTP/1.1" 200 4786 "-" "Go-http-client/1.1"
62.210.101.170 - - [23/Nov/2015:22:38:07 -0500] "GET /v015-sistemas-embarcados-parte-1 HTTP/1.1" 200 7929 "-" "Go-http-client/1.1"
62.210.101.170 - - [23/Nov/2015:22:38:07 -0500] "GET /feed HTTP/1.1" 404 3314 "-" "Go-http-client/1.1"
62.210.101.170 - - [23/Nov/2015:22:38:07 -0500] "GET /rss HTTP/1.1" 404 3314 "-" "Go-http-client/1.1"
62.210.101.170 - - [23/Nov/2015:22:38:07 -0500] "GET /.rss HTTP/1.1" 404 136 "-" "Go-http-client/1.1"
62.210.101.170 - - [23/Nov/2015:22:38:07 -0500] "GET /atom HTTP/1.1" 404 3314 "-" "Go-http-client/1.1"
62.210.101.170 - - [23/Nov/2015:22:38:08 -0500] "GET /feed HTTP/1.1" 404 3314 "-" "Go-http-client/1.1"
62.210.101.170 - - [23/Nov/2015:22:38:08 -0500] "GET /rss HTTP/1.1" 404 3314 "-" "Go-http-client/1.1"
62.210.101.170 - - [23/Nov/2015:22:38:09 -0500] "GET /atom HTTP/1.1" 404 3314 "-" "Go-http-client/1.1"
69.162.124.228 - - [23/Nov/2015:22:38:36 -0500] "GET /bug-form HTTP/1.1" 200 1741 "-" "Mozilla/5.0+(compatible; UptimeRobot/2.0; http://www.uptimerobot.com/)"
69.162.124.228 - - [23/Nov/2015:22:40:37 -0500] "HEAD / HTTP/1.1" 200 0 "-" "Mozilla/5.0+(compatible; UptimeRobot/2.0; http://www.uptimerobot.com/)"
189.71.192.237 - - [23/Nov/2015:22:43:23 -0500] "GET /feeds.rss HTTP/1.1" 304 0 "-" "Mozilla/5.0 (Windows NT 6.1; WOW64) AppleWebKit/537.36 (KHTML, like Gecko) Chrome/46.0.2490.86 Safari/537.36"
69.162.124.228 - - [23/Nov/2015:22:43:36 -0500] "GET /bug-form HTTP/1.1" 200 1741 "-" "Mozilla/5.0+(compatible; UptimeRobot/2.0; http://www.uptimerobot.com/)"
69.162.124.228 - - [23/Nov/2015:22:45:37 -0500] "HEAD / HTTP/1.1" 200 0 "-" "Mozilla/5.0+(compatible; UptimeRobot/2.0; http://www.uptimerobot.com/)"
69.162.124.228 - - [23/Nov/2015:22:48:36 -0500] "GET /bug-form HTTP/1.1" 200 1741 "-" "Mozilla/5.0+(compatible; UptimeRobot/2.0; http://www.uptimerobot.com/)"
179.180.10.114 - - [23/Nov/2015:22:48:50 -0500] "GET /v016-sistemas-embarcados-parte-2 HTTP/1.1" 200 8009 "http://www.paulocollares.com.br/" "Mozilla/5.0 (Windows NT 6.3; WOW64; rv:42.0) Gecko/20100101 Firefox/42.0"
179.180.10.114 - - [23/Nov/2015:22:48:51 -0500] "GET /favicon.ico HTTP/1.1" 404 136 "-" "Mozilla/5.0 (Windows NT 6.3; WOW64; rv:42.0) Gecko/20100101 Firefox/42.0"
179.180.10.114 - - [23/Nov/2015:22:48:51 -0500] "GET /v016-sistemas-embarcados-parte-2 HTTP/1.1" 200 8009 "http://www.paulocollares.com.br/" "Mozilla/5.0 (Windows NT 6.3; WOW64; rv:42.0) Gecko/20100101 Firefox/42.0"
179.180.10.114 - - [23/Nov/2015:22:48:51 -0500] "GET /favicon.ico HTTP/1.1" 404 136 "-" "Mozilla/5.0 (Windows NT 6.3; WOW64; rv:42.0) Gecko/20100101 Firefox/42.0"
179.180.10.114 - - [23/Nov/2015:22:48:51 -0500] "GET /theme/css/style.css HTTP/1.1" 200 2348 "http://hackncast.org/v016-sistemas-embarcados-parte-2" "Mozilla/5.0 (Windows NT 6.3; WOW64; rv:42.0) Gecko/20100101 Firefox/42.0"
179.180.10.114 - - [23/Nov/2015:22:48:51 -0500] "GET /theme/css/pygments/native.css HTTP/1.1" 200 933 "http://hackncast.org/v016-sistemas-embarcados-parte-2" "Mozilla/5.0 (Windows NT 6.3; WOW64; rv:42.0) Gecko/20100101 Firefox/42.0"
179.180.10.114 - - [23/Nov/2015:22:48:51 -0500] "GET /theme/css/article.css HTTP/1.1" 200 1237 "http://hackncast.org/v016-sistemas-embarcados-parte-2" "Mozilla/5.0 (Windows NT 6.3; WOW64; rv:42.0) Gecko/20100101 Firefox/42.0"
179.180.10.114 - - [23/Nov/2015:22:48:51 -0500] "GET /theme/img/favicon.ico HTTP/1.1" 200 3885 "-" "Mozilla/5.0 (Windows NT 6.3; WOW64; rv:42.0) Gecko/20100101 Firefox/42.0"
179.180.10.114 - - [23/Nov/2015:22:48:52 -0500] "GET /theme/img/hnc-logo.png HTTP/1.1" 200 4106 "http://hackncast.org/v016-sistemas-embarcados-parte-2" "Mozilla/5.0 (Windows NT 6.3; WOW64; rv:42.0) Gecko/20100101 Firefox/42.0"
179.180.10.114 - - [23/Nov/2015:22:48:53 -0500] "GET /theme/img/dark-static.jpg HTTP/1.1" 200 268023 "http://hackncast.org/theme/css/article.css" "Mozilla/5.0 (Windows NT 6.3; WOW64; rv:42.0) Gecko/20100101 Firefox/42.0"
179.180.10.114 - - [23/Nov/2015:22:48:57 -0500] "GET /images/v0.x/covers/v0.16-cover-wide.jpg HTTP/1.1" 200 553590 "http://hackncast.org/v016-sistemas-embarcados-parte-2" "Mozilla/5.0 (Windows NT 6.3; WOW64; rv:42.0) Gecko/20100101 Firefox/42.0"
69.162.124.228 - - [23/Nov/2015:22:50:37 -0500] "HEAD / HTTP/1.1" 200 0 "-" "Mozilla/5.0+(compatible; UptimeRobot/2.0; http://www.uptimerobot.com/)"
69.162.124.228 - - [23/Nov/2015:22:53:36 -0500] "GET /bug-form HTTP/1.1" 200 1741 "-" "Mozilla/5.0+(compatible; UptimeRobot/2.0; http://www.uptimerobot.com/)"
69.162.124.228 - - [23/Nov/2015:22:55:37 -0500] "HEAD / HTTP/1.1" 200 0 "-" "Mozilla/5.0+(compatible; UptimeRobot/2.0; http://www.uptimerobot.com/)"
208.115.113.93 - - [23/Nov/2015:22:56:37 -0500] "GET /robots.txt HTTP/1.1" 404 162 "-" "Mozilla/5.0 (compatible; DotBot/1.1; http://www.opensiteexplorer.org/dotbot, help@moz.com)"
69.162.124.228 - - [23/Nov/2015:22:58:36 -0500] "GET /bug-form HTTP/1.1" 200 1741 "-" "Mozilla/5.0+(compatible; UptimeRobot/2.0; http://www.uptimerobot.com/)"
69.162.124.228 - - [23/Nov/2015:23:00:37 -0500] "HEAD / HTTP/1.1" 200 0 "-" "Mozilla/5.0+(compatible; UptimeRobot/2.0; http://www.uptimerobot.com/)"
66.249.75.187 - - [23/Nov/2015:23:02:20 -0500] "GET /theme/css/article.css HTTP/1.1" 200 1237 "http://hackncast.org/v02-html-css" "Mozilla/5.0 (compatible; Googlebot/2.1; +http://www.google.com/bot.html)"
69.162.124.228 - - [23/Nov/2015:23:03:36 -0500] "GET /bug-form HTTP/1.1" 200 1741 "-" "Mozilla/5.0+(compatible; UptimeRobot/2.0; http://www.uptimerobot.com/)"
69.162.124.228 - - [23/Nov/2015:23:05:37 -0500] "HEAD / HTTP/1.1" 200 0 "-" "Mozilla/5.0+(compatible; UptimeRobot/2.0; http://www.uptimerobot.com/)"
208.115.111.74 - - [23/Nov/2015:23:07:19 -0500] "GET /v09-chaves-chapolin HTTP/1.1" 200 30012 "-" "Mozilla/5.0 (compatible; DotBot/1.1; http://www.opensiteexplorer.org/dotbot, help@moz.com)"
69.162.124.228 - - [23/Nov/2015:23:08:36 -0500] "GET /bug-form HTTP/1.1" 200 1741 "-" "Mozilla/5.0+(compatible; UptimeRobot/2.0; http://www.uptimerobot.com/)"
69.162.124.228 - - [23/Nov/2015:23:10:37 -0500] "HEAD / HTTP/1.1" 200 0 "-" "Mozilla/5.0+(compatible; UptimeRobot/2.0; http://www.uptimerobot.com/)"
62.163.78.143 - - [23/Nov/2015:23:12:45 -0500] "GET /robots.txt HTTP/1.0" 404 162 "-" "Mozilla/5.0 (compatible; MJ12bot/v1.4.5; http://www.majestic12.co.uk/bot.php?+)"
62.163.78.143 - - [23/Nov/2015:23:12:47 -0500] "GET /feeds/cultura-pop.atom HTTP/1.1" 200 21200 "-" "Mozilla/5.0 (compatible; MJ12bot/v1.4.5; http://www.majestic12.co.uk/bot.php?+)"
66.249.83.127 - - [23/Nov/2015:23:12:48 -0500] "GET /feeds.rss HTTP/1.1" 200 59164 "-" "Feedfetcher-Google; (+http://www.google.com/feedfetcher.html; feed-id=16756500131442207872)"
62.163.78.143 - - [23/Nov/2015:23:12:49 -0500] "GET /feeds/cultura-pop.rss HTTP/1.1" 200 21170 "-" "Mozilla/5.0 (compatible; MJ12bot/v1.4.5; http://www.majestic12.co.uk/bot.php?+)"
62.163.78.143 - - [23/Nov/2015:23:12:50 -0500] "GET /feeds/gnulinux.atom HTTP/1.1" 200 34422 "-" "Mozilla/5.0 (compatible; MJ12bot/v1.4.5; http://www.majestic12.co.uk/bot.php?+)"
62.163.78.143 - - [23/Nov/2015:23:12:53 -0500] "GET /feeds/gnulinux.rss HTTP/1.1" 200 34304 "-" "Mozilla/5.0 (compatible; MJ12bot/v1.4.5; http://www.majestic12.co.uk/bot.php?+)"
62.163.78.143 - - [23/Nov/2015:23:12:55 -0500] "GET /feeds/seguranca.atom HTTP/1.1" 200 13447 "-" "Mozilla/5.0 (compatible; MJ12bot/v1.4.5; http://www.majestic12.co.uk/bot.php?+)"
62.163.78.143 - - [23/Nov/2015:23:12:56 -0500] "GET /feeds/seguranca.rss HTTP/1.1" 200 13230 "-" "Mozilla/5.0 (compatible; MJ12bot/v1.4.5; http://www.majestic12.co.uk/bot.php?+)"
62.163.78.143 - - [23/Nov/2015:23:12:58 -0500] "GET /feeds/softwares.atom HTTP/1.1" 200 25762 "-" "Mozilla/5.0 (compatible; MJ12bot/v1.4.5; http://www.majestic12.co.uk/bot.php?+)"
62.163.78.143 - - [23/Nov/2015:23:13:00 -0500] "GET /feeds/softwares.rss HTTP/1.1" 200 25724 "-" "Mozilla/5.0 (compatible; MJ12bot/v1.4.5; http://www.majestic12.co.uk/bot.php?+)"
62.163.78.143 - - [23/Nov/2015:23:13:01 -0500] "GET /tag/1password HTTP/1.1" 200 14409 "-" "Mozilla/5.0 (compatible; MJ12bot/v1.4.5; http://www.majestic12.co.uk/bot.php?+)"
62.163.78.143 - - [23/Nov/2015:23:13:03 -0500] "GET /tag/ano-novo HTTP/1.1" 200 14541 "-" "Mozilla/5.0 (compatible; MJ12bot/v1.4.5; http://www.majestic12.co.uk/bot.php?+)"
62.163.78.143 - - [23/Nov/2015:23:13:06 -0500] "GET /tag/autenticacao-em-dois-fatores HTTP/1.1" 200 14430 "-" "Mozilla/5.0 (compatible; MJ12bot/v1.4.5; http://www.majestic12.co.uk/bot.php?+)"
62.163.78.143 - - [23/Nov/2015:23:13:08 -0500] "GET /tag/axel-rudi-pell HTTP/1.1" 200 14600 "-" "Mozilla/5.0 (compatible; MJ12bot/v1.4.5; http://www.majestic12.co.uk/bot.php?+)"
62.163.78.143 - - [23/Nov/2015:23:13:10 -0500] "GET /tag/bitlocker HTTP/1.1" 200 14409 "-" "Mozilla/5.0 (compatible; MJ12bot/v1.4.5; http://www.majestic12.co.uk/bot.php?+)"
62.163.78.143 - - [23/Nov/2015:23:13:11 -0500] "GET /tag/black-sabbath HTTP/1.1" 200 14357 "-" "Mozilla/5.0 (compatible; MJ12bot/v1.4.5; http://www.majestic12.co.uk/bot.php?+)"
62.163.78.143 - - [23/Nov/2015:23:13:13 -0500] "GET /tag/btsync HTTP/1.1" 200 14406 "-" "Mozilla/5.0 (compatible; MJ12bot/v1.4.5; http://www.majestic12.co.uk/bot.php?+)"
62.163.78.143 - - [23/Nov/2015:23:13:15 -0500] "GET /tag/bug-report HTTP/1.1" 200 14576 "-" "Mozilla/5.0 (compatible; MJ12bot/v1.4.5; http://www.majestic12.co.uk/bot.php?+)"
62.163.78.143 - - [23/Nov/2015:23:13:17 -0500] "GET /tag/castalio-podcast HTTP/1.1" 200 14549 "-" "Mozilla/5.0 (compatible; MJ12bot/v1.4.5; http://www.majestic12.co.uk/bot.php?+)"
62.163.78.143 - - [23/Nov/2015:23:13:19 -0500] "GET /tag/chapolin HTTP/1.1" 200 14534 "-" "Mozilla/5.0 (compatible; MJ12bot/v1.4.5; http://www.majestic12.co.uk/bot.php?+)"
62.163.78.143 - - [23/Nov/2015:23:13:20 -0500] "GET /tag/chaves HTTP/1.1" 200 14532 "-" "Mozilla/5.0 (compatible; MJ12bot/v1.4.5; http://www.majestic12.co.uk/bot.php?+)"
62.163.78.143 - - [23/Nov/2015:23:13:22 -0500] "GET /tag/chiptune HTTP/1.1" 200 14408 "-" "Mozilla/5.0 (compatible; MJ12bot/v1.4.5; http://www.majestic12.co.uk/bot.php?+)"
62.163.78.143 - - [23/Nov/2015:23:13:30 -0500] "GET /tag/computacao-na-nuvem HTTP/1.1" 200 14421 "-" "Mozilla/5.0 (compatible; MJ12bot/v1.4.5; http://www.majestic12.co.uk/bot.php?+)"
62.163.78.143 - - [23/Nov/2015:23:13:32 -0500] "GET /tag/criptografia HTTP/1.1" 200 14412 "-" "Mozilla/5.0 (compatible; MJ12bot/v1.4.5; http://www.majestic12.co.uk/bot.php?+)"
62.163.78.143 - - [23/Nov/2015:23:13:34 -0500] "GET /tag/css HTTP/1.1" 200 14347 "-" "Mozilla/5.0 (compatible; MJ12bot/v1.4.5; http://www.majestic12.co.uk/bot.php?+)"
62.163.78.143 - - [23/Nov/2015:23:13:35 -0500] "GET /tag/cultura HTTP/1.1" 200 14240 "-" "Mozilla/5.0 (compatible; MJ12bot/v1.4.5; http://www.majestic12.co.uk/bot.php?+)"
69.162.124.228 - - [23/Nov/2015:23:13:36 -0500] "GET /bug-form HTTP/1.1" 200 1741 "-" "Mozilla/5.0+(compatible; UptimeRobot/2.0; http://www.uptimerobot.com/)"
62.163.78.143 - - [23/Nov/2015:23:13:37 -0500] "GET /tag/dennis-ritchie HTTP/1.1" 200 14389 "-" "Mozilla/5.0 (compatible; MJ12bot/v1.4.5; http://www.majestic12.co.uk/bot.php?+)"
62.163.78.143 - - [23/Nov/2015:23:13:39 -0500] "GET /tag/desenvolvimento HTTP/1.1" 200 14601 "-" "Mozilla/5.0 (compatible; MJ12bot/v1.4.5; http://www.majestic12.co.uk/bot.php?+)"
62.163.78.143 - - [23/Nov/2015:23:13:41 -0500] "GET /tag/desvantagens HTTP/1.1" 200 14598 "-" "Mozilla/5.0 (compatible; MJ12bot/v1.4.5; http://www.majestic12.co.uk/bot.php?+)"
62.163.78.143 - - [23/Nov/2015:23:13:43 -0500] "GET /tag/dia-do-podcast HTTP/1.1" 200 14174 "-" "Mozilla/5.0 (compatible; MJ12bot/v1.4.5; http://www.majestic12.co.uk/bot.php?+)"
62.163.78.143 - - [23/Nov/2015:23:13:45 -0500] "GET /tag/dropbox HTTP/1.1" 200 14407 "-" "Mozilla/5.0 (compatible; MJ12bot/v1.4.5; http://www.majestic12.co.uk/bot.php?+)"
62.163.78.143 - - [23/Nov/2015:23:13:47 -0500] "GET /tag/e-mails-descartaveis HTTP/1.1" 200 14421 "-" "Mozilla/5.0 (compatible; MJ12bot/v1.4.5; http://www.majestic12.co.uk/bot.php?+)"
62.163.78.143 - - [23/Nov/2015:23:13:49 -0500] "GET /tag/expotec HTTP/1.1" 200 14367 "-" "Mozilla/5.0 (compatible; MJ12bot/v1.4.5; http://www.majestic12.co.uk/bot.php?+)"
62.163.78.143 - - [23/Nov/2015:23:13:51 -0500] "GET /tag/fappening HTTP/1.1" 200 14409 "-" "Mozilla/5.0 (compatible; MJ12bot/v1.4.5; http://www.majestic12.co.uk/bot.php?+)"
62.163.78.143 - - [23/Nov/2015:23:13:53 -0500] "GET /tag/filevault HTTP/1.1" 200 14409 "-" "Mozilla/5.0 (compatible; MJ12bot/v1.4.5; http://www.majestic12.co.uk/bot.php?+)"
189.71.192.237 - - [23/Nov/2015:23:13:54 -0500] "GET /feeds.rss HTTP/1.1" 304 0 "-" "Mozilla/5.0 (Windows NT 6.1; WOW64) AppleWebKit/537.36 (KHTML, like Gecko) Chrome/46.0.2490.86 Safari/537.36"
62.163.78.143 - - [23/Nov/2015:23:13:55 -0500] "GET /tag/gmail HTTP/1.1" 200 14405 "-" "Mozilla/5.0 (compatible; MJ12bot/v1.4.5; http://www.majestic12.co.uk/bot.php?+)"
62.163.78.143 - - [23/Nov/2015:23:13:57 -0500] "GET /tag/gnu HTTP/1.1" 200 14378 "-" "Mozilla/5.0 (compatible; MJ12bot/v1.4.5; http://www.majestic12.co.uk/bot.php?+)"
62.163.78.143 - - [23/Nov/2015:23:13:58 -0500] "GET /tag/google-drive HTTP/1.1" 200 14412 "-" "Mozilla/5.0 (compatible; MJ12bot/v1.4.5; http://www.majestic12.co.uk/bot.php?+)"
62.163.78.143 - - [23/Nov/2015:23:14:00 -0500] "GET /tag/grok-podcast HTTP/1.1" 200 14545 "-" "Mozilla/5.0 (compatible; MJ12bot/v1.4.5; http://www.majestic12.co.uk/bot.php?+)"
62.163.78.143 - - [23/Nov/2015:23:14:02 -0500] "GET /tag/hash HTTP/1.1" 200 16381 "-" "Mozilla/5.0 (compatible; MJ12bot/v1.4.5; http://www.majestic12.co.uk/bot.php?+)"
62.163.78.143 - - [23/Nov/2015:23:14:03 -0500] "GET /tag/hashapass HTTP/1.1" 200 14409 "-" "Mozilla/5.0 (compatible; MJ12bot/v1.4.5; http://www.majestic12.co.uk/bot.php?+)"
62.163.78.143 - - [23/Nov/2015:23:14:05 -0500] "GET /tag/html HTTP/1.1" 200 14348 "-" "Mozilla/5.0 (compatible; MJ12bot/v1.4.5; http://www.majestic12.co.uk/bot.php?+)"
62.163.78.143 - - [23/Nov/2015:23:14:07 -0500] "GET /tag/icloud HTTP/1.1" 200 14406 "-" "Mozilla/5.0 (compatible; MJ12bot/v1.4.5; http://www.majestic12.co.uk/bot.php?+)"
62.163.78.143 - - [23/Nov/2015:23:14:09 -0500] "GET /tag/indicacoes HTTP/1.1" 200 14172 "-" "Mozilla/5.0 (compatible; MJ12bot/v1.4.5; http://www.majestic12.co.uk/bot.php?+)"
62.163.78.143 - - [23/Nov/2015:23:14:10 -0500] "GET /tag/jogos HTTP/1.1" 200 16362 "-" "Mozilla/5.0 (compatible; MJ12bot/v1.4.5; http://www.majestic12.co.uk/bot.php?+)"
62.163.78.143 - - [23/Nov/2015:23:14:12 -0500] "GET /tag/kansas HTTP/1.1" 200 14381 "-" "Mozilla/5.0 (compatible; MJ12bot/v1.4.5; http://www.majestic12.co.uk/bot.php?+)"
62.163.78.143 - - [23/Nov/2015:23:14:14 -0500] "GET /tag/keepass HTTP/1.1" 200 14407 "-" "Mozilla/5.0 (compatible; MJ12bot/v1.4.5; http://www.majestic12.co.uk/bot.php?+)"
62.163.78.143 - - [23/Nov/2015:23:14:15 -0500] "GET /tag/ken-thompson HTTP/1.1" 200 14387 "-" "Mozilla/5.0 (compatible; MJ12bot/v1.4.5; http://www.majestic12.co.uk/bot.php?+)"
62.163.78.143 - - [23/Nov/2015:23:14:17 -0500] "GET /tag/lastpass HTTP/1.1" 200 14408 "-" "Mozilla/5.0 (compatible; MJ12bot/v1.4.5; http://www.majestic12.co.uk/bot.php?+)"
62.163.78.143 - - [23/Nov/2015:23:14:20 -0500] "GET /tag/linus-torvalds HTTP/1.1" 200 14389 "-" "Mozilla/5.0 (compatible; MJ12bot/v1.4.5; http://www.majestic12.co.uk/bot.php?+)"
62.163.78.143 - - [23/Nov/2015:23:14:22 -0500] "GET /tag/linux HTTP/1.1" 200 16377 "-" "Mozilla/5.0 (compatible; MJ12bot/v1.4.5; http://www.majestic12.co.uk/bot.php?+)"
62.163.78.143 - - [23/Nov/2015:23:14:24 -0500] "GET /tag/minix HTTP/1.1" 200 14380 "-" "Mozilla/5.0 (compatible; MJ12bot/v1.4.5; http://www.majestic12.co.uk/bot.php?+)"
62.163.78.143 - - [23/Nov/2015:23:14:26 -0500] "GET /tag/mit HTTP/1.1" 200 14236 "-" "Mozilla/5.0 (compatible; MJ12bot/v1.4.5; http://www.majestic12.co.uk/bot.php?+)"
62.163.78.143 - - [23/Nov/2015:23:14:27 -0500] "GET /tag/natal HTTP/1.1" 200 14538 "-" "Mozilla/5.0 (compatible; MJ12bot/v1.4.5; http://www.majestic12.co.uk/bot.php?+)"
62.163.78.143 - - [23/Nov/2015:23:14:29 -0500] "GET /tag/novatec HTTP/1.1" 200 14593 "-" "Mozilla/5.0 (compatible; MJ12bot/v1.4.5; http://www.majestic12.co.uk/bot.php?+)"
62.163.78.143 - - [23/Nov/2015:23:14:31 -0500] "GET /tag/nsa HTTP/1.1" 200 14403 "-" "Mozilla/5.0 (compatible; MJ12bot/v1.4.5; http://www.majestic12.co.uk/bot.php?+)"
62.163.78.143 - - [23/Nov/2015:23:14:33 -0500] "GET /tag/nuvem HTTP/1.1" 200 14405 "-" "Mozilla/5.0 (compatible; MJ12bot/v1.4.5; http://www.majestic12.co.uk/bot.php?+)"
62.163.78.143 - - [23/Nov/2015:23:14:35 -0500] "GET /tag/og-maciel HTTP/1.1" 200 14542 "-" "Mozilla/5.0 (compatible; MJ12bot/v1.4.5; http://www.majestic12.co.uk/bot.php?+)"
62.163.78.143 - - [23/Nov/2015:23:14:43 -0500] "GET /tag/openid HTTP/1.1" 200 14406 "-" "Mozilla/5.0 (compatible; MJ12bot/v1.4.5; http://www.majestic12.co.uk/bot.php?+)"
62.163.78.143 - - [23/Nov/2015:23:14:45 -0500] "GET /tag/openssl HTTP/1.1" 200 14407 "-" "Mozilla/5.0 (compatible; MJ12bot/v1.4.5; http://www.majestic12.co.uk/bot.php?+)"
62.163.78.143 - - [23/Nov/2015:23:14:47 -0500] "GET /tag/owncloud HTTP/1.1" 200 14408 "-" "Mozilla/5.0 (compatible; MJ12bot/v1.4.5; http://www.majestic12.co.uk/bot.php?+)"
62.163.78.143 - - [23/Nov/2015:23:14:48 -0500] "GET /tag/particao HTTP/1.1" 200 14410 "-" "Mozilla/5.0 (compatible; MJ12bot/v1.4.5; http://www.majestic12.co.uk/bot.php?+)"
62.163.78.143 - - [23/Nov/2015:23:14:50 -0500] "GET /tag/peer-to-mail HTTP/1.1" 200 14412 "-" "Mozilla/5.0 (compatible; MJ12bot/v1.4.5; http://www.majestic12.co.uk/bot.php?+)"
62.163.78.143 - - [23/Nov/2015:23:14:52 -0500] "GET /tag/podcast/pagina/2/ HTTP/1.1" 301 178 "-" "Mozilla/5.0 (compatible; MJ12bot/v1.4.5; http://www.majestic12.co.uk/bot.php?+)"
62.163.78.143 - - [23/Nov/2015:23:14:53 -0500] "GET /tag/podcast/pagina/2 HTTP/1.1" 404 12166 "-" "Mozilla/5.0 (compatible; MJ12bot/v1.4.5; http://www.majestic12.co.uk/bot.php?+)"
62.163.78.143 - - [23/Nov/2015:23:14:55 -0500] "GET /tag/rafael-rosa-fu HTTP/1.1" 200 14548 "-" "Mozilla/5.0 (compatible; MJ12bot/v1.4.5; http://www.majestic12.co.uk/bot.php?+)"
62.163.78.143 - - [23/Nov/2015:23:14:57 -0500] "GET /tag/recuperacao HTTP/1.1" 200 14579 "-" "Mozilla/5.0 (compatible; MJ12bot/v1.4.5; http://www.majestic12.co.uk/bot.php?+)"
62.163.78.143 - - [23/Nov/2015:23:14:59 -0500] "GET /tag/roberto-gomes-bolanos HTTP/1.1" 200 14549 "-" "Mozilla/5.0 (compatible; MJ12bot/v1.4.5; http://www.majestic12.co.uk/bot.php?+)"
62.163.78.143 - - [23/Nov/2015:23:15:01 -0500] "GET /tag/rush HTTP/1.1" 200 14237 "-" "Mozilla/5.0 (compatible; MJ12bot/v1.4.5; http://www.majestic12.co.uk/bot.php?+)"
62.163.78.143 - - [23/Nov/2015:23:15:02 -0500] "GET /tag/scicast HTTP/1.1" 200 14407 "-" "Mozilla/5.0 (compatible; MJ12bot/v1.4.5; http://www.majestic12.co.uk/bot.php?+)"
62.163.78.143 - - [23/Nov/2015:23:15:04 -0500] "GET /tag/seguranca HTTP/1.1" 200 16407 "-" "Mozilla/5.0 (compatible; MJ12bot/v1.4.5; http://www.majestic12.co.uk/bot.php?+)"
62.163.78.143 - - [23/Nov/2015:23:15:06 -0500] "GET /tag/senhas HTTP/1.1" 200 14406 "-" "Mozilla/5.0 (compatible; MJ12bot/v1.4.5; http://www.majestic12.co.uk/bot.php?+)"
62.163.78.143 - - [23/Nov/2015:23:15:07 -0500] "GET /tag/sha1 HTTP/1.1" 200 14570 "-" "Mozilla/5.0 (compatible; MJ12bot/v1.4.5; http://www.majestic12.co.uk/bot.php?+)"
62.163.78.143 - - [23/Nov/2015:23:15:09 -0500] "GET /tag/softwares HTTP/1.1" 200 14575 "-" "Mozilla/5.0 (compatible; MJ12bot/v1.4.5; http://www.majestic12.co.uk/bot.php?+)"
62.163.78.143 - - [23/Nov/2015:23:15:11 -0500] "GET /tag/sony HTTP/1.1" 200 14404 "-" "Mozilla/5.0 (compatible; MJ12bot/v1.4.5; http://www.majestic12.co.uk/bot.php?+)"
62.163.78.143 - - [23/Nov/2015:23:15:12 -0500] "GET /tag/sorteio HTTP/1.1" 200 14593 "-" "Mozilla/5.0 (compatible; MJ12bot/v1.4.5; http://www.majestic12.co.uk/bot.php?+)"
62.163.78.143 - - [23/Nov/2015:23:15:14 -0500] "GET /tag/spideroak HTTP/1.1" 200 14409 "-" "Mozilla/5.0 (compatible; MJ12bot/v1.4.5; http://www.majestic12.co.uk/bot.php?+)"
62.163.78.143 - - [23/Nov/2015:23:15:16 -0500] "GET /tag/tanenbaum HTTP/1.1" 200 14384 "-" "Mozilla/5.0 (compatible; MJ12bot/v1.4.5; http://www.majestic12.co.uk/bot.php?+)"
62.163.78.143 - - [23/Nov/2015:23:15:18 -0500] "GET /tag/tornado HTTP/1.1" 200 14255 "-" "Mozilla/5.0 (compatible; MJ12bot/v1.4.5; http://www.majestic12.co.uk/bot.php?+)"
62.163.78.143 - - [23/Nov/2015:23:15:20 -0500] "GET /tag/truecrypt HTTP/1.1" 200 14409 "-" "Mozilla/5.0 (compatible; MJ12bot/v1.4.5; http://www.majestic12.co.uk/bot.php?+)"
62.163.78.143 - - [23/Nov/2015:23:15:21 -0500] "GET /tag/vantagens HTTP/1.1" 200 14595 "-" "Mozilla/5.0 (compatible; MJ12bot/v1.4.5; http://www.majestic12.co.uk/bot.php?+)"
62.163.78.143 - - [23/Nov/2015:23:15:23 -0500] "GET /tag/vazamento-de-informacoes HTTP/1.1" 200 14426 "-" "Mozilla/5.0 (compatible; MJ12bot/v1.4.5; http://www.majestic12.co.uk/bot.php?+)"
62.163.78.143 - - [23/Nov/2015:23:15:25 -0500] "GET /tag/vicio HTTP/1.1" 200 14165 "-" "Mozilla/5.0 (compatible; MJ12bot/v1.4.5; http://www.majestic12.co.uk/bot.php?+)"
62.163.78.143 - - [23/Nov/2015:23:15:26 -0500] "GET /tag/virus HTTP/1.1" 200 14591 "-" "Mozilla/5.0 (compatible; MJ12bot/v1.4.5; http://www.majestic12.co.uk/bot.php?+)"
62.163.78.143 - - [23/Nov/2015:23:15:28 -0500] "GET /tag/volume-virtual HTTP/1.1" 200 14414 "-" "Mozilla/5.0 (compatible; MJ12bot/v1.4.5; http://www.majestic12.co.uk/bot.php?+)"
62.163.78.143 - - [23/Nov/2015:23:15:30 -0500] "GET /trilha/cultura-pop HTTP/1.1" 200 16413 "-" "Mozilla/5.0 (compatible; MJ12bot/v1.4.5; http://www.majestic12.co.uk/bot.php?+)"
62.163.78.143 - - [23/Nov/2015:23:15:32 -0500] "GET /trilha/gnulinux HTTP/1.1" 200 16680 "-" "Mozilla/5.0 (compatible; MJ12bot/v1.4.5; http://www.majestic12.co.uk/bot.php?+)"
62.163.78.143 - - [23/Nov/2015:23:15:33 -0500] "GET /trilha/seguranca HTTP/1.1" 200 14711 "-" "Mozilla/5.0 (compatible; MJ12bot/v1.4.5; http://www.majestic12.co.uk/bot.php?+)"
62.163.78.143 - - [23/Nov/2015:23:15:35 -0500] "GET /trilha/softwares HTTP/1.1" 200 16820 "-" "Mozilla/5.0 (compatible; MJ12bot/v1.4.5; http://www.majestic12.co.uk/bot.php?+)"
69.162.124.228 - - [23/Nov/2015:23:15:37 -0500] "HEAD / HTTP/1.1" 200 0 "-" "Mozilla/5.0+(compatible; UptimeRobot/2.0; http://www.uptimerobot.com/)"
69.162.124.228 - - [23/Nov/2015:23:18:36 -0500] "GET /bug-form HTTP/1.1" 200 1741 "-" "Mozilla/5.0+(compatible; UptimeRobot/2.0; http://www.uptimerobot.com/)"
